 PhysXCommon_32

 Timestamp is 605062fa (Tue Mar 16 16:49:14 2021)

 Preferred load address is 10000000

 Start         Length     Name                   Class
 0001:00000000 000044b0H .text$di                CODE
 0001:000044b0 0013fdb2H .text$mn                CODE
 0002:00000000 000000e4H .idata$5                DATA
 0002:000000e4 00000004H .00cfg                  DATA
 0002:000000e8 00000004H .CRT$XCA                DATA
 0002:000000ec 00000a14H .CRT$XCU                DATA
 0002:00000b00 00000004H .CRT$XCZ                DATA
 0002:00000b04 00000004H .CRT$XIA                DATA
 0002:00000b08 00000004H .CRT$XIZ                DATA
 0002:00000b0c 00000004H .CRT$XPA                DATA
 0002:00000b10 00000004H .CRT$XPZ                DATA
 0002:00000b14 00000004H .CRT$XTA                DATA
 0002:00000b18 00000008H .CRT$XTZ                DATA
 0002:00000b1c 00000000H .gfids$y                DATA
 0002:00000b20 00003688H .rdata                  DATA
 0002:000041a8 00000048H .rdata$r                DATA
 0002:000041f0 00000004H .rdata$sxdata           DATA
 0002:000041f4 00000378H .rdata$zzzdbg           DATA
 0002:0000456c 00000004H .rtc$IAA                DATA
 0002:00004570 00000004H .rtc$IZZ                DATA
 0002:00004574 00000004H .rtc$TAA                DATA
 0002:00004578 00000008H .rtc$TZZ                DATA
 0002:00004580 00000084H .xdata$x                DATA
 0002:00004604 00000020H .didat$2                DATA
 0002:00004624 00000020H .didat$3                DATA
 0002:00004644 00000044H .didat$4                DATA
 0002:00004688 000002f4H .didat$6                DATA
 0002:0000497c 00000044H .didat$7                DATA
 0002:000049c0 00009cd0H .edata                  DATA
 0002:0000e690 00000064H .idata$2                DATA
 0002:0000e6f4 00000014H .idata$3                DATA
 0002:0000e708 000000e4H .idata$4                DATA
 0002:0000e7ec 0000047cH .idata$6                DATA
 0003:00000000 00000738H .data                   DATA
 0003:00000738 00000444H .data$r                 DATA
 0003:00000b7c 00000044H .didat$5                DATA
 0003:00000bc0 00002c70H .bss                    DATA
 0004:00000000 00002608H _RDATA                  DATA
 0005:00000000 000000a0H .rsrc$01                DATA
 0005:000000a0 000004b0H .rsrc$02                DATA

  Address         Publics by Value              Rva+Base       Lib:Object

 0000:00000000       ___guard_fids_count        00000000     <absolute>
 0000:00000000       ___AbsoluteZero            00000000     <absolute>
 0000:00000000       ___guard_longjmp_count     00000000     <absolute>
 0000:00000000       ___hybrid_code_map_count   00000000     <absolute>
 0000:00000000       ___guard_iat_count         00000000     <absolute>
 0000:00000000       ___hybrid_auxiliary_iat    00000000     <absolute>
 0000:00000000       ___guard_iat_table         00000000     <absolute>
 0000:00000000       ___guard_longjmp_table     00000000     <absolute>
 0000:00000000       ___dynamic_value_reloc_table 00000000     <absolute>
 0000:00000000       ___hybrid_code_map         00000000     <absolute>
 0000:00000000       ___volatile_metadata       00000000     <absolute>
 0000:00000000       ___enclave_config          00000000     <absolute>
 0000:00000000       ___guard_fids_table        00000000     <absolute>
 0000:00000001       ___safe_se_handler_count   00000001     <absolute>
 0000:00000100       ___guard_flags             00000100     <absolute>
 0000:00000000       ___ImageBase               10000000     <linker-defined>
 0001:000044b0       ?PxCreateCollection@@YAPAVPxCollection@physx@@XZ 100054b0 f   CmCollection.obj
 0001:000045b0       ?add@Collection@Cm@physx@@UAEXAAVPxBase@3@_K@Z 100055b0 f   CmCollection.obj
 0001:00004690       ?remove@Collection@Cm@physx@@UAEXAAVPxBase@3@@Z 10005690 f   CmCollection.obj
 0001:000046e0       ?contains@Collection@Cm@physx@@UBE_NAAVPxBase@3@@Z 100056e0 f   CmCollection.obj
 0001:00004700       ?addId@Collection@Cm@physx@@UAEXAAVPxBase@3@_K@Z 10005700 f   CmCollection.obj
 0001:000047a0       ?removeId@Collection@Cm@physx@@UAEX_K@Z 100057a0 f   CmCollection.obj
 0001:00004800       ?find@Collection@Cm@physx@@UBEPAVPxBase@3@_K@Z 10005800 f   CmCollection.obj
 0001:00004820       ?add@Collection@Cm@physx@@UAEXAAVPxCollection@3@@Z 10005820 f   CmCollection.obj
 0001:00004980       ?remove@Collection@Cm@physx@@UAEXAAVPxCollection@3@@Z 10005980 f   CmCollection.obj
 0001:00004b50       ?getNbObjects@Collection@Cm@physx@@UBEIXZ 10005b50 f   CmCollection.obj
 0001:00004b60       ?getObject@Collection@Cm@physx@@UBEAAVPxBase@3@I@Z 10005b60 f   CmCollection.obj
 0001:00004b70       ?getObjects@Collection@Cm@physx@@UBEIPAPAVPxBase@3@II@Z 10005b70 f   CmCollection.obj
 0001:00004bb0       ?getNbIds@Collection@Cm@physx@@UBEIXZ 10005bb0 f   CmCollection.obj
 0001:00004bc0       ?getId@Collection@Cm@physx@@UBE_KABVPxBase@3@@Z 10005bc0 f   CmCollection.obj
 0001:00004c00       ?getIds@Collection@Cm@physx@@UBEIPA_KII@Z 10005c00 f   CmCollection.obj
 0001:00004cc0       ??1PxCollection@physx@@MAE@XZ 10005cc0 f i CmCollection.obj
 0001:00004cd0       ??_GCollection@Cm@physx@@UAEPAXI@Z 10005cd0 f i CmCollection.obj
 0001:00004cd0       ??_ECollection@Cm@physx@@UAEPAXI@Z 10005cd0 f i CmCollection.obj
 0001:00004d40       ??_EPxCollection@physx@@MAEPAXI@Z 10005d40 f i CmCollection.obj
 0001:00004d40       ??_GPxCollection@physx@@MAEPAXI@Z 10005d40 f i CmCollection.obj
 0001:00004d70       ?__empty_global_delete@@YAXPAX@Z 10005d70 f i CmCollection.obj
 0001:00004d80       ?__empty_global_delete@@YAXPAXI@Z 10005d80 f i CmCollection.obj
 0001:00004d90       ?create@?$HashBase@V?$Pair@$$CB_KPAVPxBase@physx@@@shdfnd@physx@@_KU?$Hash@_K@23@UGetKey@?$HashMapBase@_KPAVPxBase@physx@@U?$Hash@_K@shdfnd@2@VNonTrackingAllocator@42@@internal@23@VNonTrackingAllocator@23@$00@internal@shdfnd@physx@@QAEPAV?$Pair@$$CB_KPAVPxBase@physx@@@34@AB_KAA_N@Z 10005d90 f i CmCollection.obj
 0001:00004e70       ?create@?$HashBase@V?$Pair@QAVPxBase@physx@@_K@shdfnd@physx@@PAVPxBase@3@U?$Hash@PAVPxBase@physx@@@23@UGetKey@?$HashMapBase@PAVPxBase@physx@@_KU?$Hash@PAVPxBase@physx@@@shdfnd@2@VNonTrackingAllocator@42@@internal@23@VNonTrackingAllocator@23@$00@internal@shdfnd@physx@@QAEPAV?$Pair@QAVPxBase@physx@@_K@34@ABQAVPxBase@4@AA_N@Z 10005e70 f i CmCollection.obj
 0001:00004f90       ?erase@?$HashBase@V?$Pair@QAVPxBase@physx@@_K@shdfnd@physx@@PAVPxBase@3@U?$Hash@PAVPxBase@physx@@@23@UGetKey@?$HashMapBase@PAVPxBase@physx@@_KU?$Hash@PAVPxBase@physx@@@shdfnd@2@VNonTrackingAllocator@42@@internal@23@VNonTrackingAllocator@23@$00@internal@shdfnd@physx@@QAE_NABQAVPxBase@4@@Z 10005f90 f i CmCollection.obj
 0001:000050c0       ?erase@?$HashMapBase@_KPAVPxBase@physx@@U?$Hash@_K@shdfnd@2@VNonTrackingAllocator@42@@internal@shdfnd@physx@@QAE_NAB_K@Z 100060c0 f i CmCollection.obj
 0001:000051a0       ?find@?$HashMapBase@PAVPxBase@physx@@_KU?$Hash@PAVPxBase@physx@@@shdfnd@2@VNonTrackingAllocator@42@@internal@shdfnd@physx@@QBEPBV?$Pair@QAVPxBase@physx@@_K@34@ABQAVPxBase@4@@Z 100061a0 f i CmCollection.obj
 0001:00005220       ?find@?$HashMapBase@_KPAVPxBase@physx@@U?$Hash@_K@shdfnd@2@VNonTrackingAllocator@42@@internal@shdfnd@physx@@QBEPBV?$Pair@$$CB_KPAVPxBase@physx@@@34@AB_K@Z 10006220 f i CmCollection.obj
 0001:00005290       ?hash@?$HashBase@V?$Pair@$$CB_KPAVPxBase@physx@@@shdfnd@physx@@_KU?$Hash@_K@23@UGetKey@?$HashMapBase@_KPAVPxBase@physx@@U?$Hash@_K@shdfnd@2@VNonTrackingAllocator@42@@internal@23@VNonTrackingAllocator@23@$00@internal@shdfnd@physx@@ABEIAB_KI@Z 10006290 f i CmCollection.obj
 0001:00005320       ?release@Collection@Cm@physx@@UAEXXZ 10006320 f i CmCollection.obj
 0001:00005330       ?reserveInternal@?$HashBase@V?$Pair@$$CB_KPAVPxBase@physx@@@shdfnd@physx@@_KU?$Hash@_K@23@UGetKey@?$HashMapBase@_KPAVPxBase@physx@@U?$Hash@_K@shdfnd@2@VNonTrackingAllocator@42@@internal@23@VNonTrackingAllocator@23@$00@internal@shdfnd@physx@@AAEXI@Z 10006330 f i CmCollection.obj
 0001:00005550       ?reserveInternal@?$HashBase@V?$Pair@QAVPxBase@physx@@_K@shdfnd@physx@@PAVPxBase@3@U?$Hash@PAVPxBase@physx@@@23@UGetKey@?$HashMapBase@PAVPxBase@physx@@_KU?$Hash@PAVPxBase@physx@@@shdfnd@2@VNonTrackingAllocator@42@@internal@23@VNonTrackingAllocator@23@$00@internal@shdfnd@physx@@AAEXI@Z 10006550 f i CmCollection.obj
 0001:000056f0       ?PxTransformFromPlaneEquation@physx@@YA?AVPxTransform@1@ABVPxPlane@1@@Z 100066f0 f   CmMathUtils.obj
 0001:000058c0       ?PxTransformFromSegment@physx@@YA?AVPxTransform@1@ABVPxVec3@1@0PAM@Z 100068c0 f   CmMathUtils.obj
 0001:00005a20       ??0PtrTable@Cm@physx@@QAE@XZ 10006a20 f   CmPtrTable.obj
 0001:00005a30       ??1PtrTable@Cm@physx@@QAE@XZ 10006a30 f   CmPtrTable.obj
 0001:00005a40       ?add@PtrTable@Cm@physx@@QAEXPAXAAVPtrTableStorageManager@23@@Z 10006a40 f   CmPtrTable.obj
 0001:00005b00       ?replaceWithLast@PtrTable@Cm@physx@@QAEXIAAVPtrTableStorageManager@23@@Z 10006b00 f   CmPtrTable.obj
 0001:00005bd0       ?clear@PtrTable@Cm@physx@@QAEXAAVPtrTableStorageManager@23@@Z 10006bd0 f   CmPtrTable.obj
 0001:00005c30       ?find@PtrTable@Cm@physx@@QBEIPBX@Z 10006c30 f   CmPtrTable.obj
 0001:00005c60       ?exportExtraData@PtrTable@Cm@physx@@QAEXAAVPxSerializationContext@3@@Z 10006c60 f   CmPtrTable.obj
 0001:00005c90       ?importExtraData@PtrTable@Cm@physx@@QAEXAAVPxDeserializationContext@3@@Z 10006c90 f   CmPtrTable.obj
 0001:00005cc0       ?getBinaryMetaData@PtrTable@Cm@physx@@SAXAAVPxOutputStream@3@@Z 10006cc0 f   CmPtrTable.obj
 0001:00005ea0       ?realloc@PtrTable@Cm@physx@@AAEXIIAAVPtrTableStorageManager@23@@Z 10006ea0 f   CmPtrTable.obj
 0001:00005f10       ??0PtrTable@Cm@physx@@QAE@W4PxEMPTY@2@@Z 10006f10 f i CmPtrTable.obj
 0001:00005f30       ??4PtrTable@Cm@physx@@QAEAAU012@ABU012@@Z 10006f30 f i CmPtrTable.obj
 0001:00005f50       ?getCount@PtrTable@Cm@physx@@QBEIXZ 10006f50 f i CmPtrTable.obj
 0001:00005f60       ?getPtrs@PtrTable@Cm@physx@@QAEPAPAXXZ 10006f60 f i CmPtrTable.obj
 0001:00005f70       ?getPtrs@PtrTable@Cm@physx@@QBEPBQAXXZ 10006f70 f i CmPtrTable.obj
 0001:00005f80       ??0RadixSort@Cm@physx@@QAE@XZ 10006f80 f   CmRadixSort.obj
 0001:00005fc0       ??1RadixSort@Cm@physx@@UAE@XZ 10006fc0 f   CmRadixSort.obj
 0001:00005fd0       ?Sort@RadixSort@Cm@physx@@QAEAAV123@PBIIW4RadixHint@23@@Z 10006fd0 f   CmRadixSort.obj
 0001:000065b0       ?Sort@RadixSort@Cm@physx@@QAEAAV123@PBMI@Z 100075b0 f   CmRadixSort.obj
 0001:00006ca0       ?SetBuffers@RadixSort@Cm@physx@@QAE_NPAI00PAPAI@Z 10007ca0 f   CmRadixSort.obj
 0001:00006cf0       ??_ERadixSort@Cm@physx@@UAEPAXI@Z 10007cf0 f i CmRadixSort.obj
 0001:00006d60       ??_GRadixSort@Cm@physx@@UAEPAXI@Z 10007d60 f i CmRadixSort.obj
 0001:00006d90       ??_I@YGXPAXIIP6EX0@Z@Z     10007d90 f i CmRadixSort.obj
 0001:00006dd0       ?GetNbHits@RadixSort@Cm@physx@@QBEIXZ 10007dd0 f i CmRadixSort.obj
 0001:00006de0       ?GetNbTotalCalls@RadixSort@Cm@physx@@QBEIXZ 10007de0 f i CmRadixSort.obj
 0001:00006df0       ?GetRanks@RadixSort@Cm@physx@@QBEPBIXZ 10007df0 f i CmRadixSort.obj
 0001:00006e00       ?GetRecyclable@RadixSort@Cm@physx@@QBEPAIXZ 10007e00 f i CmRadixSort.obj
 0001:00006e10       ?invalidateRanks@RadixSort@Cm@physx@@QAEXXZ 10007e10 f i CmRadixSort.obj
 0001:00006e20       ??0RadixSortBuffered@Cm@physx@@QAE@XZ 10007e20 f   CmRadixSortBuffered.obj
 0001:00006e40       ??1RadixSortBuffered@Cm@physx@@UAE@XZ 10007e40 f   CmRadixSortBuffered.obj
 0001:00006ea0       ?reset@RadixSortBuffered@Cm@physx@@QAEXXZ 10007ea0 f   CmRadixSortBuffered.obj
 0001:00006ef0       ?Sort@RadixSortBuffered@Cm@physx@@QAEAAV123@PBIIW4RadixHint@23@@Z 10007ef0 f   CmRadixSortBuffered.obj
 0001:00006f70       ?Sort@RadixSortBuffered@Cm@physx@@QAEAAV123@PBMI@Z 10007f70 f   CmRadixSortBuffered.obj
 0001:00006fe0       ?Resize@RadixSortBuffered@Cm@physx@@AAE_NI@Z 10007fe0 f   CmRadixSortBuffered.obj
 0001:00007090       ??_ERadixSortBuffered@Cm@physx@@UAEPAXI@Z 10008090 f i CmRadixSortBuffered.obj
 0001:00007160       ??_GRadixSortBuffered@Cm@physx@@UAEPAXI@Z 10008160 f i CmRadixSortBuffered.obj
 0001:00007180       ?CheckResize@RadixSortBuffered@Cm@physx@@AAEXI@Z 10008180 f i CmRadixSortBuffered.obj
 0001:000071b0       ??6RenderOutput@Cm@physx@@QAEAAV012@W4Primitive@012@@Z 100081b0 f   CmRenderOutput.obj
 0001:000071d0       ??6RenderOutput@Cm@physx@@QAEAAV012@I@Z 100081d0 f   CmRenderOutput.obj
 0001:000071e0       ??6RenderOutput@Cm@physx@@QAEAAV012@ABVPxMat44@2@@Z 100081e0 f   CmRenderOutput.obj
 0001:00007200       ??6RenderOutput@Cm@physx@@QAEAAV012@ABVPxTransform@2@@Z 10008200 f   CmRenderOutput.obj
 0001:000073a0       ??6RenderOutput@Cm@physx@@QAEAAV012@VPxVec3@2@@Z 100083a0 f   CmRenderOutput.obj
 0001:00007790       ??6RenderOutput@Cm@physx@@QAEAAV012@ABUDebugText@12@@Z 10008790 f   CmRenderOutput.obj
 0001:00007980       ?outputCapsule@RenderOutput@Cm@physx@@QAEAAV123@MMABVPxMat44@3@@Z 10008980 f   CmRenderOutput.obj
 0001:00008490       ??0DebugText@Cm@physx@@QAA@ABVPxVec3@2@MPBDZZ 10009490 f   CmRenderOutput.obj
 0001:000084f0       ??6Cm@physx@@YAAAVRenderOutput@01@AAV201@ABUDebugBox@01@@Z 100094f0 f   CmRenderOutput.obj
 0001:000089f0       ??6Cm@physx@@YAAAVRenderOutput@01@AAV201@ABUDebugArrow@01@@Z 100099f0 f   CmRenderOutput.obj
 0001:00008dd0       ??6Cm@physx@@YAAAVRenderOutput@01@AAV201@ABUDebugBasis@01@@Z 10009dd0 f   CmRenderOutput.obj
 0001:00008ee0       ??6Cm@physx@@YAAAVRenderOutput@01@AAV201@ABUDebugCircle@01@@Z 10009ee0 f   CmRenderOutput.obj
 0001:00008fb0       ??6Cm@physx@@YAAAVRenderOutput@01@AAV201@ABUDebugArc@01@@Z 10009fb0 f   CmRenderOutput.obj
 0001:000090a0       ??0DebugText@Cm@physx@@QAE@$$QAU012@@Z 1000a0a0 f i CmRenderOutput.obj
 0001:000090f0       ??0DebugText@Cm@physx@@QAE@ABU012@@Z 1000a0f0 f i CmRenderOutput.obj
 0001:00009140       ??0PxDebugLine@physx@@QAE@ABVPxVec3@1@0ABI@Z 1000a140 f i CmRenderOutput.obj
 0001:00009180       ??0PxDebugTriangle@physx@@QAE@ABVPxVec3@1@00ABI@Z 1000a180 f i CmRenderOutput.obj
 0001:000091e0       ??0PxMat44@physx@@QAE@ABV01@@Z 1000a1e0 f i CmRenderOutput.obj
 0001:00009250       ??0RenderOutput@Cm@physx@@QAE@AAVRenderBuffer@12@@Z 1000a250 f i CmRenderOutput.obj
 0001:00009310       ??0RenderOutput@Cm@physx@@QAE@ABV012@@Z 1000a310 f i CmRenderOutput.obj
 0001:00009370       ??4DebugText@Cm@physx@@QAEAAU012@$$QAU012@@Z 1000a370 f i CmRenderOutput.obj
 0001:000093d0       ??4DebugText@Cm@physx@@QAEAAU012@ABU012@@Z 1000a3d0 f i CmRenderOutput.obj
 0001:00009430       ??4PxMat44@physx@@QAEAAV01@ABV01@@Z 1000a430 f i CmRenderOutput.obj
 0001:000094a0       ?allocate@?$Array@DV?$ReflectionAllocator@D@shdfnd@physx@@@shdfnd@physx@@IAEPADI@Z 1000a4a0 f i CmRenderOutput.obj
 0001:00009500       ?allocate@?$Array@UPxDebugLine@physx@@V?$ReflectionAllocator@UPxDebugLine@physx@@@shdfnd@2@@shdfnd@physx@@IAEPAUPxDebugLine@3@I@Z 1000a500 f i CmRenderOutput.obj
 0001:00009570       ?allocate@?$Array@UPxDebugPoint@physx@@V?$ReflectionAllocator@UPxDebugPoint@physx@@@shdfnd@2@@shdfnd@physx@@IAEPAUPxDebugPoint@3@I@Z 1000a570 f i CmRenderOutput.obj
 0001:000095e0       ?allocate@?$Array@UPxDebugText@physx@@V?$ReflectionAllocator@UPxDebugText@physx@@@shdfnd@2@@shdfnd@physx@@IAEPAUPxDebugText@3@I@Z 1000a5e0 f i CmRenderOutput.obj
 0001:00009650       ?allocate@?$Array@UPxDebugTriangle@physx@@V?$ReflectionAllocator@UPxDebugTriangle@physx@@@shdfnd@2@@shdfnd@physx@@IAEPAUPxDebugTriangle@3@I@Z 1000a650 f i CmRenderOutput.obj
 0001:000096c0       ?copy@?$Array@UPxDebugLine@physx@@V?$ReflectionAllocator@UPxDebugLine@physx@@@shdfnd@2@@shdfnd@physx@@KAXPAUPxDebugLine@3@0PBU43@@Z 1000a6c0 f i CmRenderOutput.obj
 0001:00009730       ?copy@?$Array@UPxDebugPoint@physx@@V?$ReflectionAllocator@UPxDebugPoint@physx@@@shdfnd@2@@shdfnd@physx@@KAXPAUPxDebugPoint@3@0PBU43@@Z 1000a730 f i CmRenderOutput.obj
 0001:00009780       ?copy@?$Array@UPxDebugText@physx@@V?$ReflectionAllocator@UPxDebugText@physx@@@shdfnd@2@@shdfnd@physx@@KAXPAUPxDebugText@3@0PBU43@@Z 1000a780 f i CmRenderOutput.obj
 0001:000097e0       ?copy@?$Array@UPxDebugTriangle@physx@@V?$ReflectionAllocator@UPxDebugTriangle@physx@@@shdfnd@2@@shdfnd@physx@@KAXPAUPxDebugTriangle@3@0PBU43@@Z 1000a7e0 f i CmRenderOutput.obj
 0001:00009860       ?growAndPushBack@?$Array@DV?$ReflectionAllocator@D@shdfnd@physx@@@shdfnd@physx@@IAEAADABD@Z 1000a860 f i CmRenderOutput.obj
 0001:000098e0       ?growAndPushBack@?$Array@UPxDebugLine@physx@@V?$ReflectionAllocator@UPxDebugLine@physx@@@shdfnd@2@@shdfnd@physx@@IAEAAUPxDebugLine@3@ABU43@@Z 1000a8e0 f i CmRenderOutput.obj
 0001:00009990       ?growAndPushBack@?$Array@UPxDebugPoint@physx@@V?$ReflectionAllocator@UPxDebugPoint@physx@@@shdfnd@2@@shdfnd@physx@@IAEAAUPxDebugPoint@3@ABU43@@Z 1000a990 f i CmRenderOutput.obj
 0001:00009a20       ?growAndPushBack@?$Array@UPxDebugText@physx@@V?$ReflectionAllocator@UPxDebugText@physx@@@shdfnd@2@@shdfnd@physx@@IAEAAUPxDebugText@3@ABU43@@Z 1000aa20 f i CmRenderOutput.obj
 0001:00009ac0       ?growAndPushBack@?$Array@UPxDebugTriangle@physx@@V?$ReflectionAllocator@UPxDebugTriangle@physx@@@shdfnd@2@@shdfnd@physx@@IAEAAUPxDebugTriangle@3@ABU43@@Z 1000aac0 f i CmRenderOutput.obj
 0001:00009b90       ?outputSegment@RenderOutput@Cm@physx@@QAEXABVPxVec3@3@0@Z 1000ab90 f i CmRenderOutput.obj
 0001:00009c20       ?recreate@?$Array@DV?$ReflectionAllocator@D@shdfnd@physx@@@shdfnd@physx@@IAEXI@Z 1000ac20 f i CmRenderOutput.obj
 0001:00009c80       ?recreate@?$Array@UPxDebugLine@physx@@V?$ReflectionAllocator@UPxDebugLine@physx@@@shdfnd@2@@shdfnd@physx@@IAEXI@Z 1000ac80 f i CmRenderOutput.obj
 0001:00009ce0       ?reserveSegments@RenderOutput@Cm@physx@@QAEPAUPxDebugLine@3@I@Z 1000ace0 f i CmRenderOutput.obj
 0001:00009d40       ?visualizeJointFrames@Cm@physx@@YAXAAVRenderOutput@12@MABVPxTransform@2@1@Z 1000ad40 f   CmVisualization.obj
 0001:00009e00       ?visualizeLinearLimit@Cm@physx@@YAXAAVRenderOutput@12@MABVPxTransform@2@1M_N@Z 1000ae00 f   CmVisualization.obj
 0001:0000a030       ?visualizeAngularLimit@Cm@physx@@YAXAAVRenderOutput@12@MABVPxTransform@2@MM_N@Z 1000b030 f   CmVisualization.obj
 0001:0000a1c0       ?visualizeLimitCone@Cm@physx@@YAXAAVRenderOutput@12@MABVPxTransform@2@MM_N@Z 1000b1c0 f   CmVisualization.obj
 0001:0000a3d0       ?visualizeDoubleCone@Cm@physx@@YAXAAVRenderOutput@12@MABVPxTransform@2@M_N@Z 1000b3d0 f   CmVisualization.obj
 0001:0000a600       ??0CmModuleUpdateLoader@Cm@physx@@QAE@PBD@Z 1000b600 f   CmWindowsModuleUpdateLoader.obj
 0001:0000a630       ??1CmModuleUpdateLoader@Cm@physx@@QAE@XZ 1000b630 f   CmWindowsModuleUpdateLoader.obj
 0001:0000a650       ?LoadModule@CmModuleUpdateLoader@Cm@physx@@QAEPAUHINSTANCE__@@PBD0@Z 1000b650 f   CmWindowsModuleUpdateLoader.obj
 0001:0000a680       ??4CmModuleUpdateLoader@Cm@physx@@QAEAAV012@ABV012@@Z 1000b680 f i CmWindowsModuleUpdateLoader.obj
 0001:0000a6a0       _PxSetPhysXCommonDelayLoadHook 1000b6a0 f   CmWindowsDelayLoadHook.obj
 0001:0000a6b0       ?commonDelayHook@@YGP6GHXZIPAUDelayLoadInfo@@@Z 1000b6b0 f   CmWindowsDelayLoadHook.obj
 0001:0000a750       ?computeBounds@Gu@physx@@YAXAAVPxBounds3@2@ABVPxGeometry@2@ABVPxTransform@2@MPIBVCenterExtentsPadded@12@M@Z 1000b750 f   GuBounds.obj
 0001:0000b160       ?computeBoundsWithCCDThreshold@Gu@physx@@YAMAAVVec3p@12@0ABVPxGeometry@2@ABVPxTransform@2@PIBVCenterExtentsPadded@12@@Z 1000c160 f   GuBounds.obj
 0001:0000b2f0       ??0ShapeData@Gu@physx@@QAE@ABVPxGeometry@2@ABVPxTransform@2@M@Z 1000c2f0 f   GuBounds.obj
 0001:0000b820       ??0Box@Gu@physx@@QAE@ABV012@@Z 1000c820 f i GuBounds.obj
 0001:0000b890       ??0Box@Gu@physx@@QAE@ABVPxVec3@2@0ABVPxMat33@2@@Z 1000c890 f i GuBounds.obj
 0001:0000b900       ??0Box@Gu@physx@@QAE@XZ    1000c900 f i GuBounds.obj
 0001:0000b910       ??0HeightFieldData@Gu@physx@@QAE@$$QAU012@@Z 1000c910 f i GuBounds.obj
 0001:0000b980       ??0HeightFieldData@Gu@physx@@QAE@ABU012@@Z 1000c980 f i GuBounds.obj
 0001:0000b9f0       ??0HeightFieldData@Gu@physx@@QAE@W4PxEMPTY@2@@Z 1000c9f0 f i GuBounds.obj
 0001:0000ba00       ??0HeightFieldData@Gu@physx@@QAE@XZ 1000ca00 f i GuBounds.obj
 0001:0000ba10       ??0PxQuat@physx@@QAE@ABVPxMat33@1@@Z 1000ca10 f i GuBounds.obj
 0001:0000bbd0       ??0PxVec3@physx@@QAE@XZ    1000cbd0 f i GuBounds.obj
 0001:0000bbe0       ??0PxVec4@physx@@QAE@XZ    1000cbe0 f i GuBounds.obj
 0001:0000bbf0       ??1Box@Gu@physx@@QAE@XZ    1000cbf0 f i GuBounds.obj
 0001:0000bc00       ??1HeightFieldData@Gu@physx@@QAE@XZ 1000cc00 f i GuBounds.obj
 0001:0000bc10       ??1PxBase@physx@@MAE@XZ    1000cc10 f i GuBounds.obj
 0001:0000bc20       ??1PxConvexMesh@physx@@MAE@XZ 1000cc20 f i GuBounds.obj
 0001:0000bc30       ??1PxHeightField@physx@@MAE@XZ 1000cc30 f i GuBounds.obj
 0001:0000bc40       ??4Box@Gu@physx@@QAEABV012@ABV012@@Z 1000cc40 f i GuBounds.obj
 0001:0000bcb0       ??4HeightFieldData@Gu@physx@@QAEAAU012@$$QAU012@@Z 1000ccb0 f i GuBounds.obj
 0001:0000bd20       ??4HeightFieldData@Gu@physx@@QAEAAU012@ABU012@@Z 1000cd20 f i GuBounds.obj
 0001:0000bd90       ??_GPxBase@physx@@MAEPAXI@Z 1000cd90 f i GuBounds.obj
 0001:0000bd90       ??_EPxBase@physx@@MAEPAXI@Z 1000cd90 f i GuBounds.obj
 0001:0000bdc0       ??_H@YGXPAXIIP6EPAX0@Z@Z   1000cdc0 f i GuBounds.obj
 0001:0000bdf0       ?computeAABBExtent@Box@Gu@physx@@QBE?AVPxVec3@3@XZ 1000cdf0 f i GuBounds.obj
 0001:0000bea0       ?computeBoxPoints@Box@Gu@physx@@QBEXPIAVPxVec3@3@@Z 1000cea0 f i GuBounds.obj
 0001:0000ce70       ?getConcreteTypeName@PxConvexMesh@physx@@UBEPBDXZ 1000de70 f i GuBounds.obj
 0001:0000ce80       ?getConcreteTypeName@PxHeightField@physx@@UBEPBDXZ 1000de80 f i GuBounds.obj
 0001:0000ce90       ?getConvexEdgeThreshold@HeightField@Gu@physx@@UBEMXZ 1000de90 f i GuBounds.obj
 0001:0000cea0       ?getFlags@HeightField@Gu@physx@@UBE?AV?$PxFlags@W4Enum@PxHeightFieldFlag@physx@@G@3@XZ 1000dea0 f i GuBounds.obj
 0001:0000ceb0       ?getFormat@HeightField@Gu@physx@@UBE?AW4Enum@PxHeightFieldFormat@3@XZ 1000deb0 f i GuBounds.obj
 0001:0000cec0       ?getHeight@HeightField@Gu@physx@@UBEMMM@Z 1000dec0 f i GuBounds.obj
 0001:0000cf20       ?getHeightInternal2@HeightField@Gu@physx@@QBEMIMM@Z 1000df20 f i GuBounds.obj
 0001:0000d070       ?getIndexBuffer@ConvexMesh@Gu@physx@@UBEPBEXZ 1000e070 f i GuBounds.obj
 0001:0000d0b0       ?getNbColumns@HeightField@Gu@physx@@UBEIXZ 1000e0b0 f i GuBounds.obj
 0001:0000d0c0       ?getNbPolygons@ConvexMesh@Gu@physx@@UBEIXZ 1000e0c0 f i GuBounds.obj
 0001:0000d0d0       ?getNbRows@HeightField@Gu@physx@@UBEIXZ 1000e0d0 f i GuBounds.obj
 0001:0000d0e0       ?getNbVertices@ConvexMesh@Gu@physx@@UBEIXZ 1000e0e0 f i GuBounds.obj
 0001:0000d0f0       ?getPaddedBounds@HeightFieldData@Gu@physx@@QBEABVCenterExtentsPadded@23@XZ 1000e0f0 f i GuBounds.obj
 0001:0000d100       ?getSample@HeightField@Gu@physx@@UBEABUPxHeightFieldSample@3@II@Z 1000e100 f i GuBounds.obj
 0001:0000d120       ?getSampleStride@HeightField@Gu@physx@@UBEIXZ 1000e120 f i GuBounds.obj
 0001:0000d130       ?getTimestamp@HeightField@Gu@physx@@UBEIXZ 1000e130 f i GuBounds.obj
 0001:0000d140       ?getTransform@Box@Gu@physx@@QBE?AVPxTransform@3@XZ 1000e140 f i GuBounds.obj
 0001:0000d190       ?getTriangleMaterialIndex@HeightField@Gu@physx@@UBEGI@Z 1000e190 f i GuBounds.obj
 0001:0000d1c0       ?getTriangleNormal@HeightField@Gu@physx@@UBE?AVPxVec3@3@I@Z 1000e1c0 f i GuBounds.obj
 0001:0000d2b0       ?getVertices@ConvexMesh@Gu@physx@@UBEPBVPxVec3@3@XZ 1000e2b0 f i GuBounds.obj
 0001:0000d2c0       ?isKindOf@PxBase@physx@@MBE_NPBD@Z 1000e2c0 f i GuBounds.obj
 0001:0000d310       ?isKindOf@PxConvexMesh@physx@@MBE_NPBD@Z 1000e310 f i GuBounds.obj
 0001:0000d390       ?isKindOf@PxHeightField@physx@@MBE_NPBD@Z 1000e390 f i GuBounds.obj
 0001:0000d410       ?isReleasable@PxBase@physx@@UBE_NXZ 1000e410 f i GuBounds.obj
 0001:0000d420       ?isValid@Box@Gu@physx@@QBE_NXZ 1000e420 f i GuBounds.obj
 0001:0000d440       ?preExportDataReset@ConvexMesh@Gu@physx@@QAEXXZ 1000e440 f i GuBounds.obj
 0001:0000d450       ?preExportDataReset@HeightField@Gu@physx@@QAEXXZ 1000e450 f i GuBounds.obj
 0001:0000d460       ?rotate@Box@Gu@physx@@QBE?AVPxVec3@3@ABV43@@Z 1000e460 f i GuBounds.obj
 0001:0000d4f0       ?rotateInv@Box@Gu@physx@@QBE?AVPxVec3@3@ABV43@@Z 1000e4f0 f i GuBounds.obj
 0001:0000d580       ?setAxes@Box@Gu@physx@@QAEXABVPxVec3@3@00@Z 1000e580 f i GuBounds.obj
 0001:0000d5d0       ?setEmpty@Box@Gu@physx@@QAEXXZ 1000e5d0 f i GuBounds.obj
 0001:0000d640       ?transform@Box@Gu@physx@@QBE?AVPxVec3@3@ABV43@@Z 1000e640 f i GuBounds.obj
 0001:0000d6e0       ?computeOBBPoints@Gu@physx@@YAXPIAVPxVec3@2@ABV32@1111@Z 1000e6e0 f   GuBox.obj
 0001:0000d950       ?create@Box@Gu@physx@@QAEXABVCapsule@23@@Z 1000e950 f   GuBox.obj
 0001:0000db90       ?getBoxEdges@Gu@physx@@YAPBEXZ 1000eb90 f   GuBox.obj
 0001:0000dba0       ?computeBoxAroundCapsule@Gu@physx@@YAXABVCapsule@12@AAVBox@12@@Z 1000eba0 f   GuCapsule.obj
 0001:0000dd20       ?computeBasis@shdfnd@physx@@YAXABVPxVec3@2@0AAV32@11@Z 1000ed20 f i GuCapsule.obj
 0001:0000dec0       ?sweepBoxTriangles_Precise@Gu@physx@@YA_NIPBVPxTriangle@2@_NABVPxBoxGeometry@2@ABVPxTransform@2@ABVPxVec3@2@MAAUPxSweepHit@2@PBIMV?$PxFlags@W4Enum@PxHitFlag@physx@@G@2@@Z 1000eec0 f   GuCCTSweepTests.obj
 0001:0000dfd0       ?sweepCapsule_BoxGeom_Precise@@YA_NABVPxGeometry@physx@@ABVPxTransform@2@ABVPxCapsuleGeometry@2@1ABVCapsule@Gu@2@ABVPxVec3@2@MAAUPxSweepHit@2@V?$PxFlags@W4Enum@PxHitFlag@physx@@G@2@M@Z 1000efd0 f   GuCCTSweepTests.obj
 0001:0000e610       ?sweepBox_SphereGeom_Precise@@YA_NABVPxGeometry@physx@@ABVPxTransform@2@ABVPxBoxGeometry@2@1ABVBox@Gu@2@ABVPxVec3@2@MAAUPxSweepHit@2@V?$PxFlags@W4Enum@PxHitFlag@physx@@G@2@M@Z 1000f610 f   GuCCTSweepTests.obj
 0001:0000e8b0       ?sweepBox_CapsuleGeom_Precise@@YA_NABVPxGeometry@physx@@ABVPxTransform@2@ABVPxBoxGeometry@2@1ABVBox@Gu@2@ABVPxVec3@2@MAAUPxSweepHit@2@V?$PxFlags@W4Enum@PxHitFlag@physx@@G@2@M@Z 1000f8b0 f   GuCCTSweepTests.obj
 0001:0000ec70       ?sweepBox_BoxGeom_Precise@@YA_NABVPxGeometry@physx@@ABVPxTransform@2@ABVPxBoxGeometry@2@1ABVBox@Gu@2@ABVPxVec3@2@MAAUPxSweepHit@2@V?$PxFlags@W4Enum@PxHitFlag@physx@@G@2@M@Z 1000fc70 f   GuCCTSweepTests.obj
 0001:0000ee50       ?sweepBox_HeightFieldGeom_Precise@@YA_NABVPxGeometry@physx@@ABVPxTransform@2@ABVPxBoxGeometry@2@1ABVBox@Gu@2@ABVPxVec3@2@MAAUPxSweepHit@2@V?$PxFlags@W4Enum@PxHitFlag@physx@@G@2@M@Z 1000fe50 f   GuCCTSweepTests.obj
 0001:0000f060       ??0HeightFieldTraceUtil@Gu@physx@@QAE@ABVPxHeightFieldGeometry@2@@Z 10010060 f i GuCCTSweepTests.obj
 0001:0000f0a0       ??0HeightFieldUtil@Gu@physx@@QAE@ABVPxHeightFieldGeometry@2@@Z 100100a0 f i GuCCTSweepTests.obj
 0001:0000f0e0       ??1?$EntityReport@I@Gu@physx@@UAE@XZ 100100e0 f i GuCCTSweepTests.obj
 0001:0000f0f0       ??4HeightFieldTraceUtil@Gu@physx@@QAEAAV012@$$QAV012@@Z 100100f0 f i GuCCTSweepTests.obj
 0001:0000f110       ??4HeightFieldTraceUtil@Gu@physx@@QAEAAV012@ABV012@@Z 10010110 f i GuCCTSweepTests.obj
 0001:0000f130       ??4HeightFieldUtil@Gu@physx@@QAEAAV012@$$QAV012@@Z 10010130 f i GuCCTSweepTests.obj
 0001:0000f160       ??4HeightFieldUtil@Gu@physx@@QAEAAV012@ABV012@@Z 10010160 f i GuCCTSweepTests.obj
 0001:0000f180       ??_E?$EntityReport@I@Gu@physx@@UAEPAXI@Z 10010180 f i GuCCTSweepTests.obj
 0001:0000f180       ??_G?$EntityReport@I@Gu@physx@@UAEPAXI@Z 10010180 f i GuCCTSweepTests.obj
 0001:0000f1e0       ?ceilUp@HeightFieldTraceUtil@Gu@physx@@SAMM@Z 100101e0 f i GuCCTSweepTests.obj
 0001:0000f220       ?computePointNormal@HeightFieldUtil@Gu@physx@@QBE?AVPxVec3@3@IABV43@ABVPxTransform@3@MMMMAAM@Z 10010220 f i GuCCTSweepTests.obj
 0001:0000f630       ?floorDown@HeightFieldTraceUtil@Gu@physx@@SAMM@Z 10010630 f i GuCCTSweepTests.obj
 0001:0000f6a0       ?getFeatureIndex@HeightFieldUtil@Gu@physx@@SAII@Z 100106a0 f i GuCCTSweepTests.obj
 0001:0000f6b0       ?getFeatureType@HeightFieldUtil@Gu@physx@@SA?AW4Feature@123@I@Z 100106b0 f i GuCCTSweepTests.obj
 0001:0000f6c0       ?getHeightAtShapePoint@HeightFieldUtil@Gu@physx@@QBEMMM@Z 100106c0 f i GuCCTSweepTests.obj
 0001:0000f730       ?getHeightField@HeightFieldUtil@Gu@physx@@QBEABVHeightField@23@XZ 10010730 f i GuCCTSweepTests.obj
 0001:0000f740       ?getHeightFieldGeometry@HeightFieldUtil@Gu@physx@@QBEABVPxHeightFieldGeometry@3@XZ 10010740 f i GuCCTSweepTests.obj
 0001:0000f750       ?getNormalAtShapePoint@HeightFieldUtil@Gu@physx@@QBE?AVPxVec3@3@MM@Z 10010750 f i GuCCTSweepTests.obj
 0001:0000f800       ?getNormal_2@HeightField@Gu@physx@@QBE?AVPxVec3@3@IMMMMM@Z 10010800 f i GuCCTSweepTests.obj
 0001:0000f900       ?getOneOverColumnScale@HeightFieldUtil@Gu@physx@@QBEMXZ 10010900 f i GuCCTSweepTests.obj
 0001:0000f910       ?getOneOverHeightScale@HeightFieldUtil@Gu@physx@@QBEMXZ 10010910 f i GuCCTSweepTests.obj
 0001:0000f920       ?getOneOverRowScale@HeightFieldUtil@Gu@physx@@QBEMXZ 10010920 f i GuCCTSweepTests.obj
 0001:0000f930       ?getVertexNormal@HeightFieldUtil@Gu@physx@@QBE?AVPxVec3@3@I@Z 10010930 f i GuCCTSweepTests.obj
 0001:0000f960       ?hf2shapen@HeightFieldUtil@Gu@physx@@QBE?AVPxVec3@3@ABV43@@Z 10010960 f i GuCCTSweepTests.obj
 0001:0000f9a0       ?hf2shapep@HeightFieldUtil@Gu@physx@@QBE?AVPxVec3@3@ABV43@@Z 100109a0 f i GuCCTSweepTests.obj
 0001:0000f9e0       ?hf2worldn@HeightFieldUtil@Gu@physx@@QBE?AVPxVec3@3@ABVPxTransform@3@ABV43@@Z 100109e0 f i GuCCTSweepTests.obj
 0001:0000fb10       ?hf2worldp@HeightFieldUtil@Gu@physx@@QBE?AVPxVec3@3@ABVPxTransform@3@ABV43@@Z 10010b10 f i GuCCTSweepTests.obj
 0001:0000fc50       ?isCollisionVertex@HeightFieldUtil@Gu@physx@@QBE_NIII@Z 10010c50 f i GuCCTSweepTests.obj
 0001:0000fc70       ?isQueryVertex@HeightFieldUtil@Gu@physx@@QBE_NIII@Z 10010c70 f i GuCCTSweepTests.obj
 0001:0000fd00       ?isShapePointOnHeightField@HeightFieldUtil@Gu@physx@@QBE_NMM@Z 10010d00 f i GuCCTSweepTests.obj
 0001:0000fd60       ?makeFeatureCode@HeightFieldUtil@Gu@physx@@SAIIW4Feature@123@@Z 10010d60 f i GuCCTSweepTests.obj
 0001:0000fec0       ?poseExtent@PxBounds3@physx@@SA?AV12@ABVPxTransform@2@ABVPxVec3@2@@Z 10010ec0 f i GuCCTSweepTests.obj
 0001:000100c0       ?shape2hfp@HeightFieldUtil@Gu@physx@@QBE?AVPxVec3@3@ABV43@@Z 100110c0 f i GuCCTSweepTests.obj
 0001:00010e90       ?sweep@PxGeometryQuery@physx@@SA_NABVPxVec3@2@MABVPxGeometry@2@ABVPxTransform@2@12AAUPxSweepHit@2@V?$PxFlags@W4Enum@PxHitFlag@physx@@G@2@M@Z 10011e90 f   GuGeometryQuery.obj
 0001:000112d0       ?overlap@PxGeometryQuery@physx@@SA_NABVPxGeometry@2@ABVPxTransform@2@01@Z 100122d0 f   GuGeometryQuery.obj
 0001:00011350       ?raycast@PxGeometryQuery@physx@@SAIABVPxVec3@2@0ABVPxGeometry@2@ABVPxTransform@2@MV?$PxFlags@W4Enum@PxHitFlag@physx@@G@2@IPIAUPxRaycastHit@2@@Z 10012350 f   GuGeometryQuery.obj
 0001:000113c0       ?computePenetration@PxGeometryQuery@physx@@SA_NAAVPxVec3@2@AAMABVPxGeometry@2@ABVPxTransform@2@23@Z 100123c0 f   GuGeometryQuery.obj
 0001:000114c0       ?pointDistance@PxGeometryQuery@physx@@SAMABVPxVec3@2@ABVPxGeometry@2@ABVPxTransform@2@PAV32@@Z 100124c0 f   GuGeometryQuery.obj
 0001:00011bb0       ?getWorldBounds@PxGeometryQuery@physx@@SA?AVPxBounds3@2@ABVPxGeometry@2@ABVPxTransform@2@M@Z 10012bb0 f   GuGeometryQuery.obj
 0001:00011c10       ?isValid@PxGeometryQuery@physx@@SA_NABVPxGeometry@2@@Z 10012c10 f   GuGeometryQuery.obj
 0001:00011ee0       ?set@GeometryUnion@Gu@physx@@QAEXABVPxGeometry@3@@Z 10012ee0 f   GuGeometryUnion.obj
 0001:000120a0       ??0GeometryUnion@Gu@physx@@QAE@ABVPxGeometry@2@@Z 100130a0 f i GuGeometryUnion.obj
 0001:000120c0       ??0GeometryUnion@Gu@physx@@QAE@W4PxEMPTY@2@@Z 100130c0 f i GuGeometryUnion.obj
 0001:000120d0       ??0GeometryUnion@Gu@physx@@QAE@XZ 100130d0 f i GuGeometryUnion.obj
 0001:000120e0       ??0MaterialIndicesStruct@physx@@QAE@W4PxEMPTY@1@@Z 100130e0 f i GuGeometryUnion.obj
 0001:000120f0       ??0MaterialIndicesStruct@physx@@QAE@XZ 100130f0 f i GuGeometryUnion.obj
 0001:00012100       ??1MaterialIndicesStruct@physx@@QAE@XZ 10013100 f i GuGeometryUnion.obj
 0001:00012110       ??4GeometryUnion@Gu@physx@@QAEAAV012@$$QAV012@@Z 10013110 f i GuGeometryUnion.obj
 0001:00012140       ??4GeometryUnion@Gu@physx@@QAEAAV012@ABV012@@Z 10013140 f i GuGeometryUnion.obj
 0001:00012170       ??4MaterialIndicesStruct@physx@@QAEAAU01@ABU01@@Z 10013170 f i GuGeometryUnion.obj
 0001:00012190       ?allocate@MaterialIndicesStruct@physx@@QAEXG@Z 10013190 f i GuGeometryUnion.obj
 0001:000121e0       ?deallocate@MaterialIndicesStruct@physx@@QAEXXZ 100131e0 f i GuGeometryUnion.obj
 0001:00012210       ?getGeometry@GeometryUnion@Gu@physx@@QBEABVPxGeometry@3@XZ 10013210 f i GuGeometryUnion.obj
 0001:00012220       ?getType@GeometryUnion@Gu@physx@@QBE?AW4Enum@PxGeometryType@3@XZ 10013220 f i GuGeometryUnion.obj
 0001:00012230       ?computeBoxPoints@Gu@physx@@YAXABVPxBounds3@2@PIAVPxVec3@2@@Z 10013230 f   GuInternal.obj
 0001:000122d0       ?computeBoundsAroundVertices@Gu@physx@@YAXAAVPxBounds3@2@IPIBVPxVec3@2@@Z 100132d0 f   GuInternal.obj
 0001:00012360       ?getPlane@Gu@physx@@YA?AVPxPlane@2@ABVPxTransform@2@@Z 10013360 f   GuInternal.obj
 0001:00012400       ?computeSweptBox@Gu@physx@@YAXAAVBox@12@ABVPxVec3@2@1ABVPxMat33@2@1M@Z 10013400 f   GuInternal.obj
 0001:00012910       ??0GuMeshFactory@physx@@QAE@XZ 10013910 f   GuMeshFactory.obj
 0001:00012ae0       ??1GuMeshFactory@physx@@MAE@XZ 10013ae0 f   GuMeshFactory.obj
 0001:00012b80       ?release@GuMeshFactory@physx@@QAEXXZ 10013b80 f   GuMeshFactory.obj
 0001:00012c00       ?addTriangleMesh@GuMeshFactory@physx@@QAEXPAVTriangleMesh@Gu@2@_N@Z 10013c00 f   GuMeshFactory.obj
 0001:00012c60       ?createTriangleMesh@GuMeshFactory@physx@@QAEPAVPxTriangleMesh@2@AAVPxInputStream@2@@Z 10013c60 f   GuMeshFactory.obj
 0001:00012ca0       ?createTriangleMesh@GuMeshFactory@physx@@QAEPAVPxTriangleMesh@2@PAX@Z 10013ca0 f   GuMeshFactory.obj
 0001:00012cb0       ?removeTriangleMesh@GuMeshFactory@physx@@QAE_NAAVPxTriangleMesh@2@@Z 10013cb0 f   GuMeshFactory.obj
 0001:00012cf0       ?getNbTriangleMeshes@GuMeshFactory@physx@@QBEIXZ 10013cf0 f   GuMeshFactory.obj
 0001:00012d10       ?getTriangleMeshes@GuMeshFactory@physx@@QBEIPAPAVPxTriangleMesh@2@II@Z 10013d10 f   GuMeshFactory.obj
 0001:00012d70       ?addConvexMesh@GuMeshFactory@physx@@QAEXPAVConvexMesh@Gu@2@_N@Z 10013d70 f   GuMeshFactory.obj
 0001:00012dd0       ?createConvexMesh@GuMeshFactory@physx@@QAEPAVPxConvexMesh@2@AAVPxInputStream@2@@Z 10013dd0 f   GuMeshFactory.obj
 0001:00012eb0       ?createConvexMesh@GuMeshFactory@physx@@QAEPAVPxConvexMesh@2@PAX@Z 10013eb0 f   GuMeshFactory.obj
 0001:00012ec0       ?removeConvexMesh@GuMeshFactory@physx@@QAE_NAAVPxConvexMesh@2@@Z 10013ec0 f   GuMeshFactory.obj
 0001:00012f00       ?getNbConvexMeshes@GuMeshFactory@physx@@QBEIXZ 10013f00 f   GuMeshFactory.obj
 0001:00012f20       ?getConvexMeshes@GuMeshFactory@physx@@QBEIPAPAVPxConvexMesh@2@II@Z 10013f20 f   GuMeshFactory.obj
 0001:00012f80       ?addHeightField@GuMeshFactory@physx@@QAEXPAVHeightField@Gu@2@_N@Z 10013f80 f   GuMeshFactory.obj
 0001:00012fe0       ?createHeightField@GuMeshFactory@physx@@QAEPAVPxHeightField@2@PAX@Z 10013fe0 f   GuMeshFactory.obj
 0001:000130a0       ?createHeightField@GuMeshFactory@physx@@QAEPAVPxHeightField@2@AAVPxInputStream@2@@Z 100140a0 f   GuMeshFactory.obj
 0001:00013180       ?removeHeightField@GuMeshFactory@physx@@QAE_NAAVPxHeightField@2@@Z 10014180 f   GuMeshFactory.obj
 0001:000131c0       ?getNbHeightFields@GuMeshFactory@physx@@QBEIXZ 100141c0 f   GuMeshFactory.obj
 0001:000131e0       ?getHeightFields@GuMeshFactory@physx@@QBEIPAPAVPxHeightField@2@II@Z 100141e0 f   GuMeshFactory.obj
 0001:00013240       ?addBVHStructure@GuMeshFactory@physx@@QAEXPAVBVHStructure@Gu@2@_N@Z 10014240 f   GuMeshFactory.obj
 0001:000132a0       ?createBVHStructure@GuMeshFactory@physx@@QAEPAVPxBVHStructure@2@AAVPxInputStream@2@@Z 100142a0 f   GuMeshFactory.obj
 0001:00013380       ?createBVHStructure@GuMeshFactory@physx@@QAEPAVPxBVHStructure@2@PAX@Z 10014380 f   GuMeshFactory.obj
 0001:00013390       ?removeBVHStructure@GuMeshFactory@physx@@QAE_NAAVPxBVHStructure@2@@Z 10014390 f   GuMeshFactory.obj
 0001:000133d0       ?getNbBVHStructures@GuMeshFactory@physx@@QBEIXZ 100143d0 f   GuMeshFactory.obj
 0001:00013400       ?getBVHStructures@GuMeshFactory@physx@@QBEIPAPAVPxBVHStructure@2@II@Z 10014400 f   GuMeshFactory.obj
 0001:00013470       ?addFactoryListener@GuMeshFactory@physx@@QAEXAAVGuMeshFactoryListener@2@@Z 10014470 f   GuMeshFactory.obj
 0001:000134d0       ?removeFactoryListener@GuMeshFactory@physx@@QAEXAAVGuMeshFactoryListener@2@@Z 100144d0 f   GuMeshFactory.obj
 0001:00013530       ?notifyFactoryListener@GuMeshFactory@physx@@QAEXPBVPxBase@2@G@Z 10014530 f   GuMeshFactory.obj
 0001:00013570       ?createTriangleMesh@GuMeshFactory@physx@@IAEPAVPxTriangleMesh@2@AAVTriangleMeshData@Gu@2@@Z 10014570 f   GuMeshFactory.obj
 0001:000136a0       ?createConvexMesh@GuMeshFactory@physx@@IAEPAVPxConvexMesh@2@AAUConvexHullInitData@Gu@2@@Z 100146a0 f   GuMeshFactory.obj
 0001:00013760       ?createBVHStructure@GuMeshFactory@physx@@IAEPAVPxBVHStructure@2@AAUBVHStructureData@Gu@2@@Z 10014760 f   GuMeshFactory.obj
 0001:00013820       ??0TriangleMeshData@Gu@physx@@QAE@XZ 10014820 f i GuMeshFactory.obj
 0001:000138c0       ??1BV4TriangleData@Gu@physx@@UAE@XZ 100148c0 f i GuMeshFactory.obj
 0001:000138f0       ??1MeshDataBase@Gu@physx@@UAE@XZ 100148f0 f i GuMeshFactory.obj
 0001:00013990       ??1RTreeTriangleData@Gu@physx@@UAE@XZ 10014990 f i GuMeshFactory.obj
 0001:000139e0       ??1TriangleMeshData@Gu@physx@@UAE@XZ 100149e0 f i GuMeshFactory.obj
 0001:00013a60       ??_EGuMeshFactory@physx@@MAEPAXI@Z 10014a60 f i GuMeshFactory.obj
 0001:00013b20       ??_GBV4TriangleData@Gu@physx@@UAEPAXI@Z 10014b20 f i GuMeshFactory.obj
 0001:00013b20       ??_EBV4TriangleData@Gu@physx@@UAEPAXI@Z 10014b20 f i GuMeshFactory.obj
 0001:00013b80       ??_GGuMeshFactory@physx@@MAEPAXI@Z 10014b80 f i GuMeshFactory.obj
 0001:00013bc0       ??_GMeshDataBase@Gu@physx@@UAEPAXI@Z 10014bc0 f i GuMeshFactory.obj
 0001:00013bc0       ??_EMeshDataBase@Gu@physx@@UAEPAXI@Z 10014bc0 f i GuMeshFactory.obj
 0001:00013c00       ??_GRTreeTriangleData@Gu@physx@@UAEPAXI@Z 10014c00 f i GuMeshFactory.obj
 0001:00013c00       ??_ERTreeTriangleData@Gu@physx@@UAEPAXI@Z 10014c00 f i GuMeshFactory.obj
 0001:00013c80       ??_GTriangleMeshData@Gu@physx@@UAEPAXI@Z 10014c80 f i GuMeshFactory.obj
 0001:00013c80       ??_ETriangleMeshData@Gu@physx@@UAEPAXI@Z 10014c80 f i GuMeshFactory.obj
 0001:00013cc0       ?__global_array_delete@@YAXPAX@Z 10014cc0 f i GuMeshFactory.obj
 0001:00013cd0       ?__global_array_delete@@YAXPAXI@Z 10014cd0 f i GuMeshFactory.obj
 0001:00013ce0       ?__global_delete@@YAXPAX@Z 10014ce0 f i GuMeshFactory.obj
 0001:00013cf0       ?__global_delete@@YAXPAXI@Z 10014cf0 f i GuMeshFactory.obj
 0001:00013d00       ?create@?$HashBase@PAVBVHStructure@Gu@physx@@PAV123@U?$Hash@PAVBVHStructure@Gu@physx@@@shdfnd@3@UGetKey@?$HashSetBase@PAVBVHStructure@Gu@physx@@U?$Hash@PAVBVHStructure@Gu@physx@@@shdfnd@3@VNonTrackingAllocator@53@$00@internal@53@VNonTrackingAllocator@53@$00@internal@shdfnd@physx@@QAEPAPAVBVHStructure@Gu@4@ABQAV564@AA_N@Z 10014d00 f i GuMeshFactory.obj
 0001:00013e30       ?create@?$HashBase@PAVConvexMesh@Gu@physx@@PAV123@U?$Hash@PAVConvexMesh@Gu@physx@@@shdfnd@3@UGetKey@?$HashSetBase@PAVConvexMesh@Gu@physx@@U?$Hash@PAVConvexMesh@Gu@physx@@@shdfnd@3@VNonTrackingAllocator@53@$00@internal@53@VNonTrackingAllocator@53@$00@internal@shdfnd@physx@@QAEPAPAVConvexMesh@Gu@4@ABQAV564@AA_N@Z 10014e30 f i GuMeshFactory.obj
 0001:00013f60       ?create@?$HashBase@PAVHeightField@Gu@physx@@PAV123@U?$Hash@PAVHeightField@Gu@physx@@@shdfnd@3@UGetKey@?$HashSetBase@PAVHeightField@Gu@physx@@U?$Hash@PAVHeightField@Gu@physx@@@shdfnd@3@VNonTrackingAllocator@53@$00@internal@53@VNonTrackingAllocator@53@$00@internal@shdfnd@physx@@QAEPAPAVHeightField@Gu@4@ABQAV564@AA_N@Z 10014f60 f i GuMeshFactory.obj
 0001:00014090       ?create@?$HashBase@PAVTriangleMesh@Gu@physx@@PAV123@U?$Hash@PAVTriangleMesh@Gu@physx@@@shdfnd@3@UGetKey@?$HashSetBase@PAVTriangleMesh@Gu@physx@@U?$Hash@PAVTriangleMesh@Gu@physx@@@shdfnd@3@VNonTrackingAllocator@53@$00@internal@53@VNonTrackingAllocator@53@$00@internal@shdfnd@physx@@QAEPAPAVTriangleMesh@Gu@4@ABQAV564@AA_N@Z 10015090 f i GuMeshFactory.obj
 0001:000141c0       ?erase@?$HashBase@PAVBVHStructure@Gu@physx@@PAV123@U?$Hash@PAVBVHStructure@Gu@physx@@@shdfnd@3@UGetKey@?$HashSetBase@PAVBVHStructure@Gu@physx@@U?$Hash@PAVBVHStructure@Gu@physx@@@shdfnd@3@VNonTrackingAllocator@53@$00@internal@53@VNonTrackingAllocator@53@$00@internal@shdfnd@physx@@QAE_NABQAVBVHStructure@Gu@4@@Z 100151c0 f i GuMeshFactory.obj
 0001:000142e0       ?erase@?$HashBase@PAVConvexMesh@Gu@physx@@PAV123@U?$Hash@PAVConvexMesh@Gu@physx@@@shdfnd@3@UGetKey@?$HashSetBase@PAVConvexMesh@Gu@physx@@U?$Hash@PAVConvexMesh@Gu@physx@@@shdfnd@3@VNonTrackingAllocator@53@$00@internal@53@VNonTrackingAllocator@53@$00@internal@shdfnd@physx@@QAE_NABQAVConvexMesh@Gu@4@@Z 100152e0 f i GuMeshFactory.obj
 0001:00014400       ?erase@?$HashBase@PAVHeightField@Gu@physx@@PAV123@U?$Hash@PAVHeightField@Gu@physx@@@shdfnd@3@UGetKey@?$HashSetBase@PAVHeightField@Gu@physx@@U?$Hash@PAVHeightField@Gu@physx@@@shdfnd@3@VNonTrackingAllocator@53@$00@internal@53@VNonTrackingAllocator@53@$00@internal@shdfnd@physx@@QAE_NABQAVHeightField@Gu@4@@Z 10015400 f i GuMeshFactory.obj
 0001:00014520       ?erase@?$HashBase@PAVTriangleMesh@Gu@physx@@PAV123@U?$Hash@PAVTriangleMesh@Gu@physx@@@shdfnd@3@UGetKey@?$HashSetBase@PAVTriangleMesh@Gu@physx@@U?$Hash@PAVTriangleMesh@Gu@physx@@@shdfnd@3@VNonTrackingAllocator@53@$00@internal@53@VNonTrackingAllocator@53@$00@internal@shdfnd@physx@@QAE_NABQAVTriangleMesh@Gu@4@@Z 10015520 f i GuMeshFactory.obj
 0001:00014640       ?growAndPushBack@?$Array@PAVGuMeshFactoryListener@physx@@V?$ReflectionAllocator@PAVGuMeshFactoryListener@physx@@@shdfnd@2@@shdfnd@physx@@IAEAAPAVGuMeshFactoryListener@3@ABQAV43@@Z 10015640 f i GuMeshFactory.obj
 0001:000153a0       ?reserveInternal@?$HashBase@PAVBVHStructure@Gu@physx@@PAV123@U?$Hash@PAVBVHStructure@Gu@physx@@@shdfnd@3@UGetKey@?$HashSetBase@PAVBVHStructure@Gu@physx@@U?$Hash@PAVBVHStructure@Gu@physx@@@shdfnd@3@VNonTrackingAllocator@53@$00@internal@53@VNonTrackingAllocator@53@$00@internal@shdfnd@physx@@AAEXI@Z 100163a0 f i GuMeshFactory.obj
 0001:00015540       ?reserveInternal@?$HashBase@PAVConvexMesh@Gu@physx@@PAV123@U?$Hash@PAVConvexMesh@Gu@physx@@@shdfnd@3@UGetKey@?$HashSetBase@PAVConvexMesh@Gu@physx@@U?$Hash@PAVConvexMesh@Gu@physx@@@shdfnd@3@VNonTrackingAllocator@53@$00@internal@53@VNonTrackingAllocator@53@$00@internal@shdfnd@physx@@AAEXI@Z 10016540 f i GuMeshFactory.obj
 0001:000156e0       ?reserveInternal@?$HashBase@PAVHeightField@Gu@physx@@PAV123@U?$Hash@PAVHeightField@Gu@physx@@@shdfnd@3@UGetKey@?$HashSetBase@PAVHeightField@Gu@physx@@U?$Hash@PAVHeightField@Gu@physx@@@shdfnd@3@VNonTrackingAllocator@53@$00@internal@53@VNonTrackingAllocator@53@$00@internal@shdfnd@physx@@AAEXI@Z 100166e0 f i GuMeshFactory.obj
 0001:00015880       ?reserveInternal@?$HashBase@PAVTriangleMesh@Gu@physx@@PAV123@U?$Hash@PAVTriangleMesh@Gu@physx@@@shdfnd@3@UGetKey@?$HashSetBase@PAVTriangleMesh@Gu@physx@@U?$Hash@PAVTriangleMesh@Gu@physx@@@shdfnd@3@VNonTrackingAllocator@53@$00@internal@53@VNonTrackingAllocator@53@$00@internal@shdfnd@physx@@AAEXI@Z 10016880 f i GuMeshFactory.obj
 0001:00015a20       ?getBinaryMetaData@HeightField@Gu@physx@@SAXAAVPxOutputStream@3@@Z 10016a20 f   GuMetaData.obj
 0001:00015f60       ?getBinaryMetaData@BigConvexData@physx@@SAXAAVPxOutputStream@2@@Z 10016f60 f   GuMetaData.obj
 0001:000162d0       ?getBinaryMetaData@ConvexMesh@Gu@physx@@SAXAAVPxOutputStream@3@@Z 100172d0 f   GuMetaData.obj
 0001:00016b10       ?getBinaryMetaData@RTree@Gu@physx@@SAXAAVPxOutputStream@3@@Z 10017b10 f   GuMetaData.obj
 0001:00016f10       ?getBinaryMetaData@SourceMesh@Gu@physx@@SAXAAVPxOutputStream@3@@Z 10017f10 f   GuMetaData.obj
 0001:00017140       ?getBinaryMetaData@BV4Tree@Gu@physx@@SAXAAVPxOutputStream@3@@Z 10018140 f   GuMetaData.obj
 0001:00017590       ?getBinaryMetaData@TriangleMesh@Gu@physx@@SAXAAVPxOutputStream@3@@Z 10018590 f   GuMetaData.obj
 0001:00017f40       ?getBinaryMetaData@BV4TriangleMesh@Gu@physx@@SAXAAVPxOutputStream@3@@Z 10018f40 f   GuMetaData.obj
 0001:000182b0       ?getBinaryMetaData@RTreeTriangleMesh@Gu@physx@@SAXAAVPxOutputStream@3@@Z 100192b0 f   GuMetaData.obj
 0001:000183b0       ?getBinaryMetaData@MaterialIndicesStruct@physx@@SAXAAVPxOutputStream@2@@Z 100193b0 f   GuMetaData.obj
 0001:00018540       ?getBinaryMetaData@GeometryUnion@Gu@physx@@SAXAAVPxOutputStream@3@@Z 10019540 f   GuMetaData.obj
 0001:00018e30       ??0BigConvexData@physx@@QAE@W4PxEMPTY@1@@Z 10019e30 f i GuMetaData.obj
 0001:00018e40       ??4BigConvexData@physx@@QAEAAV01@ABV01@@Z 10019e40 f i GuMetaData.obj
 0001:00018e60       ?GetAdjacentVerts@BigConvexData@physx@@QBEPBEXZ 10019e60 f i GuMetaData.obj
 0001:00018e70       ?GetNbNeighbors@BigConvexData@physx@@QBEGI@Z 10019e70 f i GuMetaData.obj
 0001:00018e80       ?GetNbSamples@BigConvexData@physx@@QBEIXZ 10019e80 f i GuMetaData.obj
 0001:00018e90       ?GetNbVerts@BigConvexData@physx@@QBEIXZ 10019e90 f i GuMetaData.obj
 0001:00018ea0       ?GetNeighbors@BigConvexData@physx@@QBEPBEI@Z 10019ea0 f i GuMetaData.obj
 0001:00018ec0       ?GetOffset@BigConvexData@physx@@QBEGI@Z 10019ec0 f i GuMetaData.obj
 0001:00018ed0       ?GetSubdiv@BigConvexData@physx@@QBEIXZ 10019ed0 f i GuMetaData.obj
 0001:00018ee0       ?GetValencies@BigConvexData@physx@@QBEPBUValency@Gu@2@XZ 10019ee0 f i GuMetaData.obj
 0001:00018ef0       ?GetValency@BigConvexData@physx@@QBEGI@Z 10019ef0 f i GuMetaData.obj
 0001:0001a6e0       ?doSupport@?$SupportLocalImpl@VConvexHullV@Gu@physx@@@Gu@physx@@UBE?AT__m128@@ABT4@@Z 1001b6e0 f i GuMTD.obj
 0001:0001a790       ?doSupport@?$SupportLocalImpl@VConvexHullV@Gu@physx@@@Gu@physx@@UBEXABT__m128@@AAT4@1@Z 1001b790 f i GuMTD.obj
 0001:0001aab0       ?populateVerts@?$SupportLocalImpl@VConvexHullV@Gu@physx@@@Gu@physx@@UBEXPBEIPBVPxVec3@3@PAT__m128@@@Z 1001bab0 f i GuMTD.obj
 0001:0001ab20       ??_G?$SupportLocalImpl@VConvexHullV@Gu@physx@@@Gu@physx@@UAEPAXI@Z 1001bb20 f i GuMTD.obj
 0001:0001ab20       ??_E?$SupportLocalImpl@VConvexHullV@Gu@physx@@@Gu@physx@@UAEPAXI@Z 1001bb20 f i GuMTD.obj
 0001:0001ab50       ?doSupport@?$SupportLocalImpl@VConvexHullNoScaleV@Gu@physx@@@Gu@physx@@UBE?AT__m128@@ABT4@@Z 1001bb50 f i GuMTD.obj
 0001:0001ab80       ?doSupport@?$SupportLocalImpl@VConvexHullNoScaleV@Gu@physx@@@Gu@physx@@UBEXABT__m128@@AAT4@1@Z 1001bb80 f i GuMTD.obj
 0001:0001acd0       ?populateVerts@?$SupportLocalImpl@VConvexHullNoScaleV@Gu@physx@@@Gu@physx@@UBEXPBEIPBVPxVec3@3@PAT__m128@@@Z 1001bcd0 f i GuMTD.obj
 0001:0001ad10       ??_E?$SupportLocalImpl@VConvexHullNoScaleV@Gu@physx@@@Gu@physx@@UAEPAXI@Z 1001bd10 f i GuMTD.obj
 0001:0001ad10       ??_G?$SupportLocalImpl@VConvexHullNoScaleV@Gu@physx@@@Gu@physx@@UAEPAXI@Z 1001bd10 f i GuMTD.obj
 0001:0001ad40       ?doSupport@?$SupportLocalImpl@VBoxV@Gu@physx@@@Gu@physx@@UBE?AT__m128@@ABT4@@Z 1001bd40 f i GuMTD.obj
 0001:0001ad70       ?doSupport@?$SupportLocalImpl@VBoxV@Gu@physx@@@Gu@physx@@UBEXABT__m128@@AAT4@1@Z 1001bd70 f i GuMTD.obj
 0001:0001add0       ?populateVerts@?$SupportLocalImpl@VBoxV@Gu@physx@@@Gu@physx@@UBEXPBEIPBVPxVec3@3@PAT__m128@@@Z 1001bdd0 f i GuMTD.obj
 0001:0001ae10       ??_G?$SupportLocalImpl@VBoxV@Gu@physx@@@Gu@physx@@UAEPAXI@Z 1001be10 f i GuMTD.obj
 0001:0001ae10       ??_E?$SupportLocalImpl@VBoxV@Gu@physx@@@Gu@physx@@UAEPAXI@Z 1001be10 f i GuMTD.obj
 0001:0001ae40       ??_GSupportLocal@Gu@physx@@UAEPAXI@Z 1001be40 f i GuMTD.obj
 0001:0001ae40       ??_ESupportLocal@Gu@physx@@UAEPAXI@Z 1001be40 f i GuMTD.obj
 0001:0001ae70       ?pointConvexDistance@@YA_NAAVPxVec3@physx@@0AAMABV12@PBVConvexMesh@Gu@2@ABVPxMeshScale@2@ABVPxTransform@2@@Z 1001be70 f   GuMTD.obj
 0001:0001d2c0       ??$gjk@U?$LocalConvex@VCapsuleV@Gu@physx@@@Gu@physx@@U?$LocalConvex@VConvexHullV@Gu@physx@@@23@@Gu@physx@@YA?AW4GjkStatus@01@ABU?$LocalConvex@VCapsuleV@Gu@physx@@@01@ABU?$LocalConvex@VConvexHullV@Gu@physx@@@01@ABT__m128@@2AAT5@333@Z 1001e2c0 f i GuMTD.obj
 0001:0001e150       ??0ContactPoint@Gu@physx@@QAE@XZ 1001f150 f i GuMTD.obj
 0001:0001e160       ??0HullPolygonData@Gu@physx@@QAE@ABU012@@Z 1001f160 f i GuMTD.obj
 0001:0001e1a0       ??0MeshPersistentContact@Gu@physx@@QAE@XZ 1001f1a0 f i GuMTD.obj
 0001:0001e1b0       ??0MultiplePersistentContactManifold@Gu@physx@@QAE@XZ 1001f1b0 f i GuMTD.obj
 0001:0001e230       ??0PersistentContact@Gu@physx@@QAE@XZ 1001f230 f i GuMTD.obj
 0001:0001e240       ??0PolygonalBox@Gu@physx@@QAE@ABV012@@Z 1001f240 f i GuMTD.obj
 0001:0001e4c0       ??0PxVec3@physx@@QAE@ABV01@@Z 1001f4c0 f i GuMTD.obj
 0001:0001e4e0       ??0SeparatingAxes@Gu@physx@@QAE@$$QAV012@@Z 1001f4e0 f i GuMTD.obj
 0001:0001e5a0       ??0SeparatingAxes@Gu@physx@@QAE@ABV012@@Z 1001f5a0 f i GuMTD.obj
 0001:0001e660       ??0SeparatingAxes@Gu@physx@@QAE@XZ 1001f660 f i GuMTD.obj
 0001:0001e670       ??0SinglePersistentContactManifold@Gu@physx@@QAE@XZ 1001f670 f i GuMTD.obj
 0001:0001e680       ??1GjkConvexBase@Gu@physx@@UAE@XZ 1001f680 f i GuMTD.obj
 0001:0001e690       ??1SupportLocal@Gu@physx@@UAE@XZ 1001f690 f i GuMTD.obj
 0001:0001e6a0       ??4MultiplePersistentContactManifold@Gu@physx@@QAEAAV012@$$QAV012@@Z 1001f6a0 f i GuMTD.obj
 0001:0001e790       ??4MultiplePersistentContactManifold@Gu@physx@@QAEAAV012@ABV012@@Z 1001f790 f i GuMTD.obj
 0001:0001e7b0       ??4SeparatingAxes@Gu@physx@@QAEAAV012@$$QAV012@@Z 1001f7b0 f i GuMTD.obj
 0001:0001e880       ??4SeparatingAxes@Gu@physx@@QAEAAV012@ABV012@@Z 1001f880 f i GuMTD.obj
 0001:0001e950       ??_G?$LocalConvex@VCapsuleV@Gu@physx@@@Gu@physx@@UAEPAXI@Z 1001f950 f i GuMTD.obj
 0001:0001e950       ??_E?$LocalConvex@VCapsuleV@Gu@physx@@@Gu@physx@@UAEPAXI@Z 1001f950 f i GuMTD.obj
 0001:0001e980       ??_G?$LocalConvex@VConvexHullV@Gu@physx@@@Gu@physx@@UAEPAXI@Z 1001f980 f i GuMTD.obj
 0001:0001e980       ??_E?$LocalConvex@VConvexHullV@Gu@physx@@@Gu@physx@@UAEPAXI@Z 1001f980 f i GuMTD.obj
 0001:0001e9b0       ??_EGjkConvex@Gu@physx@@UAEPAXI@Z 1001f9b0 f i GuMTD.obj
 0001:0001e9b0       ??_GGjkConvex@Gu@physx@@UAEPAXI@Z 1001f9b0 f i GuMTD.obj
 0001:0001e9e0       ??_EGjkConvexBase@Gu@physx@@UAEPAXI@Z 1001f9e0 f i GuMTD.obj
 0001:0001e9e0       ??_GGjkConvexBase@Gu@physx@@UAEPAXI@Z 1001f9e0 f i GuMTD.obj
 0001:0001ea10       ??__G@YGXPAX0IIP6EPAX00@Z@Z 1001fa10 f i GuMTD.obj
 0001:0001f030       ?clearManifold@MultiplePersistentContactManifold@Gu@physx@@QAEXXZ 10020030 f i GuMTD.obj
 0001:00022e60       ?getAxes@SeparatingAxes@Gu@physx@@QBEPBVPxVec3@3@XZ 10023e60 f i GuMTD.obj
 0001:00022e70       ?getCenter@?$LocalConvex@VCapsuleV@Gu@physx@@@Gu@physx@@UBE?AT__m128@@XZ 10023e70 f i GuMTD.obj
 0001:00022e80       ?getCenter@?$LocalConvex@VConvexHullV@Gu@physx@@@Gu@physx@@UBE?AT__m128@@XZ 10023e80 f i GuMTD.obj
 0001:00022e90       ?getEmptyManifold@MultiplePersistentContactManifold@Gu@physx@@QAEPAVSinglePersistentContactManifold@23@XZ 10023e90 f i GuMTD.obj
 0001:00022eb0       ?getManifold@MultiplePersistentContactManifold@Gu@physx@@QAEPAVSinglePersistentContactManifold@23@I@Z 10023eb0 f i GuMTD.obj
 0001:00022ed0       ?getNumAxes@SeparatingAxes@Gu@physx@@QBEIXZ 10023ed0 f i GuMTD.obj
 0001:00022ee0       ?getSweepMargin@?$LocalConvex@VCapsuleV@Gu@physx@@@Gu@physx@@UBE?AT__m128@@XZ 10023ee0 f i GuMTD.obj
 0001:00022ef0       ?getSweepMargin@?$LocalConvex@VConvexHullV@Gu@physx@@@Gu@physx@@UBE?AT__m128@@XZ 10023ef0 f i GuMTD.obj
 0001:00022f10       ?getSweepMargin@GjkConvex@Gu@physx@@UBE?AT__m128@@XZ 10023f10 f i GuMTD.obj
 0001:00022f20       ?hillClimbing@ConvexHullV@Gu@physx@@QBEIABT__m128@@@Z 10023f20 f i GuMTD.obj
 0001:000231e0       ?initialize@MultiplePersistentContactManifold@Gu@physx@@QAEXXZ 100241e0 f i GuMTD.obj
 0001:00023250       ?invalidate@MultiplePersistentContactManifold@Gu@physx@@QAEIABVPsTransformV@aos@shdfnd@3@ABT__m128@@1@Z 10024250 f i GuMTD.obj
 0001:000232e0       ?invalidate@MultiplePersistentContactManifold@Gu@physx@@QAEIABVPsTransformV@aos@shdfnd@3@ABT__m128@@@Z 100242e0 f i GuMTD.obj
 0001:00023370       ?maxTransformPositionDelta@MultiplePersistentContactManifold@Gu@physx@@QAE?AT__m128@@ABT4@@Z 10024370 f i GuMTD.obj
 0001:000233b0       ?maxTransformQuatDelta@MultiplePersistentContactManifold@Gu@physx@@QAE?AT__m128@@ABT4@@Z 100243b0 f i GuMTD.obj
 0001:000235d0       ?reduceManifoldContactsInDifferentPatches@MultiplePersistentContactManifold@Gu@physx@@QAEIPAPAUPCMContactPatch@23@IPAVMeshPersistentContact@23@IABT__m128@@@Z 100245d0 f i GuMTD.obj
 0001:00023730       ?refineContactPatchConnective@MultiplePersistentContactManifold@Gu@physx@@QAEXPAPAUPCMContactPatch@23@IPAVMeshPersistentContact@23@ABT__m128@@@Z 10024730 f i GuMTD.obj
 0001:000237f0       ?refreshManifold@MultiplePersistentContactManifold@Gu@physx@@QAEXABVPsMatTransformV@aos@shdfnd@3@ABT__m128@@1@Z 100247f0 f i GuMTD.obj
 0001:000238d0       ?reset@SeparatingAxes@Gu@physx@@QAEXXZ 100248d0 f i GuMTD.obj
 0001:000238e0       ?setRelativeTransform@MultiplePersistentContactManifold@Gu@physx@@QAEXABVPsTransformV@aos@shdfnd@3@@Z 100248e0 f i GuMTD.obj
 0001:00023900       ?support@?$LocalConvex@VCapsuleV@Gu@physx@@@Gu@physx@@UBE?AT__m128@@ABT4@@Z 10024900 f i GuMTD.obj
 0001:00023960       ?support@?$LocalConvex@VCapsuleV@Gu@physx@@@Gu@physx@@UBE?AT__m128@@ABT4@AAH@Z 10024960 f i GuMTD.obj
 0001:000239e0       ?support@?$LocalConvex@VConvexHullV@Gu@physx@@@Gu@physx@@UBE?AT__m128@@ABT4@@Z 100249e0 f i GuMTD.obj
 0001:00023a90       ?support@?$LocalConvex@VConvexHullV@Gu@physx@@@Gu@physx@@UBE?AT__m128@@ABT4@AAH@Z 10024a90 f i GuMTD.obj
 0001:00023b40       ?support@GjkConvex@Gu@physx@@UBE?AT__m128@@ABT4@@Z 10024b40 f i GuMTD.obj
 0001:00023b60       ?support@GjkConvex@Gu@physx@@UBE?AT__m128@@ABT4@AAH@Z 10024b60 f i GuMTD.obj
 0001:00023b80       ?supportPoint@?$LocalConvex@VCapsuleV@Gu@physx@@@Gu@physx@@UBE?AT__m128@@H@Z 10024b80 f i GuMTD.obj
 0001:00023ba0       ?supportPoint@?$LocalConvex@VConvexHullV@Gu@physx@@@Gu@physx@@UBE?AT__m128@@H@Z 10024ba0 f i GuMTD.obj
 0001:00023bf0       ?supportPoint@GjkConvex@Gu@physx@@UBE?AT__m128@@H@Z 10024bf0 f i GuMTD.obj
 0001:00023c10       ?supportVertexIndex@ConvexHullV@Gu@physx@@QBEIABT__m128@@@Z 10024c10 f i GuMTD.obj
 0001:00023cc0       ?toBuffer@MultiplePersistentContactManifold@Gu@physx@@QAEXPIAE@Z 10024cc0 f i GuMTD.obj
 0001:00023da0       ?supportPoint@?$RelativeConvex@VBoxV@Gu@physx@@@Gu@physx@@UBE?AT__m128@@H@Z 10024da0 f i GuOverlapTests.obj
 0001:00023e00       ?support@?$RelativeConvex@VBoxV@Gu@physx@@@Gu@physx@@UBE?AT__m128@@ABT4@@Z 10024e00 f i GuOverlapTests.obj
 0001:00023e80       ?support@?$RelativeConvex@VBoxV@Gu@physx@@@Gu@physx@@UBE?AT__m128@@ABT4@AAH@Z 10024e80 f i GuOverlapTests.obj
 0001:00023f10       ?getCenter@?$RelativeConvex@VBoxV@Gu@physx@@@Gu@physx@@UBE?AT__m128@@XZ 10024f10 f i GuOverlapTests.obj
 0001:00023f50       ?getSweepMargin@?$RelativeConvex@VBoxV@Gu@physx@@@Gu@physx@@UBE?AT__m128@@XZ 10024f50 f i GuOverlapTests.obj
 0001:00023f70       ??_G?$RelativeConvex@VBoxV@Gu@physx@@@Gu@physx@@UAEPAXI@Z 10024f70 f i GuOverlapTests.obj
 0001:00023f70       ??_E?$RelativeConvex@VBoxV@Gu@physx@@@Gu@physx@@UAEPAXI@Z 10024f70 f i GuOverlapTests.obj
 0001:00023fb0       ?getOverlapFuncTable@Gu@physx@@YAPAY06Q6A_NABVPxGeometry@2@ABVPxTransform@2@01PAUTriggerCache@12@@ZXZ 10024fb0 f   GuOverlapTests.obj
 0001:00023fc0       ?registerHeightFields@Gu@physx@@YAXXZ 10024fc0 f   GuOverlapTests.obj
 0001:00026380       ?supportPoint@?$RelativeConvex@VConvexHullV@Gu@physx@@@Gu@physx@@UBE?AT__m128@@H@Z 10027380 f i GuOverlapTests.obj
 0001:00026400       ?support@?$RelativeConvex@VConvexHullV@Gu@physx@@@Gu@physx@@UBE?AT__m128@@ABT4@@Z 10027400 f i GuOverlapTests.obj
 0001:00026500       ?support@?$RelativeConvex@VConvexHullV@Gu@physx@@@Gu@physx@@UBE?AT__m128@@ABT4@AAH@Z 10027500 f i GuOverlapTests.obj
 0001:00026600       ?getCenter@?$RelativeConvex@VConvexHullV@Gu@physx@@@Gu@physx@@UBE?AT__m128@@XZ 10027600 f i GuOverlapTests.obj
 0001:00026640       ?getSweepMargin@?$RelativeConvex@VConvexHullV@Gu@physx@@@Gu@physx@@UBE?AT__m128@@XZ 10027640 f i GuOverlapTests.obj
 0001:00026660       ??_G?$RelativeConvex@VConvexHullV@Gu@physx@@@Gu@physx@@UAEPAXI@Z 10027660 f i GuOverlapTests.obj
 0001:00026660       ??_E?$RelativeConvex@VConvexHullV@Gu@physx@@@Gu@physx@@UAEPAXI@Z 10027660 f i GuOverlapTests.obj
 0001:00026690       ??$gjk@U?$RelativeConvex@VBoxV@Gu@physx@@@Gu@physx@@U?$LocalConvex@VConvexHullV@Gu@physx@@@23@@Gu@physx@@YA?AW4GjkStatus@01@ABU?$RelativeConvex@VBoxV@Gu@physx@@@01@ABU?$LocalConvex@VConvexHullV@Gu@physx@@@01@ABT__m128@@2AAT5@333@Z 10027690 f i GuOverlapTests.obj
 0001:00027560       ??$gjk@U?$RelativeConvex@VConvexHullV@Gu@physx@@@Gu@physx@@U?$LocalConvex@VConvexHullV@Gu@physx@@@23@@Gu@physx@@YA?AW4GjkStatus@01@ABU?$RelativeConvex@VConvexHullV@Gu@physx@@@01@ABU?$LocalConvex@VConvexHullV@Gu@physx@@@01@ABT__m128@@2AAT5@333@Z 10028560 f i GuOverlapTests.obj
 0001:000284a0       ?ComputeCubemapNearestOffset@physx@@YAIABVPxVec3@1@I@Z 100294a0 f i GuOverlapTests.obj
 0001:0002a1b0       ?getRaycastFuncTable@Gu@physx@@YAAAY06Q6AIABVPxGeometry@2@ABVPxTransform@2@ABVPxVec3@2@2MV?$PxFlags@W4Enum@PxHitFlag@physx@@G@2@IPIAUPxRaycastHit@2@@ZXZ 1002b1b0 f   GuRaycastTests.obj
 0001:0002a1c0       ?raycast_box@@YAIABVPxGeometry@physx@@ABVPxTransform@2@ABVPxVec3@2@2MV?$PxFlags@W4Enum@PxHitFlag@physx@@G@2@IPIAUPxRaycastHit@2@@Z 1002b1c0 f   GuRaycastTests.obj
 0001:0002a800       ?raycast_sphere@@YAIABVPxGeometry@physx@@ABVPxTransform@2@ABVPxVec3@2@2MV?$PxFlags@W4Enum@PxHitFlag@physx@@G@2@IPIAUPxRaycastHit@2@@Z 1002b800 f   GuRaycastTests.obj
 0001:0002a970       ?raycast_capsule@@YAIABVPxGeometry@physx@@ABVPxTransform@2@ABVPxVec3@2@2MV?$PxFlags@W4Enum@PxHitFlag@physx@@G@2@IPIAUPxRaycastHit@2@@Z 1002b970 f   GuRaycastTests.obj
 0001:0002ae70       ?raycast_plane@@YAIABVPxGeometry@physx@@ABVPxTransform@2@ABVPxVec3@2@2MV?$PxFlags@W4Enum@PxHitFlag@physx@@G@2@IPIAUPxRaycastHit@2@@Z 1002be70 f   GuRaycastTests.obj
 0001:0002afa0       ?raycast_convexMesh@@YAIABVPxGeometry@physx@@ABVPxTransform@2@ABVPxVec3@2@2MV?$PxFlags@W4Enum@PxHitFlag@physx@@G@2@IPIAUPxRaycastHit@2@@Z 1002bfa0 f   GuRaycastTests.obj
 0001:0002bc70       ?raycast_triangleMesh@@YAIABVPxGeometry@physx@@ABVPxTransform@2@ABVPxVec3@2@2MV?$PxFlags@W4Enum@PxHitFlag@physx@@G@2@IPIAUPxRaycastHit@2@@Z 1002cc70 f   GuRaycastTests.obj
 0001:0002bcc0       ?raycast_heightField@@YAIABVPxGeometry@physx@@ABVPxTransform@2@ABVPxVec3@2@2MV?$PxFlags@W4Enum@PxHitFlag@physx@@G@2@IPIAUPxRaycastHit@2@@Z 1002ccc0 f   GuRaycastTests.obj
 0001:0002c500       ?registerHeightFields_Raycasts@@YAXXZ 1002d500 f   GuRaycastTests.obj
 0001:0002dc10       ??Dphysx@@YA?AVMatrix34@Cm@0@ABVPxMeshScale@0@ABVPxTransform@0@@Z 1002ec10 f i GuRaycastTests.obj
 0001:0002e7f0       ?readChunk@physx@@YAXAAC000AAVPxInputStream@1@@Z 1002f7f0 f   GuSerialize.obj
 0001:0002e830       ?readWord@physx@@YAG_NAAVPxInputStream@1@@Z 1002f830 f   GuSerialize.obj
 0001:0002e860       ?readDword@physx@@YAI_NAAVPxInputStream@1@@Z 1002f860 f   GuSerialize.obj
 0001:0002e8a0       ?readFloat@physx@@YAM_NAAVPxInputStream@1@@Z 1002f8a0 f   GuSerialize.obj
 0001:0002e8e0       ?writeWord@physx@@YAXG_NAAVPxOutputStream@1@@Z 1002f8e0 f   GuSerialize.obj
 0001:0002e910       ?writeDword@physx@@YAXI_NAAVPxOutputStream@1@@Z 1002f910 f   GuSerialize.obj
 0001:0002e950       ?writeFloat@physx@@YAXM_NAAVPxOutputStream@1@@Z 1002f950 f   GuSerialize.obj
 0001:0002e990       ?readFloatBuffer@physx@@YA_NPAMI_NAAVPxInputStream@1@@Z 1002f990 f   GuSerialize.obj
 0001:0002e9f0       ?writeFloatBuffer@physx@@YAXPBMI_NAAVPxOutputStream@1@@Z 1002f9f0 f   GuSerialize.obj
 0001:0002ea70       ?writeWordBuffer@physx@@YAXPBGI_NAAVPxOutputStream@1@@Z 1002fa70 f   GuSerialize.obj
 0001:0002eae0       ?readWordBuffer@physx@@YAXPAGI_NAAVPxInputStream@1@@Z 1002fae0 f   GuSerialize.obj
 0001:0002eb20       ?writeHeader@physx@@YA_NCCCCI_NAAVPxOutputStream@1@@Z 1002fb20 f   GuSerialize.obj
 0001:0002ec10       ?readHeader@physx@@YA_NCCCCAAIAA_NAAVPxInputStream@1@@Z 1002fc10 f   GuSerialize.obj
 0001:0002ed00       ?computeMaxIndex@physx@@YAIPBII@Z 1002fd00 f   GuSerialize.obj
 0001:0002ed30       ?computeMaxIndex@physx@@YAGPBGI@Z 1002fd30 f   GuSerialize.obj
 0001:0002ed70       ?storeIndices@physx@@YAXIIPBIAAVPxOutputStream@1@_N@Z 1002fd70 f   GuSerialize.obj
 0001:0002ee40       ?readIndices@physx@@YAXIIPAIAAVPxInputStream@1@_N@Z 1002fe40 f   GuSerialize.obj
 0001:0002ef00       ?WriteHeader@Gu@physx@@YA_NEEEEI_NAAVPxOutputStream@2@@Z 1002ff00 f   GuSerialize.obj
 0001:0002eff0       ?ReadHeader@Gu@physx@@YA_NEEEEAAIAA_NAAVPxInputStream@2@@Z 1002fff0 f   GuSerialize.obj
 0001:0002f0f0       ?StoreIndices@Gu@physx@@YAXIIPBIAAVPxOutputStream@2@_N@Z 100300f0 f   GuSerialize.obj
 0001:0002f1f0       ?ReadIndices@Gu@physx@@YAXIIPAIAAVPxInputStream@2@_N@Z 100301f0 f   GuSerialize.obj
 0001:0002f3a0       ?StoreIndices@Gu@physx@@YAXGIPBGAAVPxOutputStream@2@_N@Z 100303a0 f   GuSerialize.obj
 0001:0002f430       ?ReadIndices@Gu@physx@@YAXGIPAGAAVPxInputStream@2@_N@Z 10030430 f   GuSerialize.obj
 0001:0002f540       ?computeCapsule_TriangleMeshMTD@Gu@physx@@YA_NABVPxTriangleMeshGeometry@2@ABVPxTransform@2@AAVCapsuleV@12@M_NAAUPxSweepHit@2@@Z 10030540 f   GuSweepMTD.obj
 0001:0002fc70       ?computeCapsule_HeightFieldMTD@Gu@physx@@YA_NABVPxHeightFieldGeometry@2@ABVPxTransform@2@AAVCapsuleV@12@M_NIAAUPxSweepHit@2@@Z 10030c70 f   GuSweepMTD.obj
 0001:00030300       ?computeBox_TriangleMeshMTD@Gu@physx@@YA_NABVPxTriangleMeshGeometry@2@ABVPxTransform@2@ABVBox@12@1M_NAAUPxSweepHit@2@@Z 10031300 f   GuSweepMTD.obj
 0001:00030fb0       ?computeBox_HeightFieldMTD@Gu@physx@@YA_NABVPxHeightFieldGeometry@2@ABVPxTransform@2@ABVBox@12@1M_NIAAUPxSweepHit@2@@Z 10031fb0 f   GuSweepMTD.obj
 0001:00031f60       ?computeConvex_TriangleMeshMTD@Gu@physx@@YA_NABVPxTriangleMeshGeometry@2@ABVPxTransform@2@ABVPxConvexMeshGeometry@2@1M_NAAUPxSweepHit@2@@Z 10032f60 f   GuSweepMTD.obj
 0001:000332f0       ?computeConvex_HeightFieldMTD@Gu@physx@@YA_NABVPxHeightFieldGeometry@2@ABVPxTransform@2@ABVPxConvexMeshGeometry@2@1M_NIAAUPxSweepHit@2@@Z 100342f0 f   GuSweepMTD.obj
 0001:00034710       ?computeSphere_SphereMTD@Gu@physx@@YA_NABVSphere@12@0AAUPxSweepHit@2@@Z 10035710 f   GuSweepMTD.obj
 0001:00034800       ?computeSphere_CapsuleMTD@Gu@physx@@YA_NABVSphere@12@ABVCapsule@12@AAUPxSweepHit@2@@Z 10035800 f   GuSweepMTD.obj
 0001:00034990       ?computeCapsule_CapsuleMTD@Gu@physx@@YA_NABVCapsule@12@0AAUPxSweepHit@2@@Z 10035990 f   GuSweepMTD.obj
 0001:00034b90       ?computePlane_CapsuleMTD@Gu@physx@@YA_NABVPxPlane@2@ABVCapsule@12@AAUPxSweepHit@2@@Z 10035b90 f   GuSweepMTD.obj
 0001:00034c80       ?computePlane_BoxMTD@Gu@physx@@YA_NABVPxPlane@2@ABVBox@12@AAUPxSweepHit@2@@Z 10035c80 f   GuSweepMTD.obj
 0001:00034ed0       ?computePlane_ConvexMTD@Gu@physx@@YA_NABVPxPlane@2@ABVPxConvexMeshGeometry@2@ABVPxTransform@2@AAUPxSweepHit@2@@Z 10035ed0 f   GuSweepMTD.obj
 0001:00035330       ??0FastVertex2ShapeScaling@Cm@physx@@QAE@XZ 10036330 f i GuSweepMTD.obj
 0001:000353c0       ??0MTDTriangle@@QAE@XZ     100363c0 f i GuSweepMTD.obj
 0001:000353d0       ??1?$MeshHitCallback@UPxRaycastHit@physx@@@Gu@physx@@UAE@XZ 100363d0 f i GuSweepMTD.obj
 0001:000353e0       ??1MTDTriangle@@QAE@XZ     100363e0 f i GuSweepMTD.obj
 0001:000353f0       ??Dphysx@@YA?AVMatrix34@Cm@0@ABVPxTransform@0@ABVPxMeshScale@0@@Z 100363f0 f i GuSweepMTD.obj
 0001:00035a00       ??_E?$MeshHitCallback@UPxRaycastHit@physx@@@Gu@physx@@UAEPAXI@Z 10036a00 f i GuSweepMTD.obj
 0001:00035a00       ??_G?$MeshHitCallback@UPxRaycastHit@physx@@@Gu@physx@@UAEPAXI@Z 10036a00 f i GuSweepMTD.obj
 0001:00035a30       ??_GMeshMTDGenerationCallback@@UAEPAXI@Z 10036a30 f i GuSweepMTD.obj
 0001:00035a30       ??_EMeshMTDGenerationCallback@@UAEPAXI@Z 10036a30 f i GuSweepMTD.obj
 0001:00035a60       ??_EMidPhaseQueryLocalReport@@UAEPAXI@Z 10036a60 f i GuSweepMTD.obj
 0001:00035a60       ??_GMidPhaseQueryLocalReport@@UAEPAXI@Z 10036a60 f i GuSweepMTD.obj
 0001:00035a90       ?allocate@?$ReflectionAllocator@I@shdfnd@physx@@QAEPAXIPBDH@Z 10036a90 f i GuSweepMTD.obj
 0001:00035e70       ?getInverse@PxMat33@physx@@QBE?BV12@XZ 10036e70 f i GuSweepMTD.obj
 0001:000360c0       ?growAndPushBack@?$Array@IV?$ReflectionAllocator@I@shdfnd@physx@@@shdfnd@physx@@IAEAAIABI@Z 100370c0 f i GuSweepMTD.obj
 0001:00036160       ?init@FastVertex2ShapeScaling@Cm@physx@@QAEXABVPxVec3@3@ABVPxQuat@3@@Z 10037160 f i GuSweepMTD.obj
 0001:00036510       ?onEvent@MidPhaseQueryLocalReport@@UAE_NIPAI@Z 10037510 f i GuSweepMTD.obj
 0001:00036560       ?processHit@MeshMTDGenerationCallback@@UAE_NABUPxRaycastHit@physx@@ABVPxVec3@3@11AAMPBI@Z 10037560 f i GuSweepMTD.obj
 0001:000365a0       ?recreate@?$Array@IV?$ReflectionAllocator@I@shdfnd@physx@@@shdfnd@physx@@IAEXI@Z 100375a0 f i GuSweepMTD.obj
 0001:00036620       ?sweepCapsuleTriangles@Gu@physx@@YA_NIPBVPxTriangle@2@_NABVPxCapsuleGeometry@2@ABVPxTransform@2@ABVPxVec3@2@MAAUPxSweepHit@2@PBIMV?$PxFlags@W4Enum@PxHitFlag@physx@@G@2@@Z 10037620 f   GuSweepSharedTests.obj
 0001:000367b0       ?sweepCapsule_SphereGeom@@YA_NABVPxGeometry@physx@@ABVPxTransform@2@ABVPxCapsuleGeometry@2@1ABVCapsule@Gu@2@ABVPxVec3@2@MAAUPxSweepHit@2@V?$PxFlags@W4Enum@PxHitFlag@physx@@G@2@M@Z 100377b0 f   GuSweepSharedTests.obj
 0001:00036940       ?sweepCapsule_PlaneGeom@@YA_NABVPxGeometry@physx@@ABVPxTransform@2@ABVPxCapsuleGeometry@2@1ABVCapsule@Gu@2@ABVPxVec3@2@MAAUPxSweepHit@2@V?$PxFlags@W4Enum@PxHitFlag@physx@@G@2@M@Z 10037940 f   GuSweepSharedTests.obj
 0001:00036c10       ?sweepCapsule_CapsuleGeom@@YA_NABVPxGeometry@physx@@ABVPxTransform@2@ABVPxCapsuleGeometry@2@1ABVCapsule@Gu@2@ABVPxVec3@2@MAAUPxSweepHit@2@V?$PxFlags@W4Enum@PxHitFlag@physx@@G@2@M@Z 10037c10 f   GuSweepSharedTests.obj
 0001:00036dc0       ?sweepCapsule_ConvexGeom@@YA_NABVPxGeometry@physx@@ABVPxTransform@2@ABVPxCapsuleGeometry@2@1ABVCapsule@Gu@2@ABVPxVec3@2@MAAUPxSweepHit@2@V?$PxFlags@W4Enum@PxHitFlag@physx@@G@2@M@Z 10037dc0 f   GuSweepSharedTests.obj
 0001:00037a90       ?sweepBox_PlaneGeom@@YA_NABVPxGeometry@physx@@ABVPxTransform@2@ABVPxBoxGeometry@2@1ABVBox@Gu@2@ABVPxVec3@2@MAAUPxSweepHit@2@V?$PxFlags@W4Enum@PxHitFlag@physx@@G@2@M@Z 10038a90 f   GuSweepSharedTests.obj
 0001:00037e60       ?sweepBox_ConvexGeom@@YA_NABVPxGeometry@physx@@ABVPxTransform@2@ABVPxBoxGeometry@2@1ABVBox@Gu@2@ABVPxVec3@2@MAAUPxSweepHit@2@V?$PxFlags@W4Enum@PxHitFlag@physx@@G@2@M@Z 10038e60 f   GuSweepSharedTests.obj
 0001:00038b60       ?sweepConvex_SphereGeom@@YA_NABVPxGeometry@physx@@ABVPxTransform@2@ABVPxConvexMeshGeometry@2@1ABVPxVec3@2@MAAUPxSweepHit@2@V?$PxFlags@W4Enum@PxHitFlag@physx@@G@2@M@Z 10039b60 f   GuSweepSharedTests.obj
 0001:00039680       ?sweepConvex_PlaneGeom@@YA_NABVPxGeometry@physx@@ABVPxTransform@2@ABVPxConvexMeshGeometry@2@1ABVPxVec3@2@MAAUPxSweepHit@2@V?$PxFlags@W4Enum@PxHitFlag@physx@@G@2@M@Z 1003a680 f   GuSweepSharedTests.obj
 0001:00039ad0       ?sweepConvex_CapsuleGeom@@YA_NABVPxGeometry@physx@@ABVPxTransform@2@ABVPxConvexMeshGeometry@2@1ABVPxVec3@2@MAAUPxSweepHit@2@V?$PxFlags@W4Enum@PxHitFlag@physx@@G@2@M@Z 1003aad0 f   GuSweepSharedTests.obj
 0001:00039cc0       ?sweepConvex_BoxGeom@@YA_NABVPxGeometry@physx@@ABVPxTransform@2@ABVPxConvexMeshGeometry@2@1ABVPxVec3@2@MAAUPxSweepHit@2@V?$PxFlags@W4Enum@PxHitFlag@physx@@G@2@M@Z 1003acc0 f   GuSweepSharedTests.obj
 0001:00039ea0       ?sweepConvex_ConvexGeom@@YA_NABVPxGeometry@physx@@ABVPxTransform@2@ABVPxConvexMeshGeometry@2@1ABVPxVec3@2@MAAUPxSweepHit@2@V?$PxFlags@W4Enum@PxHitFlag@physx@@G@2@M@Z 1003aea0 f   GuSweepSharedTests.obj
 0001:0003af00       ??$gjkPenetration@U?$LocalConvex@VCapsuleV@Gu@physx@@@Gu@physx@@U?$LocalConvex@VConvexHullV@Gu@physx@@@23@@Gu@physx@@YA?AW4GjkStatus@01@ABU?$LocalConvex@VCapsuleV@Gu@physx@@@01@ABU?$LocalConvex@VConvexHullV@Gu@physx@@@01@ABT__m128@@2_NPIAE4AAEAAUGjkOutput@01@@Z 1003bf00 f i GuSweepSharedTests.obj
 0001:0003c820       ??$gjkPenetration@U?$RelativeConvex@VBoxV@Gu@physx@@@Gu@physx@@U?$LocalConvex@VConvexHullV@Gu@physx@@@23@@Gu@physx@@YA?AW4GjkStatus@01@ABU?$RelativeConvex@VBoxV@Gu@physx@@@01@ABU?$LocalConvex@VConvexHullV@Gu@physx@@@01@ABT__m128@@2_NPIAE4AAEAAUGjkOutput@01@@Z 1003d820 f i GuSweepSharedTests.obj
 0001:0003e1a0       ??$gjkPenetration@U?$RelativeConvex@VConvexHullV@Gu@physx@@@Gu@physx@@U?$LocalConvex@VConvexHullV@Gu@physx@@@23@@Gu@physx@@YA?AW4GjkStatus@01@ABU?$RelativeConvex@VConvexHullV@Gu@physx@@@01@ABU?$LocalConvex@VConvexHullV@Gu@physx@@@01@ABT__m128@@2_NPIAE4AAEAAUGjkOutput@01@@Z 1003f1a0 f i GuSweepSharedTests.obj
 0001:0003fb20       ??$gjkRaycast@U?$LocalConvex@VCapsuleV@Gu@physx@@@Gu@physx@@U?$LocalConvex@VConvexHullV@Gu@physx@@@23@@Gu@physx@@YA_NABU?$LocalConvex@VCapsuleV@Gu@physx@@@01@ABU?$LocalConvex@VConvexHullV@Gu@physx@@@01@ABT__m128@@222AAT4@33M@Z 10040b20 f i GuSweepSharedTests.obj
 0001:000409f0       ??$gjkRaycast@U?$RelativeConvex@VBoxV@Gu@physx@@@Gu@physx@@U?$LocalConvex@VConvexHullV@Gu@physx@@@23@@Gu@physx@@YA_NABU?$RelativeConvex@VBoxV@Gu@physx@@@01@ABU?$LocalConvex@VConvexHullV@Gu@physx@@@01@ABT__m128@@222AAT4@33M@Z 100419f0 f i GuSweepSharedTests.obj
 0001:00041930       ??$gjkRaycast@U?$RelativeConvex@VConvexHullV@Gu@physx@@@Gu@physx@@U?$LocalConvex@VConvexHullV@Gu@physx@@@23@@Gu@physx@@YA_NABU?$RelativeConvex@VConvexHullV@Gu@physx@@@01@ABU?$LocalConvex@VConvexHullV@Gu@physx@@@01@ABT__m128@@222AAT4@33M@Z 10042930 f i GuSweepSharedTests.obj
 0001:00042960       ??$gjkRaycastPenetration@U?$LocalConvex@VCapsuleV@Gu@physx@@@Gu@physx@@U?$LocalConvex@VConvexHullV@Gu@physx@@@23@@Gu@physx@@YA_NABU?$LocalConvex@VCapsuleV@Gu@physx@@@01@ABU?$LocalConvex@VConvexHullV@Gu@physx@@@01@ABT__m128@@222AAT4@33M_N@Z 10043960 f i GuSweepSharedTests.obj
 0001:00042b60       ??$gjkRaycastPenetration@U?$RelativeConvex@VBoxV@Gu@physx@@@Gu@physx@@U?$LocalConvex@VConvexHullV@Gu@physx@@@23@@Gu@physx@@YA_NABU?$RelativeConvex@VBoxV@Gu@physx@@@01@ABU?$LocalConvex@VConvexHullV@Gu@physx@@@01@ABT__m128@@222AAT4@33M_N@Z 10043b60 f i GuSweepSharedTests.obj
 0001:00042dc0       ??$gjkRaycastPenetration@U?$RelativeConvex@VConvexHullV@Gu@physx@@@Gu@physx@@U?$LocalConvex@VConvexHullV@Gu@physx@@@23@@Gu@physx@@YA_NABU?$RelativeConvex@VConvexHullV@Gu@physx@@@01@ABU?$LocalConvex@VConvexHullV@Gu@physx@@@01@ABT__m128@@222AAT4@33M_N@Z 10043dc0 f i GuSweepSharedTests.obj
 0001:00043020       ??0?$RelativeConvex@VConvexHullV@Gu@physx@@@Gu@physx@@QAE@ABVConvexHullV@12@ABVPsMatTransformV@aos@shdfnd@2@@Z 10044020 f i GuSweepSharedTests.obj
 0001:000434d0       ?getSweepFuncTable@Gu@physx@@YAABUGeomSweepFuncs@12@XZ 100444d0 f   GuSweepTests.obj
 0001:000434e0       ?sweepBoxTriangles@Gu@physx@@YA_NIPBVPxTriangle@2@_NABVPxBoxGeometry@2@ABVPxTransform@2@ABVPxVec3@2@MAAUPxSweepHit@2@PBIMV?$PxFlags@W4Enum@PxHitFlag@physx@@G@2@@Z 100444e0 f   GuSweepTests.obj
 0001:00043ff0       ?sweepCapsule_BoxGeom@@YA_NABVPxGeometry@physx@@ABVPxTransform@2@ABVPxCapsuleGeometry@2@1ABVCapsule@Gu@2@ABVPxVec3@2@MAAUPxSweepHit@2@V?$PxFlags@W4Enum@PxHitFlag@physx@@G@2@M@Z 10044ff0 f   GuSweepTests.obj
 0001:000448a0       ?sweepBox_SphereGeom@@YA_NABVPxGeometry@physx@@ABVPxTransform@2@ABVPxBoxGeometry@2@1ABVBox@Gu@2@ABVPxVec3@2@MAAUPxSweepHit@2@V?$PxFlags@W4Enum@PxHitFlag@physx@@G@2@M@Z 100458a0 f   GuSweepTests.obj
 0001:00044f50       ?sweepBox_CapsuleGeom@@YA_NABVPxGeometry@physx@@ABVPxTransform@2@ABVPxBoxGeometry@2@1ABVBox@Gu@2@ABVPxVec3@2@MAAUPxSweepHit@2@V?$PxFlags@W4Enum@PxHitFlag@physx@@G@2@M@Z 10045f50 f   GuSweepTests.obj
 0001:00045780       ?sweepBox_BoxGeom@@YA_NABVPxGeometry@physx@@ABVPxTransform@2@ABVPxBoxGeometry@2@1ABVBox@Gu@2@ABVPxVec3@2@MAAUPxSweepHit@2@V?$PxFlags@W4Enum@PxHitFlag@physx@@G@2@M@Z 10046780 f   GuSweepTests.obj
 0001:000460e0       ?registerHeightFields_Sweeps@@YAXXZ 100470e0 f   GuSweepTests.obj
 0001:00046120       ??$gjkPenetration@U?$LocalConvex@VCapsuleV@Gu@physx@@@Gu@physx@@U?$LocalConvex@VBoxV@Gu@physx@@@23@@Gu@physx@@YA?AW4GjkStatus@01@ABU?$LocalConvex@VCapsuleV@Gu@physx@@@01@ABU?$LocalConvex@VBoxV@Gu@physx@@@01@ABT__m128@@2_NPIAE4AAEAAUGjkOutput@01@@Z 10047120 f i GuSweepTests.obj
 0001:000479c0       ??$gjkPenetration@U?$LocalConvex@VTriangleV@Gu@physx@@@Gu@physx@@U?$LocalConvex@VBoxV@Gu@physx@@@23@@Gu@physx@@YA?AW4GjkStatus@01@ABU?$LocalConvex@VTriangleV@Gu@physx@@@01@ABU?$LocalConvex@VBoxV@Gu@physx@@@01@ABT__m128@@2_NPIAE4AAEAAUGjkOutput@01@@Z 100489c0 f i GuSweepTests.obj
 0001:000492b0       ??$gjkPenetration@U?$RelativeConvex@VBoxV@Gu@physx@@@Gu@physx@@U?$LocalConvex@VBoxV@Gu@physx@@@23@@Gu@physx@@YA?AW4GjkStatus@01@ABU?$RelativeConvex@VBoxV@Gu@physx@@@01@ABU?$LocalConvex@VBoxV@Gu@physx@@@01@ABT__m128@@2_NPIAE4AAEAAUGjkOutput@01@@Z 1004a2b0 f i GuSweepTests.obj
 0001:0004ab80       ??$gjkRaycast@U?$LocalConvex@VCapsuleV@Gu@physx@@@Gu@physx@@U?$LocalConvex@VBoxV@Gu@physx@@@23@@Gu@physx@@YA_NABU?$LocalConvex@VCapsuleV@Gu@physx@@@01@ABU?$LocalConvex@VBoxV@Gu@physx@@@01@ABT__m128@@222AAT4@33M@Z 1004bb80 f i GuSweepTests.obj
 0001:0004b8e0       ??$gjkRaycast@U?$LocalConvex@VTriangleV@Gu@physx@@@Gu@physx@@U?$LocalConvex@VBoxV@Gu@physx@@@23@@Gu@physx@@YA_NABU?$LocalConvex@VTriangleV@Gu@physx@@@01@ABU?$LocalConvex@VBoxV@Gu@physx@@@01@ABT__m128@@222AAT4@33M@Z 1004c8e0 f i GuSweepTests.obj
 0001:0004c6e0       ??$gjkRaycast@U?$RelativeConvex@VBoxV@Gu@physx@@@Gu@physx@@U?$LocalConvex@VBoxV@Gu@physx@@@23@@Gu@physx@@YA_NABU?$RelativeConvex@VBoxV@Gu@physx@@@01@ABU?$LocalConvex@VBoxV@Gu@physx@@@01@ABT__m128@@222AAT4@33M@Z 1004d6e0 f i GuSweepTests.obj
 0001:0004d4b0       ??$gjkRaycastPenetration@U?$LocalConvex@VCapsuleV@Gu@physx@@@Gu@physx@@U?$LocalConvex@VBoxV@Gu@physx@@@23@@Gu@physx@@YA_NABU?$LocalConvex@VCapsuleV@Gu@physx@@@01@ABU?$LocalConvex@VBoxV@Gu@physx@@@01@ABT__m128@@222AAT4@33M_N@Z 1004e4b0 f i GuSweepTests.obj
 0001:0004d6b0       ??$gjkRaycastPenetration@U?$LocalConvex@VTriangleV@Gu@physx@@@Gu@physx@@U?$LocalConvex@VBoxV@Gu@physx@@@23@@Gu@physx@@YA_NABU?$LocalConvex@VTriangleV@Gu@physx@@@01@ABU?$LocalConvex@VBoxV@Gu@physx@@@01@ABT__m128@@222AAT4@33M_N@Z 1004e6b0 f i GuSweepTests.obj
 0001:0004d8b0       ??$gjkRaycastPenetration@U?$RelativeConvex@VBoxV@Gu@physx@@@Gu@physx@@U?$LocalConvex@VBoxV@Gu@physx@@@23@@Gu@physx@@YA_NABU?$RelativeConvex@VBoxV@Gu@physx@@@01@ABU?$LocalConvex@VBoxV@Gu@physx@@@01@ABT__m128@@222AAT4@33M_N@Z 1004e8b0 f i GuSweepTests.obj
 0001:0004db10       ??_G?$LocalConvex@VBoxV@Gu@physx@@@Gu@physx@@UAEPAXI@Z 1004eb10 f i GuSweepTests.obj
 0001:0004db10       ??_E?$LocalConvex@VBoxV@Gu@physx@@@Gu@physx@@UAEPAXI@Z 1004eb10 f i GuSweepTests.obj
 0001:0004db40       ??_G?$LocalConvex@VTriangleV@Gu@physx@@@Gu@physx@@UAEPAXI@Z 1004eb40 f i GuSweepTests.obj
 0001:0004db40       ??_E?$LocalConvex@VTriangleV@Gu@physx@@@Gu@physx@@UAEPAXI@Z 1004eb40 f i GuSweepTests.obj
 0001:0004db70       ?getCenter@?$LocalConvex@VBoxV@Gu@physx@@@Gu@physx@@UBE?AT__m128@@XZ 1004eb70 f i GuSweepTests.obj
 0001:0004db80       ?getCenter@?$LocalConvex@VTriangleV@Gu@physx@@@Gu@physx@@UBE?AT__m128@@XZ 1004eb80 f i GuSweepTests.obj
 0001:0004db90       ?getSweepMargin@?$LocalConvex@VBoxV@Gu@physx@@@Gu@physx@@UBE?AT__m128@@XZ 1004eb90 f i GuSweepTests.obj
 0001:0004dbb0       ?getSweepMargin@?$LocalConvex@VTriangleV@Gu@physx@@@Gu@physx@@UBE?AT__m128@@XZ 1004ebb0 f i GuSweepTests.obj
 0001:0004dbd0       ?support@?$LocalConvex@VBoxV@Gu@physx@@@Gu@physx@@UBE?AT__m128@@ABT4@@Z 1004ebd0 f i GuSweepTests.obj
 0001:0004dc00       ?support@?$LocalConvex@VBoxV@Gu@physx@@@Gu@physx@@UBE?AT__m128@@ABT4@AAH@Z 1004ec00 f i GuSweepTests.obj
 0001:0004dc40       ?support@?$LocalConvex@VTriangleV@Gu@physx@@@Gu@physx@@UBE?AT__m128@@ABT4@@Z 1004ec40 f i GuSweepTests.obj
 0001:0004dce0       ?support@?$LocalConvex@VTriangleV@Gu@physx@@@Gu@physx@@UBE?AT__m128@@ABT4@AAH@Z 1004ece0 f i GuSweepTests.obj
 0001:0004ddd0       ?supportPoint@?$LocalConvex@VBoxV@Gu@physx@@@Gu@physx@@UBE?AT__m128@@H@Z 1004edd0 f i GuSweepTests.obj
 0001:0004de10       ?supportPoint@?$LocalConvex@VTriangleV@Gu@physx@@@Gu@physx@@UBE?AT__m128@@H@Z 1004ee10 f i GuSweepTests.obj
 0001:0004de30       ?subdivide@AABBTreeBuildNode@Gu@physx@@QAEXABVAABBTreeBuildParams@23@AAUBuildStats@23@AAVNodeAllocator@23@QAI@Z 1004ee30 f   GuAABBTreeBuild.obj
 0001:0004e050       ?_buildHierarchy@AABBTreeBuildNode@Gu@physx@@QAEXAAVAABBTreeBuildParams@23@AAUBuildStats@23@AAVNodeAllocator@23@QAI@Z 1004f050 f   GuAABBTreeBuild.obj
 0001:0004e0b0       ??0NodeAllocator@Gu@physx@@QAE@XZ 1004f0b0 f   GuAABBTreeBuild.obj
 0001:0004e0e0       ??1NodeAllocator@Gu@physx@@QAE@XZ 1004f0e0 f   GuAABBTreeBuild.obj
 0001:0004e110       ?release@NodeAllocator@Gu@physx@@QAEXXZ 1004f110 f   GuAABBTreeBuild.obj
 0001:0004e190       ?init@NodeAllocator@Gu@physx@@QAEXII@Z 1004f190 f   GuAABBTreeBuild.obj
 0001:0004e2b0       ?getBiNode@NodeAllocator@Gu@physx@@QAEPAVAABBTreeBuildNode@23@XZ 1004f2b0 f   GuAABBTreeBuild.obj
 0001:0004e3c0       ?initAABBTreeBuild@Gu@physx@@YA_NAAVAABBTreeBuildParams@12@AAVNodeAllocator@12@AAUBuildStats@12@AAPAI@Z 1004f3c0 f   GuAABBTreeBuild.obj
 0001:0004e580       ?buildAABBTree@Gu@physx@@YA_NAAVAABBTreeBuildParams@12@AAVNodeAllocator@12@AAUBuildStats@12@AAPAI@Z 1004f580 f   GuAABBTreeBuild.obj
 0001:0004e600       ??$copy@V?$ReflectionAllocator@USlab@NodeAllocator@Gu@physx@@@shdfnd@physx@@@?$Array@USlab@NodeAllocator@Gu@physx@@V?$ReflectionAllocator@USlab@NodeAllocator@Gu@physx@@@shdfnd@4@@shdfnd@physx@@IAEXABV012@@Z 1004f600 f i GuAABBTreeBuild.obj
 0001:0004e670       ??0AABBTreeBuildNode@Gu@physx@@QAE@ABV012@@Z 1004f670 f i GuAABBTreeBuild.obj
 0001:0004e6b0       ??0AABBTreeBuildNode@Gu@physx@@QAE@XZ 1004f6b0 f i GuAABBTreeBuild.obj
 0001:0004e6c0       ??0AABBTreeBuildParams@Gu@physx@@QAE@IIPBVPxBounds3@2@@Z 1004f6c0 f i GuAABBTreeBuild.obj
 0001:0004e6e0       ??0BuildStats@Gu@physx@@QAE@XZ 1004f6e0 f i GuAABBTreeBuild.obj
 0001:0004e6f0       ??0NodeAllocator@Gu@physx@@QAE@ABV012@@Z 1004f6f0 f i GuAABBTreeBuild.obj
 0001:0004e720       ??1AABBTreeBuildNode@Gu@physx@@QAE@XZ 1004f720 f i GuAABBTreeBuild.obj
 0001:0004e730       ??1AABBTreeBuildParams@Gu@physx@@QAE@XZ 1004f730 f i GuAABBTreeBuild.obj
 0001:0004e770       ??4AABBTreeBuildNode@Gu@physx@@QAEAAV012@ABV012@@Z 1004f770 f i GuAABBTreeBuild.obj
 0001:0004e7b0       ??4AABBTreeBuildParams@Gu@physx@@QAEAAV012@ABV012@@Z 1004f7b0 f i GuAABBTreeBuild.obj
 0001:0004e7c0       ??4BuildStats@Gu@physx@@QAEAAU012@$$QAU012@@Z 1004f7c0 f i GuAABBTreeBuild.obj
 0001:0004e7e0       ??4BuildStats@Gu@physx@@QAEAAU012@ABU012@@Z 1004f7e0 f i GuAABBTreeBuild.obj
 0001:0004e800       ??4NodeAllocator@Gu@physx@@QAEAAV012@ABV012@@Z 1004f800 f i GuAABBTreeBuild.obj
 0001:0004e890       ??_EAABBTreeBuildNode@Gu@physx@@QAEPAXI@Z 1004f890 f i GuAABBTreeBuild.obj
 0001:0004e900       ??_FAABBTreeBuildParams@Gu@physx@@QAEXXZ 1004f900 f i GuAABBTreeBuild.obj
 0001:0004e920       ?allocate@?$Array@USlab@NodeAllocator@Gu@physx@@V?$ReflectionAllocator@USlab@NodeAllocator@Gu@physx@@@shdfnd@4@@shdfnd@physx@@IAEPAUSlab@NodeAllocator@Gu@3@I@Z 1004f920 f i GuAABBTreeBuild.obj
 0001:0004e990       ?getAABB@AABBTreeBuildNode@Gu@physx@@QBEABVPxBounds3@3@XZ 1004f990 f i GuAABBTreeBuild.obj
 0001:0004e9a0       ?getCount@BuildStats@Gu@physx@@QBEIXZ 1004f9a0 f i GuAABBTreeBuild.obj
 0001:0004e9b0       ?getNbPrimitives@AABBTreeBuildNode@Gu@physx@@QBEIXZ 1004f9b0 f i GuAABBTreeBuild.obj
 0001:0004e9c0       ?getNbRuntimePrimitives@AABBTreeBuildNode@Gu@physx@@QBEIXZ 1004f9c0 f i GuAABBTreeBuild.obj
 0001:0004e9d0       ?getNeg@AABBTreeBuildNode@Gu@physx@@QBEPBV123@XZ 1004f9d0 f i GuAABBTreeBuild.obj
 0001:0004e9e0       ?getPos@AABBTreeBuildNode@Gu@physx@@QBEPBV123@XZ 1004f9e0 f i GuAABBTreeBuild.obj
 0001:0004e9f0       ?getPrimitives@AABBTreeBuildNode@Gu@physx@@QAEPAIPAI@Z 1004f9f0 f i GuAABBTreeBuild.obj
 0001:0004ea00       ?getPrimitives@AABBTreeBuildNode@Gu@physx@@QBEPBIPBI@Z 1004fa00 f i GuAABBTreeBuild.obj
 0001:0004ea10       ?growAndPushBack@?$Array@USlab@NodeAllocator@Gu@physx@@V?$ReflectionAllocator@USlab@NodeAllocator@Gu@physx@@@shdfnd@4@@shdfnd@physx@@IAEAAUSlab@NodeAllocator@Gu@3@ABU4563@@Z 1004fa10 f i GuAABBTreeBuild.obj
 0001:0004ead0       ?increaseCount@BuildStats@Gu@physx@@QAEXI@Z 1004fad0 f i GuAABBTreeBuild.obj
[...]
 0003:00002af0       ?minFError@_VecMathTests@aos@shdfnd@physx@@3T__m128@@B 10157af0     GuPCMContactConvexConvex.obj
 0003:00002b00       ?maxV4Error@_VecMathTests@aos@shdfnd@physx@@3T__m128@@B 10157b00     GuPCMContactConvexConvex.obj
 0003:00002b10       ?minV4Error@_VecMathTests@aos@shdfnd@physx@@3T__m128@@B 10157b10     GuPCMContactConvexConvex.obj
 0003:00002b20       ?minV3Error@_VecMathTests@aos@shdfnd@physx@@3T__m128@@B 10157b20     GuPCMContactConvexConvex.obj
 0003:00002b30       ?maxFError@_VecMathTests@aos@shdfnd@physx@@3T__m128@@B 10157b30     GuPCMContactConvexConvex.obj
 0003:00002b40       ?maxV3Error@_VecMathTests@aos@shdfnd@physx@@3T__m128@@B 10157b40     GuPCMContactConvexHeightField.obj
 0003:00002b50       ?minFError@_VecMathTests@aos@shdfnd@physx@@3T__m128@@B 10157b50     GuPCMContactConvexHeightField.obj
 0003:00002b60       ?maxV4Error@_VecMathTests@aos@shdfnd@physx@@3T__m128@@B 10157b60     GuPCMContactConvexHeightField.obj
 0003:00002b70       ?minV4Error@_VecMathTests@aos@shdfnd@physx@@3T__m128@@B 10157b70     GuPCMContactConvexHeightField.obj
 0003:00002b80       ?minV3Error@_VecMathTests@aos@shdfnd@physx@@3T__m128@@B 10157b80     GuPCMContactConvexHeightField.obj
 0003:00002b90       ?maxFError@_VecMathTests@aos@shdfnd@physx@@3T__m128@@B 10157b90     GuPCMContactConvexHeightField.obj
 0003:00002ba0       ?maxV3Error@_VecMathTests@aos@shdfnd@physx@@3T__m128@@B 10157ba0     GuPCMContactConvexMesh.obj
 0003:00002bb0       ?minFError@_VecMathTests@aos@shdfnd@physx@@3T__m128@@B 10157bb0     GuPCMContactConvexMesh.obj
 0003:00002bc0       ?maxV4Error@_VecMathTests@aos@shdfnd@physx@@3T__m128@@B 10157bc0     GuPCMContactConvexMesh.obj
 0003:00002bd0       ?minV4Error@_VecMathTests@aos@shdfnd@physx@@3T__m128@@B 10157bd0     GuPCMContactConvexMesh.obj
 0003:00002be0       ?minV3Error@_VecMathTests@aos@shdfnd@physx@@3T__m128@@B 10157be0     GuPCMContactConvexMesh.obj
 0003:00002bf0       ?maxFError@_VecMathTests@aos@shdfnd@physx@@3T__m128@@B 10157bf0     GuPCMContactConvexMesh.obj
 0003:00002c00       ?maxV3Error@_VecMathTests@aos@shdfnd@physx@@3T__m128@@B 10157c00     GuPCMContactGenBoxConvex.obj
 0003:00002c10       ?minFError@_VecMathTests@aos@shdfnd@physx@@3T__m128@@B 10157c10     GuPCMContactGenBoxConvex.obj
 0003:00002c20       ?maxV4Error@_VecMathTests@aos@shdfnd@physx@@3T__m128@@B 10157c20     GuPCMContactGenBoxConvex.obj
 0003:00002c30       ?minV4Error@_VecMathTests@aos@shdfnd@physx@@3T__m128@@B 10157c30     GuPCMContactGenBoxConvex.obj
 0003:00002c40       ?minV3Error@_VecMathTests@aos@shdfnd@physx@@3T__m128@@B 10157c40     GuPCMContactGenBoxConvex.obj
 0003:00002c50       ?maxFError@_VecMathTests@aos@shdfnd@physx@@3T__m128@@B 10157c50     GuPCMContactGenBoxConvex.obj
 0003:00002c60       ?maxV3Error@_VecMathTests@aos@shdfnd@physx@@3T__m128@@B 10157c60     GuPCMContactGenSphereCapsule.obj
 0003:00002c70       ?minFError@_VecMathTests@aos@shdfnd@physx@@3T__m128@@B 10157c70     GuPCMContactGenSphereCapsule.obj
 0003:00002c80       ?maxV4Error@_VecMathTests@aos@shdfnd@physx@@3T__m128@@B 10157c80     GuPCMContactGenSphereCapsule.obj
 0003:00002c90       ?minV4Error@_VecMathTests@aos@shdfnd@physx@@3T__m128@@B 10157c90     GuPCMContactGenSphereCapsule.obj
 0003:00002ca0       ?minV3Error@_VecMathTests@aos@shdfnd@physx@@3T__m128@@B 10157ca0     GuPCMContactGenSphereCapsule.obj
 0003:00002cb0       ?maxFError@_VecMathTests@aos@shdfnd@physx@@3T__m128@@B 10157cb0     GuPCMContactGenSphereCapsule.obj
 0003:00002cc0       ?maxV3Error@_VecMathTests@aos@shdfnd@physx@@3T__m128@@B 10157cc0     GuPCMContactPlaneBox.obj
 0003:00002cd0       ?minFError@_VecMathTests@aos@shdfnd@physx@@3T__m128@@B 10157cd0     GuPCMContactPlaneBox.obj
 0003:00002ce0       ?maxV4Error@_VecMathTests@aos@shdfnd@physx@@3T__m128@@B 10157ce0     GuPCMContactPlaneBox.obj
 0003:00002cf0       ?minV4Error@_VecMathTests@aos@shdfnd@physx@@3T__m128@@B 10157cf0     GuPCMContactPlaneBox.obj
 0003:00002d00       ?minV3Error@_VecMathTests@aos@shdfnd@physx@@3T__m128@@B 10157d00     GuPCMContactPlaneBox.obj
 0003:00002d10       ?maxFError@_VecMathTests@aos@shdfnd@physx@@3T__m128@@B 10157d10     GuPCMContactPlaneBox.obj
 0003:00002d20       ?maxV3Error@_VecMathTests@aos@shdfnd@physx@@3T__m128@@B 10157d20     GuPCMContactPlaneCapsule.obj
 0003:00002d30       ?minFError@_VecMathTests@aos@shdfnd@physx@@3T__m128@@B 10157d30     GuPCMContactPlaneCapsule.obj
 0003:00002d40       ?maxV4Error@_VecMathTests@aos@shdfnd@physx@@3T__m128@@B 10157d40     GuPCMContactPlaneCapsule.obj
 0003:00002d50       ?minV4Error@_VecMathTests@aos@shdfnd@physx@@3T__m128@@B 10157d50     GuPCMContactPlaneCapsule.obj
 0003:00002d60       ?minV3Error@_VecMathTests@aos@shdfnd@physx@@3T__m128@@B 10157d60     GuPCMContactPlaneCapsule.obj
 0003:00002d70       ?maxFError@_VecMathTests@aos@shdfnd@physx@@3T__m128@@B 10157d70     GuPCMContactPlaneCapsule.obj
 0003:00002d80       ?maxV3Error@_VecMathTests@aos@shdfnd@physx@@3T__m128@@B 10157d80     GuPCMContactPlaneConvex.obj
 0003:00002d90       ?minFError@_VecMathTests@aos@shdfnd@physx@@3T__m128@@B 10157d90     GuPCMContactPlaneConvex.obj
 0003:00002da0       ?maxV4Error@_VecMathTests@aos@shdfnd@physx@@3T__m128@@B 10157da0     GuPCMContactPlaneConvex.obj
 0003:00002db0       ?minV4Error@_VecMathTests@aos@shdfnd@physx@@3T__m128@@B 10157db0     GuPCMContactPlaneConvex.obj
 0003:00002dc0       ?minV3Error@_VecMathTests@aos@shdfnd@physx@@3T__m128@@B 10157dc0     GuPCMContactPlaneConvex.obj
 0003:00002dd0       ?maxFError@_VecMathTests@aos@shdfnd@physx@@3T__m128@@B 10157dd0     GuPCMContactPlaneConvex.obj
 0003:00002de0       ?maxV3Error@_VecMathTests@aos@shdfnd@physx@@3T__m128@@B 10157de0     GuPCMContactSphereBox.obj
 0003:00002df0       ?minFError@_VecMathTests@aos@shdfnd@physx@@3T__m128@@B 10157df0     GuPCMContactSphereBox.obj
 0003:00002e00       ?maxV4Error@_VecMathTests@aos@shdfnd@physx@@3T__m128@@B 10157e00     GuPCMContactSphereBox.obj
 0003:00002e10       ?minV4Error@_VecMathTests@aos@shdfnd@physx@@3T__m128@@B 10157e10     GuPCMContactSphereBox.obj
 0003:00002e20       ?minV3Error@_VecMathTests@aos@shdfnd@physx@@3T__m128@@B 10157e20     GuPCMContactSphereBox.obj
 0003:00002e30       ?maxFError@_VecMathTests@aos@shdfnd@physx@@3T__m128@@B 10157e30     GuPCMContactSphereBox.obj
 0003:00002e40       ?maxV3Error@_VecMathTests@aos@shdfnd@physx@@3T__m128@@B 10157e40     GuPCMContactSphereCapsule.obj
 0003:00002e50       ?minFError@_VecMathTests@aos@shdfnd@physx@@3T__m128@@B 10157e50     GuPCMContactSphereCapsule.obj
 0003:00002e60       ?maxV4Error@_VecMathTests@aos@shdfnd@physx@@3T__m128@@B 10157e60     GuPCMContactSphereCapsule.obj
 0003:00002e70       ?minV4Error@_VecMathTests@aos@shdfnd@physx@@3T__m128@@B 10157e70     GuPCMContactSphereCapsule.obj
 0003:00002e80       ?minV3Error@_VecMathTests@aos@shdfnd@physx@@3T__m128@@B 10157e80     GuPCMContactSphereCapsule.obj
 0003:00002e90       ?maxFError@_VecMathTests@aos@shdfnd@physx@@3T__m128@@B 10157e90     GuPCMContactSphereCapsule.obj
 0003:00002ea0       ?maxV3Error@_VecMathTests@aos@shdfnd@physx@@3T__m128@@B 10157ea0     GuPCMContactSphereConvex.obj
 0003:00002eb0       ?minFError@_VecMathTests@aos@shdfnd@physx@@3T__m128@@B 10157eb0     GuPCMContactSphereConvex.obj
 0003:00002ec0       ?maxV4Error@_VecMathTests@aos@shdfnd@physx@@3T__m128@@B 10157ec0     GuPCMContactSphereConvex.obj
 0003:00002ed0       ?minV4Error@_VecMathTests@aos@shdfnd@physx@@3T__m128@@B 10157ed0     GuPCMContactSphereConvex.obj
 0003:00002ee0       ?minV3Error@_VecMathTests@aos@shdfnd@physx@@3T__m128@@B 10157ee0     GuPCMContactSphereConvex.obj
 0003:00002ef0       ?maxFError@_VecMathTests@aos@shdfnd@physx@@3T__m128@@B 10157ef0     GuPCMContactSphereConvex.obj
 0003:00002f00       ?maxV3Error@_VecMathTests@aos@shdfnd@physx@@3T__m128@@B 10157f00     GuPCMContactSphereHeightField.obj
 0003:00002f10       ?minFError@_VecMathTests@aos@shdfnd@physx@@3T__m128@@B 10157f10     GuPCMContactSphereHeightField.obj
 0003:00002f20       ?maxV4Error@_VecMathTests@aos@shdfnd@physx@@3T__m128@@B 10157f20     GuPCMContactSphereHeightField.obj
 0003:00002f30       ?minV4Error@_VecMathTests@aos@shdfnd@physx@@3T__m128@@B 10157f30     GuPCMContactSphereHeightField.obj
 0003:00002f40       ?minV3Error@_VecMathTests@aos@shdfnd@physx@@3T__m128@@B 10157f40     GuPCMContactSphereHeightField.obj
 0003:00002f50       ?maxFError@_VecMathTests@aos@shdfnd@physx@@3T__m128@@B 10157f50     GuPCMContactSphereHeightField.obj
 0003:00002f60       ?maxV3Error@_VecMathTests@aos@shdfnd@physx@@3T__m128@@B 10157f60     GuPCMContactSphereMesh.obj
 0003:00002f70       ?minFError@_VecMathTests@aos@shdfnd@physx@@3T__m128@@B 10157f70     GuPCMContactSphereMesh.obj
 0003:00002f80       ?maxV4Error@_VecMathTests@aos@shdfnd@physx@@3T__m128@@B 10157f80     GuPCMContactSphereMesh.obj
 0003:00002f90       ?minV4Error@_VecMathTests@aos@shdfnd@physx@@3T__m128@@B 10157f90     GuPCMContactSphereMesh.obj
 0003:00002fa0       ?minV3Error@_VecMathTests@aos@shdfnd@physx@@3T__m128@@B 10157fa0     GuPCMContactSphereMesh.obj
 0003:00002fb0       ?maxFError@_VecMathTests@aos@shdfnd@physx@@3T__m128@@B 10157fb0     GuPCMContactSphereMesh.obj
 0003:00002fc0       ?maxV3Error@_VecMathTests@aos@shdfnd@physx@@3T__m128@@B 10157fc0     GuPCMContactSpherePlane.obj
 0003:00002fd0       ?minFError@_VecMathTests@aos@shdfnd@physx@@3T__m128@@B 10157fd0     GuPCMContactSpherePlane.obj
 0003:00002fe0       ?maxV4Error@_VecMathTests@aos@shdfnd@physx@@3T__m128@@B 10157fe0     GuPCMContactSpherePlane.obj
 0003:00002ff0       ?minV4Error@_VecMathTests@aos@shdfnd@physx@@3T__m128@@B 10157ff0     GuPCMContactSpherePlane.obj
 0003:00003000       ?minV3Error@_VecMathTests@aos@shdfnd@physx@@3T__m128@@B 10158000     GuPCMContactSpherePlane.obj
 0003:00003010       ?maxFError@_VecMathTests@aos@shdfnd@physx@@3T__m128@@B 10158010     GuPCMContactSpherePlane.obj
 0003:00003020       ?maxV3Error@_VecMathTests@aos@shdfnd@physx@@3T__m128@@B 10158020     GuPCMContactSphereSphere.obj
 0003:00003030       ?minFError@_VecMathTests@aos@shdfnd@physx@@3T__m128@@B 10158030     GuPCMContactSphereSphere.obj
 0003:00003040       ?maxV4Error@_VecMathTests@aos@shdfnd@physx@@3T__m128@@B 10158040     GuPCMContactSphereSphere.obj
 0003:00003050       ?minV4Error@_VecMathTests@aos@shdfnd@physx@@3T__m128@@B 10158050     GuPCMContactSphereSphere.obj
 0003:00003060       ?minV3Error@_VecMathTests@aos@shdfnd@physx@@3T__m128@@B 10158060     GuPCMContactSphereSphere.obj
 0003:00003070       ?maxFError@_VecMathTests@aos@shdfnd@physx@@3T__m128@@B 10158070     GuPCMContactSphereSphere.obj
 0003:00003080       ?maxV3Error@_VecMathTests@aos@shdfnd@physx@@3T__m128@@B 10158080     GuPCMShapeConvex.obj
 0003:00003090       ?minFError@_VecMathTests@aos@shdfnd@physx@@3T__m128@@B 10158090     GuPCMShapeConvex.obj
 0003:000030a0       ?maxV4Error@_VecMathTests@aos@shdfnd@physx@@3T__m128@@B 101580a0     GuPCMShapeConvex.obj
 0003:000030b0       ?minV4Error@_VecMathTests@aos@shdfnd@physx@@3T__m128@@B 101580b0     GuPCMShapeConvex.obj
 0003:000030c0       ?minV3Error@_VecMathTests@aos@shdfnd@physx@@3T__m128@@B 101580c0     GuPCMShapeConvex.obj
 0003:000030d0       ?maxFError@_VecMathTests@aos@shdfnd@physx@@3T__m128@@B 101580d0     GuPCMShapeConvex.obj
 0003:000030e0       ?maxV3Error@_VecMathTests@aos@shdfnd@physx@@3T__m128@@B 101580e0     GuPCMTriangleContactGen.obj
 0003:000030f0       ?minFError@_VecMathTests@aos@shdfnd@physx@@3T__m128@@B 101580f0     GuPCMTriangleContactGen.obj
 0003:00003100       ?maxV4Error@_VecMathTests@aos@shdfnd@physx@@3T__m128@@B 10158100     GuPCMTriangleContactGen.obj
 0003:00003110       ?minV4Error@_VecMathTests@aos@shdfnd@physx@@3T__m128@@B 10158110     GuPCMTriangleContactGen.obj
 0003:00003120       ?minV3Error@_VecMathTests@aos@shdfnd@physx@@3T__m128@@B 10158120     GuPCMTriangleContactGen.obj
 0003:00003130       ?maxFError@_VecMathTests@aos@shdfnd@physx@@3T__m128@@B 10158130     GuPCMTriangleContactGen.obj
 0003:00003140       ?maxV3Error@_VecMathTests@aos@shdfnd@physx@@3T__m128@@B 10158140     GuPersistentContactManifold.obj
 0003:00003150       ?minFError@_VecMathTests@aos@shdfnd@physx@@3T__m128@@B 10158150     GuPersistentContactManifold.obj
 0003:00003160       ?maxV4Error@_VecMathTests@aos@shdfnd@physx@@3T__m128@@B 10158160     GuPersistentContactManifold.obj
 0003:00003170       ?minV4Error@_VecMathTests@aos@shdfnd@physx@@3T__m128@@B 10158170     GuPersistentContactManifold.obj
 0003:00003180       ?minV3Error@_VecMathTests@aos@shdfnd@physx@@3T__m128@@B 10158180     GuPersistentContactManifold.obj
 0003:00003190       ?maxFError@_VecMathTests@aos@shdfnd@physx@@3T__m128@@B 10158190     GuPersistentContactManifold.obj
 0003:000031a0       ?maxV3Error@_VecMathTests@aos@shdfnd@physx@@3T__m128@@B 101581a0     GuSweepBoxBox.obj
 0003:000031b0       ?minFError@_VecMathTests@aos@shdfnd@physx@@3T__m128@@B 101581b0     GuSweepBoxBox.obj
 0003:000031c0       ?maxV4Error@_VecMathTests@aos@shdfnd@physx@@3T__m128@@B 101581c0     GuSweepBoxBox.obj
 0003:000031d0       ?minV4Error@_VecMathTests@aos@shdfnd@physx@@3T__m128@@B 101581d0     GuSweepBoxBox.obj
 0003:000031e0       ?minV3Error@_VecMathTests@aos@shdfnd@physx@@3T__m128@@B 101581e0     GuSweepBoxBox.obj
 0003:000031f0       ?maxFError@_VecMathTests@aos@shdfnd@physx@@3T__m128@@B 101581f0     GuSweepBoxBox.obj
 0003:00003200       ?maxV3Error@_VecMathTests@aos@shdfnd@physx@@3T__m128@@B 10158200     GuSweepBoxSphere.obj
 0003:00003210       ?minFError@_VecMathTests@aos@shdfnd@physx@@3T__m128@@B 10158210     GuSweepBoxSphere.obj
 0003:00003220       ?maxV4Error@_VecMathTests@aos@shdfnd@physx@@3T__m128@@B 10158220     GuSweepBoxSphere.obj
 0003:00003230       ?minV4Error@_VecMathTests@aos@shdfnd@physx@@3T__m128@@B 10158230     GuSweepBoxSphere.obj
 0003:00003240       ?minV3Error@_VecMathTests@aos@shdfnd@physx@@3T__m128@@B 10158240     GuSweepBoxSphere.obj
 0003:00003250       ?maxFError@_VecMathTests@aos@shdfnd@physx@@3T__m128@@B 10158250     GuSweepBoxSphere.obj
 0003:00003260       ?maxV3Error@_VecMathTests@aos@shdfnd@physx@@3T__m128@@B 10158260     GuSweepBoxTriangle_FeatureBased.obj
 0003:00003270       ?minFError@_VecMathTests@aos@shdfnd@physx@@3T__m128@@B 10158270     GuSweepBoxTriangle_FeatureBased.obj
 0003:00003280       ?maxV4Error@_VecMathTests@aos@shdfnd@physx@@3T__m128@@B 10158280     GuSweepBoxTriangle_FeatureBased.obj
 0003:00003290       ?minV4Error@_VecMathTests@aos@shdfnd@physx@@3T__m128@@B 10158290     GuSweepBoxTriangle_FeatureBased.obj
 0003:000032a0       ?minV3Error@_VecMathTests@aos@shdfnd@physx@@3T__m128@@B 101582a0     GuSweepBoxTriangle_FeatureBased.obj
 0003:000032b0       ?maxFError@_VecMathTests@aos@shdfnd@physx@@3T__m128@@B 101582b0     GuSweepBoxTriangle_FeatureBased.obj
 0003:000032c0       ?maxV3Error@_VecMathTests@aos@shdfnd@physx@@3T__m128@@B 101582c0     GuSweepBoxTriangle_SAT.obj
 0003:000032d0       ?minFError@_VecMathTests@aos@shdfnd@physx@@3T__m128@@B 101582d0     GuSweepBoxTriangle_SAT.obj
 0003:000032e0       ?maxV4Error@_VecMathTests@aos@shdfnd@physx@@3T__m128@@B 101582e0     GuSweepBoxTriangle_SAT.obj
 0003:000032f0       ?minV4Error@_VecMathTests@aos@shdfnd@physx@@3T__m128@@B 101582f0     GuSweepBoxTriangle_SAT.obj
 0003:00003300       ?minV3Error@_VecMathTests@aos@shdfnd@physx@@3T__m128@@B 10158300     GuSweepBoxTriangle_SAT.obj
 0003:00003310       ?maxFError@_VecMathTests@aos@shdfnd@physx@@3T__m128@@B 10158310     GuSweepBoxTriangle_SAT.obj
 0003:00003320       ?maxV3Error@_VecMathTests@aos@shdfnd@physx@@3T__m128@@B 10158320     GuSweepCapsuleBox.obj
 0003:00003330       ?minFError@_VecMathTests@aos@shdfnd@physx@@3T__m128@@B 10158330     GuSweepCapsuleBox.obj
 0003:00003340       ?maxV4Error@_VecMathTests@aos@shdfnd@physx@@3T__m128@@B 10158340     GuSweepCapsuleBox.obj
 0003:00003350       ?minV4Error@_VecMathTests@aos@shdfnd@physx@@3T__m128@@B 10158350     GuSweepCapsuleBox.obj
 0003:00003360       ?minV3Error@_VecMathTests@aos@shdfnd@physx@@3T__m128@@B 10158360     GuSweepCapsuleBox.obj
 0003:00003370       ?maxFError@_VecMathTests@aos@shdfnd@physx@@3T__m128@@B 10158370     GuSweepCapsuleBox.obj
 0003:00003380       ?maxV3Error@_VecMathTests@aos@shdfnd@physx@@3T__m128@@B 10158380     GuSweepCapsuleTriangle.obj
 0003:00003390       ?minFError@_VecMathTests@aos@shdfnd@physx@@3T__m128@@B 10158390     GuSweepCapsuleTriangle.obj
 0003:000033a0       ?maxV4Error@_VecMathTests@aos@shdfnd@physx@@3T__m128@@B 101583a0     GuSweepCapsuleTriangle.obj
 0003:000033b0       ?minV4Error@_VecMathTests@aos@shdfnd@physx@@3T__m128@@B 101583b0     GuSweepCapsuleTriangle.obj
 0003:000033c0       ?minV3Error@_VecMathTests@aos@shdfnd@physx@@3T__m128@@B 101583c0     GuSweepCapsuleTriangle.obj
 0003:000033d0       ?maxFError@_VecMathTests@aos@shdfnd@physx@@3T__m128@@B 101583d0     GuSweepCapsuleTriangle.obj
 0003:000033e0       ?maxV3Error@_VecMathTests@aos@shdfnd@physx@@3T__m128@@B 101583e0     GuSweepSphereTriangle.obj
 0003:000033f0       ?minFError@_VecMathTests@aos@shdfnd@physx@@3T__m128@@B 101583f0     GuSweepSphereTriangle.obj
 0003:00003400       ?maxV4Error@_VecMathTests@aos@shdfnd@physx@@3T__m128@@B 10158400     GuSweepSphereTriangle.obj
 0003:00003410       ?minV4Error@_VecMathTests@aos@shdfnd@physx@@3T__m128@@B 10158410     GuSweepSphereTriangle.obj
 0003:00003420       ?minV3Error@_VecMathTests@aos@shdfnd@physx@@3T__m128@@B 10158420     GuSweepSphereTriangle.obj
 0003:00003430       ?maxFError@_VecMathTests@aos@shdfnd@physx@@3T__m128@@B 10158430     GuSweepSphereTriangle.obj
 0003:00003440       ?maxV3Error@_VecMathTests@aos@shdfnd@physx@@3T__m128@@B 10158440     GuSweepTriangleUtils.obj
 0003:00003450       ?minFError@_VecMathTests@aos@shdfnd@physx@@3T__m128@@B 10158450     GuSweepTriangleUtils.obj
 0003:00003460       ?maxV4Error@_VecMathTests@aos@shdfnd@physx@@3T__m128@@B 10158460     GuSweepTriangleUtils.obj
 0003:00003470       ?minV4Error@_VecMathTests@aos@shdfnd@physx@@3T__m128@@B 10158470     GuSweepTriangleUtils.obj
 0003:00003480       ?minV3Error@_VecMathTests@aos@shdfnd@physx@@3T__m128@@B 10158480     GuSweepTriangleUtils.obj
 0003:00003490       ?maxFError@_VecMathTests@aos@shdfnd@physx@@3T__m128@@B 10158490     GuSweepTriangleUtils.obj
 0003:000034c8       ?__proc_attached@@3HA      101584c8     MSVCRT:dll_dllmain.obj
 0003:000034f0       ?is_initialized_as_dll@@3_NA 101584f0     MSVCRT:utility.obj
 0003:000034f1       ?module_local_atexit_table_initialized@@3_NA 101584f1     MSVCRT:utility.obj
 0003:000034f4       ?module_local_atexit_table@@3U_onexit_table_t@@A 101584f4     MSVCRT:utility.obj
 0003:00003500       ?module_local_at_quick_exit_table@@3U_onexit_table_t@@A 10158500     MSVCRT:utility.obj
 0003:00003510       _GS_ExceptionRecord        10158510     MSVCRT:gs_report.obj
 0003:00003560       _GS_ContextRecord          10158560     MSVCRT:gs_report.obj
 0004:00000000       _static_const_table        10159000     MSVCRT:svml_ssinf4_sse2.obj
 0004:00000100       __e02PI                    10159100     MSVCRT:svml_dtrig.obj
 0004:000002a0       __e04PI                    101592a0     MSVCRT:svml_dtrig.obj
 0004:00000430       _2il0floatpacket_0         10159430     MSVCRT:svml_dtrig.obj
 0004:00000440       _2il0floatpacket_1         10159440     MSVCRT:svml_dtrig.obj
 0004:00000448       __d02PI                    10159448     MSVCRT:svml_dtrig.obj
 0004:00000458       __DP4                      10159458     MSVCRT:svml_dtrig.obj
 0004:00000478       __dPI02                    10159478     MSVCRT:svml_dtrig.obj
 0004:00000488       __d04PI                    10159488     MSVCRT:svml_dtrig.obj
 0004:00000498       __QP4                      10159498     MSVCRT:svml_dtrig.obj
 0004:000004b8       __dPI04                    101594b8     MSVCRT:svml_dtrig.obj
 0004:00002600       __vmlsSinHATab             1015b600     MSVCRT:svml_s_sin_cout.obj
 0005:000000a0       $R000000                   1015c0a0     PhysXCommon.res
 0005:000003d0       $R000330                   1015c3d0     PhysXCommon.res
