 PhysXCooking_32

 Timestamp is 605062fd (Tue Mar 16 16:49:17 2021)

 Preferred load address is 10000000

 Start         Length     Name                   Class
 0001:00000000 00000640H .text$di                CODE
 0001:00000640 00027651H .text$mn                CODE
 0002:00000000 000000dcH .idata$5                DATA
 0002:000000dc 00000004H .00cfg                  DATA
 0002:000000e0 00000004H .CRT$XCA                DATA
 0002:000000e4 000000f0H .CRT$XCU                DATA
 0002:000001d4 00000004H .CRT$XCZ                DATA
 0002:000001d8 00000004H .CRT$XIA                DATA
 0002:000001dc 00000004H .CRT$XIZ                DATA
 0002:000001e0 00000004H .CRT$XPA                DATA
 0002:000001e4 00000004H .CRT$XPZ                DATA
 0002:000001e8 00000004H .CRT$XTA                DATA
 0002:000001ec 00000004H .CRT$XTZ                DATA
 0002:000001f0 00000000H .gfids$y                DATA
 0002:000001f0 00001c84H .rdata                  DATA
 0002:00001e74 0000004cH .rdata$r                DATA
 0002:00001ec0 00000004H .rdata$sxdata           DATA
 0002:00001ec4 0000037cH .rdata$zzzdbg           DATA
 0002:00002240 00000004H .rtc$IAA                DATA
 0002:00002244 00000004H .rtc$IZZ                DATA
 0002:00002248 00000004H .rtc$TAA                DATA
 0002:0000224c 00000004H .rtc$TZZ                DATA
 0002:00002250 00000084H .xdata$x                DATA
 0002:000022d4 00000040H .didat$2                DATA
 0002:00002314 00000020H .didat$3                DATA
 0002:00002334 000000ccH .didat$4                DATA
 0002:00002400 00000974H .didat$6                DATA
 0002:00002d74 000000ccH .didat$7                DATA
 0002:00002e40 00001c38H .edata                  DATA
 0002:00004a78 00000064H .idata$2                DATA
 0002:00004adc 00000014H .idata$3                DATA
 0002:00004af0 000000dcH .idata$4                DATA
 0002:00004bcc 00000460H .idata$6                DATA
 0003:00000000 00000044H .data                   DATA
 0003:00000044 000004c4H .data$r                 DATA
 0003:00000508 000000d8H .didat$5                DATA
 0003:000005e0 00000758H .bss                    DATA
 0004:00000000 00002608H _RDATA                  DATA
 0005:00000000 000000a0H .rsrc$01                DATA
 0005:000000a0 000004b0H .rsrc$02                DATA

  Address         Publics by Value              Rva+Base       Lib:Object

 0000:00000000       ___guard_iat_table         00000000     <absolute>
 0000:00000000       ___hybrid_code_map_count   00000000     <absolute>
 0000:00000000       ___guard_longjmp_table     00000000     <absolute>
 0000:00000000       ___hybrid_auxiliary_iat    00000000     <absolute>
 0000:00000000       ___guard_fids_count        00000000     <absolute>
 0000:00000000       ___volatile_metadata       00000000     <absolute>
 0000:00000000       ___guard_fids_table        00000000     <absolute>
 0000:00000000       ___enclave_config          00000000     <absolute>
 0000:00000000       ___guard_longjmp_count     00000000     <absolute>
 0000:00000000       ___dynamic_value_reloc_table 00000000     <absolute>
 0000:00000000       ___hybrid_code_map         00000000     <absolute>
 0000:00000000       ___AbsoluteZero            00000000     <absolute>
 0000:00000000       ___guard_iat_count         00000000     <absolute>
 0000:00000001       ___safe_se_handler_count   00000001     <absolute>
 0000:00000100       ___guard_flags             00000100     <absolute>
 0000:00000000       ___ImageBase               10000000     <linker-defined>
 0001:00000640       ?ComputeNbBoundaryEdges@AdjTriangle@physx@@QBEIXZ 10001640 f   Adjacencies.obj
 0001:00000680       ?ComputeNbNeighbors@AdjTriangle@physx@@QBEIXZ 10001680 f   Adjacencies.obj
 0001:000006c0       ?HasNeighbor@AdjTriangle@physx@@QBE_NIPAI@Z 100016c0 f   Adjacencies.obj
 0001:00000740       ?Flip@AdjTriangle@physx@@QAEXXZ 10001740 f   Adjacencies.obj
 0001:00000750       ??0Adjacencies@physx@@QAE@XZ 10001750 f   Adjacencies.obj
 0001:00000760       ??1Adjacencies@physx@@QAE@XZ 10001760 f   Adjacencies.obj
 0001:000007a0       ?Load@Adjacencies@physx@@QAE_NAAVPxInputStream@2@@Z 100017a0 f   Adjacencies.obj
 0001:00000880       ?ComputeNbBoundaryEdges@Adjacencies@physx@@QBEIXZ 10001880 f   Adjacencies.obj
 0001:000008f0       ?GetBoundaryVertices@Adjacencies@physx@@QBE_NIPA_NPBU?$TriangleT@I@Gu@2@@Z 100018f0 f   Adjacencies.obj
 0001:00000a40       ?MakeLastRef@Adjacencies@physx@@QAE_NAAVAdjTriangle@2@IPAU?$TriangleT@I@Gu@2@@Z 10001a40 f   Adjacencies.obj
 0001:00000c00       ?AssignNewEdgeCode@Adjacencies@physx@@AAEXIE@Z 10001c00 f   Adjacencies.obj
 0001:00000c40       ??0AdjacenciesBuilder@physx@@QAE@XZ 10001c40 f   Adjacencies.obj
 0001:00000c50       ??1AdjacenciesBuilder@physx@@QAE@XZ 10001c50 f   Adjacencies.obj
 0001:00000c90       ?Init@AdjacenciesBuilder@physx@@QAE_NABUADJACENCIESCREATE@2@@Z 10001c90 f   Adjacencies.obj
 0001:00001000       ??0AdjEdge@@QAE@XZ         10002000 f i Adjacencies.obj
 0001:00001010       ??0AdjTriangle@physx@@QAE@XZ 10002010 f i Adjacencies.obj
 0001:00001020       ??0Allocator@shdfnd@physx@@QAE@PBD@Z 10002020 f i Adjacencies.obj
 0001:00001030       ??0PxFoundation@physx@@QAE@ABV01@@Z 10002030 f i Adjacencies.obj
 0001:00001040       ??0PxFoundation@physx@@QAE@XZ 10002040 f i Adjacencies.obj
 0001:00001050       ??1AdjEdge@@QAE@XZ         10002050 f i Adjacencies.obj
 0001:00001060       ??1AdjTriangle@physx@@QAE@XZ 10002060 f i Adjacencies.obj
 0001:00001070       ??1PxFoundation@physx@@MAE@XZ 10002070 f i Adjacencies.obj
 0001:00001080       ??4Allocator@shdfnd@physx@@QAEAAV012@$$QAV012@@Z 10002080 f i Adjacencies.obj
 0001:00001090       ??4Allocator@shdfnd@physx@@QAEAAV012@ABV012@@Z 10002090 f i Adjacencies.obj
 0001:000010a0       ??4MutexImpl@shdfnd@physx@@QAEAAV012@ABV012@@Z 100020a0 f i Adjacencies.obj
 0001:000010b0       ??4PxFoundation@physx@@QAEAAV01@ABV01@@Z 100020b0 f i Adjacencies.obj
 0001:000010c0       ??_EAdjEdge@@QAEPAXI@Z     100020c0 f i Adjacencies.obj
 0001:00001130       ??_EAdjTriangle@physx@@QAEPAXI@Z 10002130 f i Adjacencies.obj
 0001:000011a0       ??_EPxFoundation@physx@@MAEPAXI@Z 100021a0 f i Adjacencies.obj
 0001:00001210       ??_FAllocator@shdfnd@physx@@QAEXXZ 10002210 f i Adjacencies.obj
 0001:00001220       ??_GPxFoundation@physx@@MAEPAXI@Z 10002220 f i Adjacencies.obj
 0001:00001250       ??_H@YGXPAXIIP6EPAX0@Z@Z   10002250 f i Adjacencies.obj
 0001:00001280       ??_I@YGXPAXIIP6EX0@Z@Z     10002280 f i Adjacencies.obj
 0001:000014a0       ?GetNbHits@RadixSort@Cm@physx@@QBEIXZ 100024a0 f i Adjacencies.obj
 0001:000014b0       ?GetNbTotalCalls@RadixSort@Cm@physx@@QBEIXZ 100024b0 f i Adjacencies.obj
 0001:000014c0       ?GetRanks@RadixSort@Cm@physx@@QBEPBIXZ 100024c0 f i Adjacencies.obj
 0001:000014d0       ?GetRecyclable@RadixSort@Cm@physx@@QBEPAIXZ 100024d0 f i Adjacencies.obj
 0001:00001680       ?__empty_global_delete@@YAXPAX@Z 10002680 f i Adjacencies.obj
 0001:00001690       ?__empty_global_delete@@YAXPAXI@Z 10002690 f i Adjacencies.obj
 0001:000016a0       ?getAllocator@Foundation@shdfnd@physx@@QAEAAVPxAllocatorCallback@3@XZ 100026a0 f i Adjacencies.obj
 0001:000016b0       ?getAllocatorCallback@Foundation@shdfnd@physx@@UAEAAVPxAllocatorCallback@3@XZ 100026b0 f i Adjacencies.obj
 0001:000016c0       ?getErrorCallback@Foundation@shdfnd@physx@@UAEAAVPxErrorCallback@3@XZ 100026c0 f i Adjacencies.obj
 0001:000016d0       ?getErrorLevel@Foundation@shdfnd@physx@@UBE?AW4Enum@PxErrorCode@3@XZ 100026d0 f i Adjacencies.obj
 0001:000016e0       ?getInternalErrorCallback@Foundation@shdfnd@physx@@QAEAAVPxErrorCallback@3@XZ 100026e0 f i Adjacencies.obj
 0001:000016f0       ?getNamedAllocMap@Foundation@shdfnd@physx@@QAEAAV?$HashMap@PBVNamedAllocator@shdfnd@physx@@PBDU?$Hash@PBVNamedAllocator@shdfnd@physx@@@23@VNonTrackingAllocator@23@@23@XZ 100026f0 f i Adjacencies.obj
 0001:00001700       ?getNamedAllocMutex@Foundation@shdfnd@physx@@QAEAAV?$MutexT@VAllocator@shdfnd@physx@@@23@XZ 10002700 f i Adjacencies.obj
 0001:00001710       ?getReportAllocationNames@Foundation@shdfnd@physx@@UBE_NXZ 10002710 f i Adjacencies.obj
 0001:00001720       ?getTempAllocFreeTable@Foundation@shdfnd@physx@@QAEAAV?$Array@PATTempAllocatorChunk@shdfnd@physx@@VAllocator@23@@23@XZ 10002720 f i Adjacencies.obj
 0001:00001730       ?getTempAllocMutex@Foundation@shdfnd@physx@@QAEAAV?$MutexT@VAllocator@shdfnd@physx@@@23@XZ 10002730 f i Adjacencies.obj
 0001:00001740       ?invalidateRanks@RadixSort@Cm@physx@@QAEXXZ 10002740 f i Adjacencies.obj
 0001:00001750       ?setErrorLevel@Foundation@shdfnd@physx@@UAEXW4Enum@PxErrorCode@3@@Z 10002750 f i Adjacencies.obj
 0001:00001760       ?setReportAllocationNames@Foundation@shdfnd@physx@@UAEX_N@Z 10002760 f i Adjacencies.obj
 0001:00001770       _PxCreateCooking           10002770 f   Cooking.obj
 0001:00001830       ?release@Cooking@physx@@UAEXXZ 10002830 f   Cooking.obj
 0001:00001840       ?setParams@Cooking@physx@@UAEXABUPxCookingParams@2@@Z 10002840 f   Cooking.obj
 0001:000018a0       ?getParams@Cooking@physx@@UBEABUPxCookingParams@2@XZ 100028a0 f   Cooking.obj
 0001:000018b0       ?platformMismatch@Cooking@physx@@UBE_NXZ 100028b0 f   Cooking.obj
 0001:000018c0       ?cookTriangleMesh@Cooking@physx@@UBE_NABVPxTriangleMeshDesc@2@AAVPxOutputStream@2@PAW4Enum@PxTriangleMeshCookingResult@2@@Z 100028c0 f   Cooking.obj
 0001:000019d0       ?createTriangleMesh@Cooking@physx@@UBEPAVPxTriangleMesh@2@ABVPxTriangleMeshDesc@2@AAVPxPhysicsInsertionCallback@2@PAW4Enum@PxTriangleMeshCookingResult@2@@Z 100029d0 f   Cooking.obj
 0001:00001a50       ?validateTriangleMesh@Cooking@physx@@UBE_NABVPxTriangleMeshDesc@2@@Z 10002a50 f   Cooking.obj
 0001:00001b30       ?cookConvexMesh@Cooking@physx@@UBE_NABVPxConvexMeshDesc@2@AAVPxOutputStream@2@PAW4Enum@PxConvexMeshCookingResult@2@@Z 10002b30 f   Cooking.obj
 0001:00001cb0       ?createConvexMesh@Cooking@physx@@UBEPAVPxConvexMesh@2@ABVPxConvexMeshDesc@2@AAVPxPhysicsInsertionCallback@2@PAW4Enum@PxConvexMeshCookingResult@2@@Z 10002cb0 f   Cooking.obj
 0001:00001e50       ?validateConvexMesh@Cooking@physx@@UBE_NABVPxConvexMeshDesc@2@@Z 10002e50 f   Cooking.obj
 0001:00001ea0       ?computeHullPolygons@Cooking@physx@@UBE_NABVPxSimpleTriangleMesh@2@AAVPxAllocatorCallback@2@AAIAAPAVPxVec3@2@2AAPAI2AAPAUPxHullPolygon@2@@Z 10002ea0 f   Cooking.obj
 0001:00001fd0       ?cookHeightField@Cooking@physx@@UBE_NABVPxHeightFieldDesc@2@AAVPxOutputStream@2@@Z 10002fd0 f   Cooking.obj
 0001:00002090       ?createHeightField@Cooking@physx@@UBEPAVPxHeightField@2@ABVPxHeightFieldDesc@2@AAVPxPhysicsInsertionCallback@2@@Z 10003090 f   Cooking.obj
 0001:000021c0       ?cookBVHStructure@Cooking@physx@@UBE_NABVPxBVHStructureDesc@2@AAVPxOutputStream@2@@Z 100031c0 f   Cooking.obj
 0001:00002270       ?createBVHStructure@Cooking@physx@@UBEPAVPxBVHStructure@2@ABVPxBVHStructureDesc@2@AAVPxPhysicsInsertionCallback@2@@Z 10003270 f   Cooking.obj
 0001:00002320       ?cookConvexMeshInternal@Cooking@physx@@ABE_NABVPxConvexMeshDesc@2@AAVConvexMeshBuilder@2@PAVConvexHullLib@2@PAW4Enum@PxConvexMeshCookingResult@2@@Z 10003320 f   Cooking.obj
 0001:000024f0       ?cookTriangleMesh@Cooking@physx@@ABE_NAAVTriangleMeshBuilder@2@ABVPxTriangleMeshDesc@2@AAVPxOutputStream@2@PAW4Enum@PxTriangleMeshCookingResult@2@@Z 100034f0 f   Cooking.obj
 0001:00002570       ?createTriangleMesh@Cooking@physx@@ABEPAVPxTriangleMesh@2@AAVTriangleMeshBuilder@2@ABVPxTriangleMeshDesc@2@AAVPxPhysicsInsertionCallback@2@PAW4Enum@PxTriangleMeshCookingResult@2@@Z 10003570 f   Cooking.obj
 0001:00002600       ??0DebugText@Cm@physx@@QAE@$$QAU012@@Z 10003600 f i Cooking.obj
 0001:00002650       ??0DebugText@Cm@physx@@QAE@ABU012@@Z 10003650 f i Cooking.obj
 0001:000026a0       ??0HeightFieldData@Gu@physx@@QAE@$$QAU012@@Z 100036a0 f i Cooking.obj
 0001:00002710       ??0HeightFieldData@Gu@physx@@QAE@ABU012@@Z 10003710 f i Cooking.obj
 0001:00002780       ??0HeightFieldData@Gu@physx@@QAE@W4PxEMPTY@2@@Z 10003780 f i Cooking.obj
 0001:00002790       ??0HeightFieldData@Gu@physx@@QAE@XZ 10003790 f i Cooking.obj
 0001:000027a0       ??0PxConvexMeshDesc@physx@@QAE@ABV01@@Z 100037a0 f i Cooking.obj
 0001:000027f0       ??0RenderOutput@Cm@physx@@QAE@AAVRenderBuffer@12@@Z 100037f0 f i Cooking.obj
 0001:000028b0       ??0RenderOutput@Cm@physx@@QAE@ABV012@@Z 100038b0 f i Cooking.obj
 0001:00002960       ??1HeightFieldData@Gu@physx@@QAE@XZ 10003960 f i Cooking.obj
 0001:00002970       ??1PxBase@physx@@MAE@XZ    10003970 f i Cooking.obj
 0001:00002980       ??1PxConvexMesh@physx@@MAE@XZ 10003980 f i Cooking.obj
 0001:00002990       ??1PxCooking@physx@@MAE@XZ 10003990 f i Cooking.obj
 0001:000029a0       ??1PxHeightField@physx@@MAE@XZ 100039a0 f i Cooking.obj
 0001:000029b0       ??4DebugText@Cm@physx@@QAEAAU012@$$QAU012@@Z 100039b0 f i Cooking.obj
 0001:00002a10       ??4DebugText@Cm@physx@@QAEAAU012@ABU012@@Z 10003a10 f i Cooking.obj
 0001:00002a70       ??4FPUGuard@shdfnd@physx@@QAEAAV012@ABV012@@Z 10003a70 f i Cooking.obj
 0001:00002a90       ??4HeightFieldData@Gu@physx@@QAEAAU012@$$QAU012@@Z 10003a90 f i Cooking.obj
 0001:00002b00       ??4HeightFieldData@Gu@physx@@QAEAAU012@ABU012@@Z 10003b00 f i Cooking.obj
 0001:00002b70       ??_GCooking@physx@@UAEPAXI@Z 10003b70 f i Cooking.obj
 0001:00002b70       ??_ECooking@physx@@UAEPAXI@Z 10003b70 f i Cooking.obj
 0001:00002bb0       ??_GPxBase@physx@@MAEPAXI@Z 10003bb0 f i Cooking.obj
 0001:00002bb0       ??_EPxBase@physx@@MAEPAXI@Z 10003bb0 f i Cooking.obj
 0001:00002be0       ??_EPxCooking@physx@@MAEPAXI@Z 10003be0 f i Cooking.obj
 0001:00002be0       ??_GPxCooking@physx@@MAEPAXI@Z 10003be0 f i Cooking.obj
 0001:00002c10       ?allocate@?$Array@UPxDebugLine@physx@@V?$ReflectionAllocator@UPxDebugLine@physx@@@shdfnd@2@@shdfnd@physx@@IAEPAUPxDebugLine@3@I@Z 10003c10 f i Cooking.obj
 0001:00002c80       ?copy@?$Array@UPxDebugLine@physx@@V?$ReflectionAllocator@UPxDebugLine@physx@@@shdfnd@2@@shdfnd@physx@@KAXPAUPxDebugLine@3@0PBU43@@Z 10003c80 f i Cooking.obj
 0001:00002cf0       ?getConcreteTypeName@PxConvexMesh@physx@@UBEPBDXZ 10003cf0 f i Cooking.obj
 0001:00002d00       ?getConcreteTypeName@PxHeightField@physx@@UBEPBDXZ 10003d00 f i Cooking.obj
 0001:00002d10       ?getConvexEdgeThreshold@HeightField@Gu@physx@@UBEMXZ 10003d10 f i Cooking.obj
 0001:00002d20       ?getFlags@HeightField@Gu@physx@@UBE?AV?$PxFlags@W4Enum@PxHeightFieldFlag@physx@@G@3@XZ 10003d20 f i Cooking.obj
 0001:00002d30       ?getFormat@HeightField@Gu@physx@@UBE?AW4Enum@PxHeightFieldFormat@3@XZ 10003d30 f i Cooking.obj
 0001:00002d40       ?getHeight@HeightField@Gu@physx@@UBEMMM@Z 10003d40 f i Cooking.obj
 0001:00002da0       ?getHeightInternal2@HeightField@Gu@physx@@QBEMIMM@Z 10003da0 f i Cooking.obj
 0001:00002ef0       ?getIndexBuffer@ConvexMesh@Gu@physx@@UBEPBEXZ 10003ef0 f i Cooking.obj
 0001:00002f30       ?getNbColumns@HeightField@Gu@physx@@UBEIXZ 10003f30 f i Cooking.obj
 0001:00002f40       ?getNbPolygons@ConvexMesh@Gu@physx@@UBEIXZ 10003f40 f i Cooking.obj
 0001:00002f50       ?getNbRows@HeightField@Gu@physx@@UBEIXZ 10003f50 f i Cooking.obj
 0001:00002f60       ?getNbVertices@ConvexMesh@Gu@physx@@UBEIXZ 10003f60 f i Cooking.obj
 0001:00002f70       ?getPaddedBounds@HeightFieldData@Gu@physx@@QBEABVCenterExtentsPadded@23@XZ 10003f70 f i Cooking.obj
 0001:00002f80       ?getSample@HeightField@Gu@physx@@UBEABUPxHeightFieldSample@3@II@Z 10003f80 f i Cooking.obj
 0001:00002fa0       ?getSampleStride@HeightField@Gu@physx@@UBEIXZ 10003fa0 f i Cooking.obj
 0001:00002fb0       ?getTimestamp@HeightField@Gu@physx@@UBEIXZ 10003fb0 f i Cooking.obj
 0001:00002fc0       ?getTriangleMaterialIndex@HeightField@Gu@physx@@UBEGI@Z 10003fc0 f i Cooking.obj
 0001:00002ff0       ?getTriangleNormal@HeightField@Gu@physx@@UBE?AVPxVec3@3@I@Z 10003ff0 f i Cooking.obj
 0001:000030e0       ?getVertices@ConvexMesh@Gu@physx@@UBEPBVPxVec3@3@XZ 100040e0 f i Cooking.obj
 0001:000030f0       ?isKindOf@PxBase@physx@@MBE_NPBD@Z 100040f0 f i Cooking.obj
 0001:00003140       ?isKindOf@PxConvexMesh@physx@@MBE_NPBD@Z 10004140 f i Cooking.obj
 0001:000031c0       ?isKindOf@PxHeightField@physx@@MBE_NPBD@Z 100041c0 f i Cooking.obj
 0001:00003240       ?isReleasable@PxBase@physx@@UBE_NXZ 10004240 f i Cooking.obj
 0001:00003250       ?outputSegment@RenderOutput@Cm@physx@@QAEXABVPxVec3@3@0@Z 10004250 f i Cooking.obj
 0001:000032e0       ?preExportDataReset@ConvexMesh@Gu@physx@@QAEXXZ 100042e0 f i Cooking.obj
 0001:000032f0       ?preExportDataReset@HeightField@Gu@physx@@QAEXXZ 100042f0 f i Cooking.obj
 0001:00003300       ?recreate@?$Array@UPxDebugLine@physx@@V?$ReflectionAllocator@UPxDebugLine@physx@@@shdfnd@2@@shdfnd@physx@@IAEXI@Z 10004300 f i Cooking.obj
 0001:00003360       ?reserveSegments@RenderOutput@Cm@physx@@QAEPAUPxDebugLine@3@I@Z 10004360 f i Cooking.obj
 0001:000033c0       ??0ReducedVertexCloud@physx@@QAE@PBVPxVec3@1@I@Z 100043c0 f   CookingUtils.obj
 0001:000033f0       ??1ReducedVertexCloud@physx@@QAE@XZ 100043f0 f   CookingUtils.obj
 0001:00003430       ?Clean@ReducedVertexCloud@physx@@QAEAAV12@XZ 10004430 f   CookingUtils.obj
 0001:00003470       ?Reduce@ReducedVertexCloud@physx@@QAE_NPAUREDUCEDCLOUD@2@@Z 10004470 f   CookingUtils.obj
 0001:00003710       ??0EdgeList@Gu@physx@@QAE@XZ 10004710 f   EdgeList.obj
 0001:00003740       ??1EdgeList@Gu@physx@@QAE@XZ 10004740 f   EdgeList.obj
 0001:000037c0       ?load@EdgeList@Gu@physx@@QAE_NAAVPxInputStream@3@@Z 100047c0 f   EdgeList.obj
 0001:00003920       ??0EdgeListBuilder@Gu@physx@@QAE@XZ 10004920 f   EdgeList.obj
 0001:00003950       ??1EdgeListBuilder@Gu@physx@@QAE@XZ 10004950 f   EdgeList.obj
 0001:00003960       ?init@EdgeListBuilder@Gu@physx@@QAE_NABUEDGELISTCREATE@23@@Z 10004960 f   EdgeList.obj
 0001:00003a40       ?createFacesToEdges@EdgeListBuilder@Gu@physx@@AAE_NIPBIPBG@Z 10004a40 f   EdgeList.obj
 0001:00003e00       ?createEdgesToFaces@EdgeListBuilder@Gu@physx@@AAE_NIPBIPBG@Z 10004e00 f   EdgeList.obj
 0001:00003fc0       ?computeActiveEdges@EdgeListBuilder@Gu@physx@@AAE_NIPBIPBGPBVPxVec3@3@M@Z 10004fc0 f   EdgeList.obj
 0001:000057d0       ??$?_UI@@YAPAXIV?$ReflectionAllocator@I@shdfnd@physx@@PBDH@Z 100067d0 f i EdgeList.obj
 0001:00005830       ??0PxVec3@physx@@QAE@XZ    10006830 f i EdgeList.obj
 0001:00005840       ??0MeshCleaner@physx@@QAE@IPBVPxVec3@1@IPBIM@Z 10006840 f   MeshCleaner.obj
 0001:000060d0       ??1MeshCleaner@physx@@QAE@XZ 100070d0 f   MeshCleaner.obj
 0001:00006130       ?createQuantizer@physx@@YAPAVQuantizer@1@XZ 10007130 f   Quantizer.obj
 0001:000061e0       ?kmeans_cluster3d@@YAIPBVPxVec3@physx@@IIPAV12@PAIMM@Z 100071e0 f   Quantizer.obj
 0001:00006220       ??$kmeans_cluster@VPxVec3@physx@@M@@YAIPBVPxVec3@physx@@IIPAV01@PAIMM@Z 10007220 f i Quantizer.obj
 0001:00006820       ??1Quantizer@physx@@MAE@XZ 10007820 f i Quantizer.obj
 0001:00006830       ??1QuantizerImpl@@EAE@XZ   10007830 f i Quantizer.obj
 0001:00006890       ??_GQuantizer@physx@@MAEPAXI@Z 10007890 f i Quantizer.obj
 0001:00006890       ??_EQuantizer@physx@@MAEPAXI@Z 10007890 f i Quantizer.obj
 0001:000068c0       ??_EQuantizerImpl@@EAEPAXI@Z 100078c0 f i Quantizer.obj
 0001:000068c0       ??_GQuantizerImpl@@EAEPAXI@Z 100078c0 f i Quantizer.obj
 0001:00006950       ?getDenormalizeCenter@QuantizerImpl@@UBEABVPxVec3@physx@@XZ 10007950 f i Quantizer.obj
 0001:00006960       ?getDenormalizeScale@QuantizerImpl@@UBEABVPxVec3@physx@@XZ 10007960 f i Quantizer.obj
 0001:00006970       ?growAndPushBack@?$Array@VPxVec3@physx@@V?$ReflectionAllocator@VPxVec3@physx@@@shdfnd@2@@shdfnd@physx@@IAEAAVPxVec3@3@ABV43@@Z 10007970 f i Quantizer.obj
 0001:00006b10       ?kmeansQuantize3D@QuantizerImpl@@UAEPBVPxVec3@physx@@IPBV23@I_NIAAI@Z 10007b10 f i Quantizer.obj
 0001:00006d10       ?normalizeInput@QuantizerImpl@@AAEXIPBVPxVec3@physx@@I@Z 10007d10 f i Quantizer.obj
 0001:00006f90       ?release@QuantizerImpl@@UAEXXZ 10007f90 f i Quantizer.obj
 0001:00006fa0       ??0BVHStructureBuilder@physx@@QAE@XZ 10007fa0 f   BVHStructureBuilder.obj
 0001:00006fd0       ??1BVHStructureBuilder@physx@@QAE@XZ 10007fd0 f   BVHStructureBuilder.obj
 0001:00007030       ?loadFromDesc@BVHStructureBuilder@physx@@QAE_NABVPxBVHStructureDesc@2@@Z 10008030 f   BVHStructureBuilder.obj
 0001:00007350       ?save@BVHStructureBuilder@physx@@QBE_NAAVPxOutputStream@2@_N@Z 10008350 f   BVHStructureBuilder.obj
 0001:00007460       ?moveData@BVHStructureBuilder@physx@@QAEXAAUBVHStructureData@Gu@2@@Z 10008460 f   BVHStructureBuilder.obj
 0001:000074b0       ?flatten@@YAXABVNodeAllocator@Gu@physx@@PAUBVHNode@23@@Z 100084b0 f   BVHStructureBuilder.obj
 0001:00007610       ??$copy@V?$ReflectionAllocator@USlab@NodeAllocator@Gu@physx@@@shdfnd@physx@@@?$Array@USlab@NodeAllocator@Gu@physx@@V?$ReflectionAllocator@USlab@NodeAllocator@Gu@physx@@@shdfnd@4@@shdfnd@physx@@IAEXABV012@@Z 10008610 f i BVHStructureBuilder.obj
 0001:00007680       ??0AABBTreeBuildNode@Gu@physx@@QAE@ABV012@@Z 10008680 f i BVHStructureBuilder.obj
 0001:000076c0       ??0AABBTreeBuildNode@Gu@physx@@QAE@XZ 100086c0 f i BVHStructureBuilder.obj
 0001:000076d0       ??0AABBTreeBuildParams@Gu@physx@@QAE@IIPBVPxBounds3@2@@Z 100086d0 f i BVHStructureBuilder.obj
 0001:000076f0       ??0BuildStats@Gu@physx@@QAE@XZ 100086f0 f i BVHStructureBuilder.obj
 0001:00007700       ??0NodeAllocator@Gu@physx@@QAE@ABV012@@Z 10008700 f i BVHStructureBuilder.obj
 0001:00007730       ??1AABBTreeBuildNode@Gu@physx@@QAE@XZ 10008730 f i BVHStructureBuilder.obj
 0001:00007740       ??1AABBTreeBuildParams@Gu@physx@@QAE@XZ 10008740 f i BVHStructureBuilder.obj
 0001:00007780       ??4AABBTreeBuildNode@Gu@physx@@QAEAAV012@ABV012@@Z 10008780 f i BVHStructureBuilder.obj
 0001:000077c0       ??4AABBTreeBuildParams@Gu@physx@@QAEAAV012@ABV012@@Z 100087c0 f i BVHStructureBuilder.obj
 0001:000077d0       ??4BuildStats@Gu@physx@@QAEAAU012@$$QAU012@@Z 100087d0 f i BVHStructureBuilder.obj
 0001:000077f0       ??4BuildStats@Gu@physx@@QAEAAU012@ABU012@@Z 100087f0 f i BVHStructureBuilder.obj
 0001:00007810       ??4NodeAllocator@Gu@physx@@QAEAAV012@ABV012@@Z 10008810 f i BVHStructureBuilder.obj
 0001:000078a0       ??_FAABBTreeBuildParams@Gu@physx@@QAEXXZ 100088a0 f i BVHStructureBuilder.obj
 0001:000078c0       ?__global_array_delete@@YAXPAX@Z 100088c0 f i BVHStructureBuilder.obj
 0001:000078d0       ?__global_array_delete@@YAXPAXI@Z 100088d0 f i BVHStructureBuilder.obj
 0001:000078e0       ?__global_delete@@YAXPAX@Z 100088e0 f i BVHStructureBuilder.obj
 0001:000078f0       ?__global_delete@@YAXPAXI@Z 100088f0 f i BVHStructureBuilder.obj
 0001:00007900       ?allocate@?$Array@USlab@NodeAllocator@Gu@physx@@V?$ReflectionAllocator@USlab@NodeAllocator@Gu@physx@@@shdfnd@4@@shdfnd@physx@@IAEPAUSlab@NodeAllocator@Gu@3@I@Z 10008900 f i BVHStructureBuilder.obj
 0001:00007970       ?getAABB@AABBTreeBuildNode@Gu@physx@@QBEABVPxBounds3@3@XZ 10008970 f i BVHStructureBuilder.obj
 0001:00007980       ?getCount@BuildStats@Gu@physx@@QBEIXZ 10008980 f i BVHStructureBuilder.obj
 0001:00007990       ?getNbPrimitives@AABBTreeBuildNode@Gu@physx@@QBEIXZ 10008990 f i BVHStructureBuilder.obj
 0001:000079a0       ?getNbRuntimePrimitives@AABBTreeBuildNode@Gu@physx@@QBEIXZ 100089a0 f i BVHStructureBuilder.obj
 0001:000079b0       ?getNeg@AABBTreeBuildNode@Gu@physx@@QBEPBV123@XZ 100089b0 f i BVHStructureBuilder.obj
 0001:000079c0       ?getPos@AABBTreeBuildNode@Gu@physx@@QBEPBV123@XZ 100089c0 f i BVHStructureBuilder.obj
 0001:000079d0       ?getPrimitives@AABBTreeBuildNode@Gu@physx@@QAEPAIPAI@Z 100089d0 f i BVHStructureBuilder.obj
 0001:000079e0       ?getPrimitives@AABBTreeBuildNode@Gu@physx@@QBEPBIPBI@Z 100089e0 f i BVHStructureBuilder.obj
 0001:000079f0       ?increaseCount@BuildStats@Gu@physx@@QAEXI@Z 100089f0 f i BVHStructureBuilder.obj
 0001:00007a00       ?isLeaf@AABBTreeBuildNode@Gu@physx@@QBE_NXZ 10008a00 f i BVHStructureBuilder.obj
 0001:00007a10       ?recreate@?$Array@USlab@NodeAllocator@Gu@physx@@V?$ReflectionAllocator@USlab@NodeAllocator@Gu@physx@@@shdfnd@4@@shdfnd@physx@@IAEXI@Z 10008a10 f i BVHStructureBuilder.obj
 0001:00007a70       ?reset@AABBTreeBuildParams@Gu@physx@@QAEXXZ 10008a70 f i BVHStructureBuilder.obj
 0001:00007ab0       ?reset@BuildStats@Gu@physx@@QAEXXZ 10008ab0 f i BVHStructureBuilder.obj
 0001:00007ac0       ?setCount@BuildStats@Gu@physx@@QAEXI@Z 10008ac0 f i BVHStructureBuilder.obj
 0001:00007ad0       ?setNbRunTimePrimitives@AABBTreeBuildNode@Gu@physx@@QAEXI@Z 10008ad0 f i BVHStructureBuilder.obj
 0001:00007ae0       ?saveHeightField@physx@@YA_NABVHeightField@Gu@1@AAVPxOutputStream@1@_N@Z 10008ae0 f   HeightFieldCooking.obj
 0001:00007cc0       ?buildFromTriangles@RTreeCooker@physx@@SAXAAURTree@Gu@2@PBVPxVec3@2@IPBGPBIIAAV?$Array@IV?$ReflectionAllocator@I@shdfnd@physx@@@shdfnd@2@PAURemapCallback@12@MW4Enum@PxMeshCookingHint@2@@Z 10008cc0 f   RTreeCooking.obj
 0001:00007ef0       ??$partition@UBoundsLTE@physx@@@quickSelect@physx@@YAIPIAIIIIABUBoundsLTE@1@@Z 10008ef0 f i RTreeCooking.obj
 0001:00007f70       ??$quickSelectFirstK@UBoundsLTE@physx@@@quickSelect@physx@@YAXPIAIIIIABUBoundsLTE@1@@Z 10008f70 f i RTreeCooking.obj
 0001:00008040       ??$sort@I@shdfnd@physx@@YAXPAII@Z 10009040 f i RTreeCooking.obj
 0001:00008060       ??$sort@IU?$Less@I@shdfnd@physx@@V?$ReflectionAllocator@I@23@@shdfnd@physx@@YAXPAIIABU?$Less@I@01@ABV?$ReflectionAllocator@I@01@I@Z 10009060 f i RTreeCooking.obj
 0001:000083e0       ??$sort@IUSortBoundsPredicate@physx@@@shdfnd@physx@@YAXPAIIABUSortBoundsPredicate@1@@Z 100093e0 f i RTreeCooking.obj
 0001:00008400       ??$sort@IUSortBoundsPredicate@physx@@V?$ReflectionAllocator@I@shdfnd@2@@shdfnd@physx@@YAXPAIIABUSortBoundsPredicate@1@ABV?$ReflectionAllocator@I@01@I@Z 10009400 f i RTreeCooking.obj
 0001:000088e0       ?allocate@?$Array@UInterval@physx@@V?$InlineAllocator@$0CAAA@V?$ReflectionAllocator@UInterval@physx@@@shdfnd@physx@@@shdfnd@2@@shdfnd@physx@@IAEPAUInterval@3@I@Z 100098e0 f i RTreeCooking.obj
 0001:00008970       ?allocate@?$Array@UPxBounds3V@physx@@V?$ReflectionAllocator@UPxBounds3V@physx@@@shdfnd@2@@shdfnd@physx@@IAEPAUPxBounds3V@3@I@Z 10009970 f i RTreeCooking.obj
 0001:000089e0       ?allocate@?$Array@URTreeNodeNQ@physx@@V?$ReflectionAllocator@URTreeNodeNQ@physx@@@shdfnd@2@@shdfnd@physx@@IAEPAURTreeNodeNQ@3@I@Z 100099e0 f i RTreeCooking.obj
 0001:00008a50       ?allocate@?$Array@URTreeNodeQ@Gu@physx@@V?$ReflectionAllocator@URTreeNodeQ@Gu@physx@@@shdfnd@3@@shdfnd@physx@@IAEPAURTreeNodeQ@Gu@3@I@Z 10009a50 f i RTreeCooking.obj
 0001:00008ac0       ?allocate@?$Array@VPxVec3@physx@@V?$ReflectionAllocator@VPxVec3@physx@@@shdfnd@2@@shdfnd@physx@@IAEPAVPxVec3@3@I@Z 10009ac0 f i RTreeCooking.obj
 0001:00008b30       ?allocate@?$ReflectionAllocator@I@shdfnd@physx@@QAEPAXIPBDH@Z 10009b30 f i RTreeCooking.obj
 0001:00009790       ?copy@?$Array@URTreeNodeNQ@physx@@V?$ReflectionAllocator@URTreeNodeNQ@physx@@@shdfnd@2@@shdfnd@physx@@KAXPAURTreeNodeNQ@3@0PBU43@@Z 1000a790 f i RTreeCooking.obj
 0001:00009800       ?copy@?$Array@VPxVec3@physx@@V?$ReflectionAllocator@VPxVec3@physx@@@shdfnd@2@@shdfnd@physx@@KAXPAVPxVec3@3@0PBV43@@Z 1000a800 f i RTreeCooking.obj
 0001:000098c0       ?growAndPushBack@?$Array@IV?$ReflectionAllocator@I@shdfnd@physx@@@shdfnd@physx@@IAEAAIABI@Z 1000a8c0 f i RTreeCooking.obj
 0001:00009960       ?growAndPushBack@?$Array@UInterval@physx@@V?$InlineAllocator@$0CAAA@V?$ReflectionAllocator@UInterval@physx@@@shdfnd@physx@@@shdfnd@2@@shdfnd@physx@@IAEAAUInterval@3@ABU43@@Z 1000a960 f i RTreeCooking.obj
 0001:00009a30       ?growAndPushBack@?$Array@UPxBounds3V@physx@@V?$ReflectionAllocator@UPxBounds3V@physx@@@shdfnd@2@@shdfnd@physx@@IAEAAUPxBounds3V@3@ABU43@@Z 1000aa30 f i RTreeCooking.obj
 0001:00009ad0       ?growAndPushBack@?$Array@URTreeNodeNQ@physx@@V?$ReflectionAllocator@URTreeNodeNQ@physx@@@shdfnd@2@@shdfnd@physx@@IAEAAURTreeNodeNQ@3@ABU43@@Z 1000aad0 f i RTreeCooking.obj
 0001:00009b80       ?growAndPushBack@?$Array@URTreeNodeQ@Gu@physx@@V?$ReflectionAllocator@URTreeNodeQ@Gu@physx@@@shdfnd@3@@shdfnd@physx@@IAEAAURTreeNodeQ@Gu@3@ABU453@@Z 1000ab80 f i RTreeCooking.obj
 0001:00009c50       ?recreate@?$Array@IV?$ReflectionAllocator@I@shdfnd@physx@@@shdfnd@physx@@IAEXI@Z 1000ac50 f i RTreeCooking.obj
 0001:00009cd0       ?recreate@?$Array@UPxBounds3V@physx@@V?$ReflectionAllocator@UPxBounds3V@physx@@@shdfnd@2@@shdfnd@physx@@IAEXI@Z 1000acd0 f i RTreeCooking.obj
 0001:00009d30       ?recreate@?$Array@URTreeNodeNQ@physx@@V?$ReflectionAllocator@URTreeNodeNQ@physx@@@shdfnd@2@@shdfnd@physx@@IAEXI@Z 1000ad30 f i RTreeCooking.obj
 0001:00009d90       ?recreate@?$Array@URTreeNodeQ@Gu@physx@@V?$ReflectionAllocator@URTreeNodeQ@Gu@physx@@@shdfnd@3@@shdfnd@physx@@IAEXI@Z 1000ad90 f i RTreeCooking.obj
 0001:00009e10       ?recreate@?$Array@VPxVec3@physx@@V?$ReflectionAllocator@VPxVec3@physx@@@shdfnd@2@@shdfnd@physx@@IAEXI@Z 1000ae10 f i RTreeCooking.obj
 0001:00009e70       ?resize@?$Array@IV?$ReflectionAllocator@I@shdfnd@physx@@@shdfnd@physx@@QAEXIABI@Z 1000ae70 f i RTreeCooking.obj
 0001:00009f10       ?resizeUninitialized@?$Array@URTreeNodeNQ@physx@@V?$ReflectionAllocator@URTreeNodeNQ@physx@@@shdfnd@2@@shdfnd@physx@@QAEXI@Z 1000af10 f i RTreeCooking.obj
 0001:00009f40       ?sort4@SubSortQuick@physx@@QAEXPIAIIAAV?$Array@URTreeNodeNQ@physx@@V?$ReflectionAllocator@URTreeNodeNQ@physx@@@shdfnd@2@@shdfnd@2@AAIAAUPxBounds3V@2@I@Z 1000af40 f i RTreeCooking.obj
 0001:0000a350       ?sort4@SubSortSAH@physx@@QAEXPAIIAAV?$Array@URTreeNodeNQ@physx@@V?$ReflectionAllocator@URTreeNodeNQ@physx@@@shdfnd@2@@shdfnd@2@AAIIPAURTreeNodeNQ@2@@Z 1000b350 f i RTreeCooking.obj
 0001:0000aab0       ?split@SubSortSAH@physx@@QAEIPAII@Z 1000bab0 f i RTreeCooking.obj
 0001:0000aee0       ?computeLocalBounds@MeshBulider@physx@@IAEXAAVMeshDataBase@Gu@2@@Z 1000bee0 f   MeshBuilder.obj
 0001:0000af60       ??0TriangleMeshBuilder@physx@@QAE@AAVTriangleMeshData@Gu@1@ABUPxCookingParams@1@@Z 1000bf60 f   TriangleMeshBuilder.obj
 0001:0000af80       ??1TriangleMeshBuilder@physx@@UAE@XZ 1000bf80 f   TriangleMeshBuilder.obj
 0001:0000afb0       ?cleanMesh@TriangleMeshBuilder@physx@@QAE_N_NPAW4Enum@PxTriangleMeshCookingResult@2@@Z 1000bfb0 f   TriangleMeshBuilder.obj
 0001:0000b3a0       ?remapTopology@TriangleMeshBuilder@physx@@QAEXPBI@Z 1000c3a0 f   TriangleMeshBuilder.obj
 0001:0000b5f0       ?createSharedEdgeData@TriangleMeshBuilder@physx@@QAEX_N0@Z 1000c5f0 f   TriangleMeshBuilder.obj
 0001:0000b9b0       ?recordTriangleIndices@TriangleMeshBuilder@physx@@QAEXXZ 1000c9b0 f   TriangleMeshBuilder.obj
 0001:0000ba30       ?createGRBMidPhaseAndData@TriangleMeshBuilder@physx@@QAEXI@Z 1000ca30 f   TriangleMeshBuilder.obj
 0001:0000bd10       ?createGRBData@TriangleMeshBuilder@physx@@QAEXXZ 1000cd10 f   TriangleMeshBuilder.obj
 0001:0000bdb0       ?loadFromDesc@TriangleMeshBuilder@physx@@QAE_NABVPxTriangleMeshDesc@2@PAW4Enum@PxTriangleMeshCookingResult@2@_N@Z 1000cdb0 f   TriangleMeshBuilder.obj
 0001:0000c0d0       ?save@TriangleMeshBuilder@physx@@QBE_NAAVPxOutputStream@2@_NABUPxCookingParams@2@@Z 1000d0d0 f   TriangleMeshBuilder.obj
 0001:0000c5f0       ?checkMeshIndicesSize@TriangleMeshBuilder@physx@@QAEXXZ 1000d5f0 f   TriangleMeshBuilder.obj
 0001:0000c6a0       ?importMesh@TriangleMeshBuilder@physx@@IAE_NABVPxTriangleMeshDesc@2@ABUPxCookingParams@2@PAW4Enum@PxTriangleMeshCookingResult@2@_N@Z 1000d6a0 f   TriangleMeshBuilder.obj
 0001:0000c920       ?releaseEdgeList@TriangleMeshBuilder@physx@@IAEXXZ 1000d920 f   TriangleMeshBuilder.obj
 0001:0000c950       ?createEdgeList@TriangleMeshBuilder@physx@@IAEXXZ 1000d950 f   TriangleMeshBuilder.obj
 0001:0000ca30       ??0RTreeTriangleMeshBuilder@physx@@QAE@ABUPxCookingParams@1@@Z 1000da30 f   TriangleMeshBuilder.obj
 0001:0000caa0       ??1RTreeTriangleMeshBuilder@physx@@UAE@XZ 1000daa0 f   TriangleMeshBuilder.obj
 0001:0000cb20       ?createMidPhaseStructure@RTreeTriangleMeshBuilder@physx@@UAEXXZ 1000db20 f   TriangleMeshBuilder.obj
 0001:0000cbe0       ?saveMidPhaseStructure@RTreeTriangleMeshBuilder@physx@@UBEXAAVPxOutputStream@2@_N@Z 1000dbe0 f   TriangleMeshBuilder.obj
 0001:0000cd70       ??0BV4TriangleMeshBuilder@physx@@QAE@ABUPxCookingParams@1@@Z 1000dd70 f   TriangleMeshBuilder.obj
 0001:0000cdc0       ??1BV4TriangleMeshBuilder@physx@@UAE@XZ 1000ddc0 f   TriangleMeshBuilder.obj
 0001:0000ce20       ?createMidPhaseStructure@BV4TriangleMeshBuilder@physx@@UAEXXZ 1000de20 f   TriangleMeshBuilder.obj
 0001:0000d020       ?saveMidPhaseStructure@BV4TriangleMeshBuilder@physx@@UBEXAAVPxOutputStream@2@_N@Z 1000e020 f   TriangleMeshBuilder.obj
 0001:0000d1c0       ?onMeshIndexFormatChange@BV4TriangleMeshBuilder@physx@@UAEXXZ 1000e1c0 f   TriangleMeshBuilder.obj
 0001:0000d1f0       ?createMidPhaseStructure@BV32TriangleMeshBuilder@physx@@SAXABUPxCookingParams@2@AAVTriangleMeshData@Gu@2@AAVBV32Tree@52@@Z 1000e1f0 f   TriangleMeshBuilder.obj
 0001:0000d320       ?saveMidPhaseStructure@BV32TriangleMeshBuilder@physx@@SAXPAVBV32Tree@Gu@2@AAVPxOutputStream@2@_N@Z 1000e320 f   TriangleMeshBuilder.obj
 0001:0000d480       ?findSharpVertices@GrbTrimeshCookerHelper@physx@@YAXAAV?$Array@USortedNeighbor@GrbTrimeshCookerHelper@physx@@V?$ReflectionAllocator@USortedNeighbor@GrbTrimeshCookerHelper@physx@@@shdfnd@3@@shdfnd@2@AAV?$Array@USharpEdgeRange@GrbTrimeshCookerHelper@physx@@V?$ReflectionAllocator@USharpEdgeRange@GrbTrimeshCookerHelper@physx@@@shdfnd@3@@42@PBUuint3@2@PBUuint4@2@II@Z 1000e480 f   TriangleMeshBuilder.obj
 0001:0000d7e0       ?buildVertexConnectionNew_p1@GrbTrimeshCookerHelper@physx@@YAIAAV?$Array@USortedNeighbor@GrbTrimeshCookerHelper@physx@@V?$ReflectionAllocator@USortedNeighbor@GrbTrimeshCookerHelper@physx@@@shdfnd@3@@shdfnd@2@AAV?$Array@USharpEdgeRange@GrbTrimeshCookerHelper@physx@@V?$ReflectionAllocator@USharpEdgeRange@GrbTrimeshCookerHelper@physx@@@shdfnd@3@@42@PBUuint3@2@PBUuint4@2@II@Z 1000e7e0 f   TriangleMeshBuilder.obj
 0001:0000d8f0       ?buildVertexConnectionNew_p2@GrbTrimeshCookerHelper@physx@@YAXPAI00AAV?$Array@USortedNeighbor@GrbTrimeshCookerHelper@physx@@V?$ReflectionAllocator@USortedNeighbor@GrbTrimeshCookerHelper@physx@@@shdfnd@3@@shdfnd@2@AAV?$Array@USharpEdgeRange@GrbTrimeshCookerHelper@physx@@V?$ReflectionAllocator@USharpEdgeRange@GrbTrimeshCookerHelper@physx@@@shdfnd@3@@42@I@Z 1000e8f0 f   TriangleMeshBuilder.obj
 0001:0000d970       ??$?_UG@@YAPAXIV?$ReflectionAllocator@G@shdfnd@physx@@PBDH@Z 1000e970 f i TriangleMeshBuilder.obj
 0001:0000d9d0       ??$sort@UEdgeTriLookup@physx@@@shdfnd@physx@@YAXPAUEdgeTriLookup@1@I@Z 1000e9d0 f i TriangleMeshBuilder.obj
 0001:0000d9f0       ??$sort@UEdgeTriLookup@physx@@U?$Less@UEdgeTriLookup@physx@@@shdfnd@2@V?$ReflectionAllocator@UEdgeTriLookup@physx@@@42@@shdfnd@physx@@YAXPAUEdgeTriLookup@1@IABU?$Less@UEdgeTriLookup@physx@@@01@ABV?$ReflectionAllocator@UEdgeTriLookup@physx@@@01@I@Z 1000e9f0 f i TriangleMeshBuilder.obj
 0001:0000de70       ??$sort@USortedNeighbor@GrbTrimeshCookerHelper@physx@@@shdfnd@physx@@YAXPAUSortedNeighbor@GrbTrimeshCookerHelper@1@I@Z 1000ee70 f i TriangleMeshBuilder.obj
 0001:0000de90       ??$sort@USortedNeighbor@GrbTrimeshCookerHelper@physx@@U?$Less@USortedNeighbor@GrbTrimeshCookerHelper@physx@@@shdfnd@3@V?$ReflectionAllocator@USortedNeighbor@GrbTrimeshCookerHelper@physx@@@53@@shdfnd@physx@@YAXPAUSortedNeighbor@GrbTrimeshCookerHelper@1@IABU?$Less@USortedNeighbor@GrbTrimeshCookerHelper@physx@@@01@ABV?$ReflectionAllocator@USortedNeighbor@GrbTrimeshCookerHelper@physx@@@01@I@Z 1000ee90 f i TriangleMeshBuilder.obj
 0001:0000e380       ??0PxVec4@physx@@QAE@XZ    1000f380 f i TriangleMeshBuilder.obj
 0001:0000e390       ??0TriangleMeshData@Gu@physx@@QAE@XZ 1000f390 f i TriangleMeshBuilder.obj
 0001:0000e430       ??1BV4TriangleData@Gu@physx@@UAE@XZ 1000f430 f i TriangleMeshBuilder.obj
 0001:0000e460       ??1MeshDataBase@Gu@physx@@UAE@XZ 1000f460 f i TriangleMeshBuilder.obj
 0001:0000e510       ??1RTreeTriangleData@Gu@physx@@UAE@XZ 1000f510 f i TriangleMeshBuilder.obj
 0001:0000e560       ??1RemapCallback@RTreeCooker@physx@@UAE@XZ 1000f560 f i TriangleMeshBuilder.obj
 0001:0000e570       ??1TriangleMeshData@Gu@physx@@UAE@XZ 1000f570 f i TriangleMeshBuilder.obj
 0001:0000e5f0       ??_EBV4TriangleData@Gu@physx@@UAEPAXI@Z 1000f5f0 f i TriangleMeshBuilder.obj
 0001:0000e5f0       ??_GBV4TriangleData@Gu@physx@@UAEPAXI@Z 1000f5f0 f i TriangleMeshBuilder.obj
 0001:0000e650       ??_EBV4TriangleMeshBuilder@physx@@UAEPAXI@Z 1000f650 f i TriangleMeshBuilder.obj
 0001:0000e650       ??_GBV4TriangleMeshBuilder@physx@@UAEPAXI@Z 1000f650 f i TriangleMeshBuilder.obj
 0001:0000e6c0       ??_EMeshDataBase@Gu@physx@@UAEPAXI@Z 1000f6c0 f i TriangleMeshBuilder.obj
 0001:0000e6c0       ??_GMeshDataBase@Gu@physx@@UAEPAXI@Z 1000f6c0 f i TriangleMeshBuilder.obj
 0001:0000e700       ??_ERTreeCookerRemap@physx@@UAEPAXI@Z 1000f700 f i TriangleMeshBuilder.obj
 0001:0000e700       ??_GRTreeCookerRemap@physx@@UAEPAXI@Z 1000f700 f i TriangleMeshBuilder.obj
 0001:0000e730       ??_ERTreeTriangleData@Gu@physx@@UAEPAXI@Z 1000f730 f i TriangleMeshBuilder.obj
 0001:0000e730       ??_GRTreeTriangleData@Gu@physx@@UAEPAXI@Z 1000f730 f i TriangleMeshBuilder.obj
 0001:0000e7b0       ??_GRTreeTriangleMeshBuilder@physx@@UAEPAXI@Z 1000f7b0 f i TriangleMeshBuilder.obj
 0001:0000e7b0       ??_ERTreeTriangleMeshBuilder@physx@@UAEPAXI@Z 1000f7b0 f i TriangleMeshBuilder.obj
 0001:0000e840       ??_GRemapCallback@RTreeCooker@physx@@UAEPAXI@Z 1000f840 f i TriangleMeshBuilder.obj
 0001:0000e840       ??_ERemapCallback@RTreeCooker@physx@@UAEPAXI@Z 1000f840 f i TriangleMeshBuilder.obj
 0001:0000e870       ??_GTriangleMeshBuilder@physx@@UAEPAXI@Z 1000f870 f i TriangleMeshBuilder.obj
 0001:0000e870       ??_ETriangleMeshBuilder@physx@@UAEPAXI@Z 1000f870 f i TriangleMeshBuilder.obj
 0001:0000e8c0       ??_ETriangleMeshData@Gu@physx@@UAEPAXI@Z 1000f8c0 f i TriangleMeshBuilder.obj
 0001:0000e8c0       ??_GTriangleMeshData@Gu@physx@@UAEPAXI@Z 1000f8c0 f i TriangleMeshBuilder.obj
 0001:0000e900       ?allocate@?$ReflectionAllocator@USortedNeighbor@GrbTrimeshCookerHelper@physx@@@shdfnd@physx@@QAEPAXIPBDH@Z 1000f900 f i TriangleMeshBuilder.obj
 0001:0000e960       ?allocateTriangles@TriangleMeshData@Gu@physx@@QAEPAXI_NI@Z 1000f960 f i TriangleMeshBuilder.obj
 0001:0000ef40       ?getMidphaseID@BV4TriangleMeshBuilder@physx@@UBE?AW4Enum@PxMeshMidPhase@2@XZ 1000ff40 f i TriangleMeshBuilder.obj
 0001:0000ef50       ?getMidphaseID@RTreeTriangleMeshBuilder@physx@@UBE?AW4Enum@PxMeshMidPhase@2@XZ 1000ff50 f i TriangleMeshBuilder.obj
 0001:0000ef60       ?growAndPushBack@?$Array@USortedNeighbor@GrbTrimeshCookerHelper@physx@@V?$ReflectionAllocator@USortedNeighbor@GrbTrimeshCookerHelper@physx@@@shdfnd@3@@shdfnd@physx@@IAEAAUSortedNeighbor@GrbTrimeshCookerHelper@3@ABU453@@Z 1000ff60 f i TriangleMeshBuilder.obj
 0001:0000f020       ?onMeshIndexFormatChange@TriangleMeshBuilder@physx@@UAEXXZ 10010020 f i TriangleMeshBuilder.obj
 0001:0000f030       ?recreate@?$Array@USharpEdgeRange@GrbTrimeshCookerHelper@physx@@V?$ReflectionAllocator@USharpEdgeRange@GrbTrimeshCookerHelper@physx@@@shdfnd@3@@shdfnd@physx@@IAEXI@Z 10010030 f i TriangleMeshBuilder.obj
 0001:0000f0e0       ?recreate@?$Array@USortedNeighbor@GrbTrimeshCookerHelper@physx@@V?$ReflectionAllocator@USortedNeighbor@GrbTrimeshCookerHelper@physx@@@shdfnd@3@@shdfnd@physx@@IAEXI@Z 100100e0 f i TriangleMeshBuilder.obj
 0001:0000f160       ?remap@RTreeCookerRemap@physx@@UAEXPAIII@Z 10010160 f i TriangleMeshBuilder.obj
 0001:0000f180       ?resize@?$Array@USharpEdgeRange@GrbTrimeshCookerHelper@physx@@V?$ReflectionAllocator@USharpEdgeRange@GrbTrimeshCookerHelper@physx@@@shdfnd@3@@shdfnd@physx@@QAEXIABUSharpEdgeRange@GrbTrimeshCookerHelper@3@@Z 10010180 f i TriangleMeshBuilder.obj
 0001:0000f1d0       ?resizeUninitialized@?$Array@USortedNeighbor@GrbTrimeshCookerHelper@physx@@V?$ReflectionAllocator@USortedNeighbor@GrbTrimeshCookerHelper@physx@@@shdfnd@3@@shdfnd@physx@@QAEXI@Z 100101d0 f i TriangleMeshBuilder.obj
 0001:0000f200       ??0BigConvexDataBuilder@physx@@QAE@PBUConvexHullData@Gu@1@PAVBigConvexData@1@PBVPxVec3@1@@Z 10010200 f   BigConvexDataBuilder.obj
 0001:0000f220       ??1BigConvexDataBuilder@physx@@QAE@XZ 10010220 f   BigConvexDataBuilder.obj
 0001:0000f230       ?precompute@BigConvexDataBuilder@physx@@QAE_NI@Z 10010230 f   BigConvexDataBuilder.obj
 0001:0000fba0       ?initialize@BigConvexDataBuilder@physx@@QAE_NXZ 10010ba0 f   BigConvexDataBuilder.obj
 0001:0000fc10       ?save@BigConvexDataBuilder@physx@@QBE_NAAVPxOutputStream@2@_N@Z 10010c10 f   BigConvexDataBuilder.obj
 0001:0000fdc0       ?computeValencies@BigConvexDataBuilder@physx@@QAE_NABVConvexHullBuilder@2@@Z 10010dc0 f   BigConvexDataBuilder.obj
 0001:00010130       ?saveValencies@BigConvexDataBuilder@physx@@QBE_NAAVPxOutputStream@2@_N@Z 10011130 f   BigConvexDataBuilder.obj
 0001:00010260       ??0BigConvexData@physx@@QAE@W4PxEMPTY@1@@Z 10011260 f i BigConvexDataBuilder.obj
 0001:00010270       ??4BigConvexData@physx@@QAEAAV01@ABV01@@Z 10011270 f i BigConvexDataBuilder.obj
 0001:00010290       ?GetAdjacentVerts@BigConvexData@physx@@QBEPBEXZ 10011290 f i BigConvexDataBuilder.obj
 0001:000102a0       ?GetNbNeighbors@BigConvexData@physx@@QBEGI@Z 100112a0 f i BigConvexDataBuilder.obj
 0001:000102b0       ?GetNbSamples@BigConvexData@physx@@QBEIXZ 100112b0 f i BigConvexDataBuilder.obj
 0001:000102c0       ?GetNbVerts@BigConvexData@physx@@QBEIXZ 100112c0 f i BigConvexDataBuilder.obj
 0001:000102d0       ?GetNeighbors@BigConvexData@physx@@QBEPBEI@Z 100112d0 f i BigConvexDataBuilder.obj
 0001:000102f0       ?GetOffset@BigConvexData@physx@@QBEGI@Z 100112f0 f i BigConvexDataBuilder.obj
 0001:00010300       ?GetSubdiv@BigConvexData@physx@@QBEIXZ 10011300 f i BigConvexDataBuilder.obj
 0001:00010310       ?GetValencies@BigConvexData@physx@@QBEPBUValency@Gu@2@XZ 10011310 f i BigConvexDataBuilder.obj
 0001:00010320       ?GetValency@BigConvexData@physx@@QBEGI@Z 10011320 f i BigConvexDataBuilder.obj
 0001:00010330       ??0ConvexHullBuilder@physx@@QAE@PAUConvexHullData@Gu@1@_N@Z 10011330 f   ConvexHullBuilder.obj
 0001:00010380       ??1ConvexHullBuilder@physx@@QAE@XZ 10011380 f   ConvexHullBuilder.obj
 0001:00010450       ?init@ConvexHullBuilder@physx@@QAE_NIPBVPxVec3@2@PBIIIPBUPxHullPolygon@2@_NPAVConvexHullLib@2@@Z 10011450 f   ConvexHullBuilder.obj
 0001:00010c70       ?save@ConvexHullBuilder@physx@@QBE_NAAVPxOutputStream@2@_N@Z 10011c70 f   ConvexHullBuilder.obj
 0001:00010f20       ?copy@ConvexHullBuilder@physx@@QAE_NAAUConvexHullData@Gu@2@AAI@Z 10011f20 f   ConvexHullBuilder.obj
 0001:00011150       ?createEdgeList@ConvexHullBuilder@physx@@QAE_N_NI@Z 10012150 f   ConvexHullBuilder.obj
 0001:000118c0       ?checkHullPolygons@ConvexHullBuilder@physx@@QBE_NXZ 100128c0 f   ConvexHullBuilder.obj
 0001:00011cc0       ?calculateVertexMapTable@ConvexHullBuilder@physx@@QAE_NI_N@Z 10012cc0 f   ConvexHullBuilder.obj
 0001:00011e80       ?computeGeomCenter@ConvexHullBuilder@physx@@IBE_NAAVPxVec3@2@IPAUHullTriangleData@2@@Z 10012e80 f   ConvexHullBuilder.obj
 0001:000120c0       ??1ConvexHullLib@physx@@UAE@XZ 100130c0 f   ConvexHullLib.obj
 0001:00012100       ?cleanupVertices@ConvexHullLib@physx@@IAE_NIPBVPxVec3@2@IAAIPAV32@AAV32@3@Z 10013100 f   ConvexHullLib.obj
 0001:000124b0       ?shiftAndcleanupVertices@ConvexHullLib@physx@@IAE_NIPBVPxVec3@2@IAAIPAV32@AAV32@3@Z 100134b0 f   ConvexHullLib.obj
 0001:00012640       ?swapLargestFace@ConvexHullLib@physx@@IAEXAAVPxConvexMeshDesc@2@@Z 10013640 f   ConvexHullLib.obj
 0001:00012810       ?shiftConvexMeshDesc@ConvexHullLib@physx@@IAEXAAVPxConvexMeshDesc@2@@Z 10013810 f   ConvexHullLib.obj
 0001:000128b0       ??_EConvexHullLib@physx@@UAEPAXI@Z 100138b0 f i ConvexHullLib.obj
 0001:000128b0       ??_GConvexHullLib@physx@@UAEPAXI@Z 100138b0 f i ConvexHullLib.obj
 0001:00012c10       ??0ConvexHull@physx@@QAE@ABVPxVec3@1@0ABV?$Array@VPxPlane@physx@@V?$ReflectionAllocator@VPxPlane@physx@@@shdfnd@2@@shdfnd@1@@Z 10013c10 f   ConvexHullUtils.obj
 0001:00013680       ??0ConvexHull@physx@@QAE@ABVPxVec3@1@ABVPxTransform@1@ABV?$Array@VPxPlane@physx@@V?$ReflectionAllocator@VPxPlane@physx@@@shdfnd@2@@shdfnd@1@@Z 10014680 f   ConvexHullUtils.obj
 0001:000149f0       ?findCandidatePlane@ConvexHull@physx@@QBEHMM@Z 100159f0 f   ConvexHullUtils.obj
 0001:00014c60       ?assertIntact@ConvexHull@physx@@QBE_NM@Z 10015c60 f   ConvexHullUtils.obj
 0001:00014f40       ?maxNumVertsPerFace@ConvexHull@physx@@QBEIXZ 10015f40 f   ConvexHullUtils.obj
 0001:00014fc0       ?convexHullCrop@physx@@YAPAVConvexHull@1@ABV21@ABVPxPlane@1@M@Z 10015fc0 f   ConvexHullUtils.obj
 0001:000160d0       ?computeOBBFromConvex@physx@@YA_NABVPxConvexMeshDesc@1@AAVPxVec3@1@AAVPxTransform@1@@Z 100170d0 f   ConvexHullUtils.obj
 0001:000169f0       ?computeOBBSIMD@local@@YAXIPBT__m128@@AAT2@ABT2@1@Z 100179f0 f   ConvexHullUtils.obj
 0001:00016bd0       ??0Box@Gu@physx@@QAE@ABV012@@Z 10017bd0 f i ConvexHullUtils.obj
 0001:00016c40       ??0Box@Gu@physx@@QAE@ABVPxVec3@2@0ABVPxMat33@2@@Z 10017c40 f i ConvexHullUtils.obj
 0001:00016cb0       ??0Box@Gu@physx@@QAE@XZ    10017cb0 f i ConvexHullUtils.obj
 0001:00016cc0       ??0HalfEdge@ConvexHull@physx@@QAE@XZ 10017cc0 f i ConvexHullUtils.obj
 0001:00016cd0       ??0PxPlane@physx@@QAE@XZ   10017cd0 f i ConvexHullUtils.obj
 0001:00016ce0       ??0PxQuat@physx@@QAE@ABVPxMat33@1@@Z 10017ce0 f i ConvexHullUtils.obj
 0001:00016ea0       ??1Box@Gu@physx@@QAE@XZ    10017ea0 f i ConvexHullUtils.obj
 0001:00016eb0       ??4Box@Gu@physx@@QAEABV012@ABV012@@Z 10017eb0 f i ConvexHullUtils.obj
 0001:00016f20       ?allocate@?$Array@VHalfEdge@ConvexHull@physx@@V?$ReflectionAllocator@VHalfEdge@ConvexHull@physx@@@shdfnd@3@@shdfnd@physx@@IAEPAVHalfEdge@ConvexHull@3@I@Z 10017f20 f i ConvexHullUtils.obj
 0001:00016f90       ?allocate@?$Array@VPxPlane@physx@@V?$ReflectionAllocator@VPxPlane@physx@@@shdfnd@2@@shdfnd@physx@@IAEPAVPxPlane@3@I@Z 10017f90 f i ConvexHullUtils.obj
 0001:00017000       ?computeAABBExtent@Box@Gu@physx@@QBE?AVPxVec3@3@XZ 10018000 f i ConvexHullUtils.obj
 0001:000170b0       ?computeBoxPoints@Box@Gu@physx@@QBEXPIAVPxVec3@3@@Z 100180b0 f i ConvexHullUtils.obj
 0001:000170d0       ?copy@?$Array@VPxPlane@physx@@V?$ReflectionAllocator@VPxPlane@physx@@@shdfnd@2@@shdfnd@physx@@KAXPAVPxPlane@3@0PBV43@@Z 100180d0 f i ConvexHullUtils.obj
 0001:00017120       ?getInverse@PxMat33@physx@@QBE?BV12@XZ 10018120 f i ConvexHullUtils.obj
 0001:00017370       ?getTransform@Box@Gu@physx@@QBE?AVPxTransform@3@XZ 10018370 f i ConvexHullUtils.obj
 0001:000173c0       ?growAndPushBack@?$Array@VHalfEdge@ConvexHull@physx@@V?$ReflectionAllocator@VHalfEdge@ConvexHull@physx@@@shdfnd@3@@shdfnd@physx@@IAEAAVHalfEdge@ConvexHull@3@ABV453@@Z 100183c0 f i ConvexHullUtils.obj
 0001:00017440       ?growAndPushBack@?$Array@VPxPlane@physx@@V?$ReflectionAllocator@VPxPlane@physx@@@shdfnd@2@@shdfnd@physx@@IAEAAVPxPlane@3@ABV43@@Z 10018440 f i ConvexHullUtils.obj
 0001:000174d0       ?isValid@Box@Gu@physx@@QBE_NXZ 100184d0 f i ConvexHullUtils.obj
 0001:000174f0       ?recreate@?$Array@VHalfEdge@ConvexHull@physx@@V?$ReflectionAllocator@VHalfEdge@ConvexHull@physx@@@shdfnd@3@@shdfnd@physx@@IAEXI@Z 100184f0 f i ConvexHullUtils.obj
 0001:00017550       ?recreate@?$Array@VPxPlane@physx@@V?$ReflectionAllocator@VPxPlane@physx@@@shdfnd@2@@shdfnd@physx@@IAEXI@Z 10018550 f i ConvexHullUtils.obj
 0001:000175b0       ?resize@?$Array@VHalfEdge@ConvexHull@physx@@V?$ReflectionAllocator@VHalfEdge@ConvexHull@physx@@@shdfnd@3@@shdfnd@physx@@QAEXIABVHalfEdge@ConvexHull@3@@Z 100185b0 f i ConvexHullUtils.obj
 0001:00017650       ?resize@?$Array@VPxPlane@physx@@V?$ReflectionAllocator@VPxPlane@physx@@@shdfnd@2@@shdfnd@physx@@QAEXIABVPxPlane@3@@Z 10018650 f i ConvexHullUtils.obj
 0001:00017750       ?resize@?$Array@VPxVec3@physx@@V?$ReflectionAllocator@VPxVec3@physx@@@shdfnd@2@@shdfnd@physx@@QAEXIABVPxVec3@3@@Z 10018750 f i ConvexHullUtils.obj
 0001:00017820       ?rotate@Box@Gu@physx@@QBE?AVPxVec3@3@ABV43@@Z 10018820 f i ConvexHullUtils.obj
 0001:000178b0       ?rotateInv@Box@Gu@physx@@QBE?AVPxVec3@3@ABV43@@Z 100188b0 f i ConvexHullUtils.obj
 0001:00017940       ?setAxes@Box@Gu@physx@@QAEXABVPxVec3@3@00@Z 10018940 f i ConvexHullUtils.obj
 0001:00017990       ?setEmpty@Box@Gu@physx@@QAEXXZ 10018990 f i ConvexHullUtils.obj
 0001:00017a00       ?transform@Box@Gu@physx@@QBE?AVPxVec3@3@ABV43@@Z 10018a00 f i ConvexHullUtils.obj
 0001:00017aa0       ??0ConvexMeshBuilder@physx@@QAE@_N@Z 10018aa0 f   ConvexMeshBuilder.obj
 0001:00017b00       ??1ConvexMeshBuilder@physx@@QAE@XZ 10018b00 f   ConvexMeshBuilder.obj
 0001:00017b30       ?build@ConvexMeshBuilder@physx@@QAE_NABVPxConvexMeshDesc@2@I_NPAVConvexHullLib@2@@Z 10018b30 f   ConvexMeshBuilder.obj
 0001:00017dd0       ?save@ConvexMeshBuilder@physx@@QBE_NAAVPxOutputStream@2@_N@Z 10018dd0 f   ConvexMeshBuilder.obj
 0001:00017fc0       ?copy@ConvexMeshBuilder@physx@@QAE_NAAUConvexHullInitData@Gu@2@@Z 10018fc0 f   ConvexMeshBuilder.obj
 0001:000180b0       ?loadConvexHull@ConvexMeshBuilder@physx@@QAE_NABVPxConvexMeshDesc@2@PAVConvexHullLib@2@@Z 100190b0 f   ConvexMeshBuilder.obj
 0001:00018290       ?computeHullPolygons@ConvexMeshBuilder@physx@@QAE_NABIPBVPxVec3@2@0PBIAAVPxAllocatorCallback@2@AAIAAPAV32@4AAPAI4AAPAUPxHullPolygon@2@@Z 10019290 f   ConvexMeshBuilder.obj
 0001:00018410       ?computeGaussMaps@ConvexMeshBuilder@physx@@QAE_NXZ 10019410 f   ConvexMeshBuilder.obj
 0001:000184c0       ?computeMassInfo@ConvexMeshBuilder@physx@@QAEX_N@Z 100194c0 f   ConvexMeshBuilder.obj
 0001:00018920       ?computeInternalObjects@ConvexMeshBuilder@physx@@QAEXXZ 10019920 f   ConvexMeshBuilder.obj
 0001:00018dd0       ?isFinite@PxVec3@physx@@QBE_NXZ 10019dd0 f i ConvexMeshBuilder.obj
 0001:00018e40       ??0ConvexPolygonsBuilder@physx@@QAE@PAUConvexHullData@Gu@1@_N@Z 10019e40 f   ConvexPolygonsBuilder.obj
 0001:00018e70       ??1ConvexPolygonsBuilder@physx@@QAE@XZ 10019e70 f   ConvexPolygonsBuilder.obj
 0001:00018ea0       ?computeHullPolygons@ConvexPolygonsBuilder@physx@@QAE_NABIPBVPxVec3@2@0PBI@Z 10019ea0 f   ConvexPolygonsBuilder.obj
 0001:00019d30       ?createPolygonData@ConvexPolygonsBuilder@physx@@AAE_NXZ 1001ad30 f   ConvexPolygonsBuilder.obj
 0001:0001a840       ?createTrianglesFromPolygons@ConvexPolygonsBuilder@physx@@AAE_NXZ 1001b840 f   ConvexPolygonsBuilder.obj
 0001:0001ad10       ??$?_UE@@YAPAXIV?$ReflectionAllocator@E@shdfnd@physx@@PBDH@Z 1001bd10 f i ConvexPolygonsBuilder.obj
 0001:0001ad70       ??$copy@V?$ReflectionAllocator@VPair@@@shdfnd@physx@@@?$Array@VPair@@V?$ReflectionAllocator@VPair@@@shdfnd@physx@@@shdfnd@physx@@IAEXABV012@@Z 1001bd70 f i ConvexPolygonsBuilder.obj
 0001:0001ade0       ??4?$Array@IV?$ReflectionAllocator@I@shdfnd@physx@@@shdfnd@physx@@QAEAAV012@ABV012@@Z 1001bde0 f i ConvexPolygonsBuilder.obj
 0001:0001b140       ?allocate@?$Array@IV?$ReflectionAllocator@I@shdfnd@physx@@@shdfnd@physx@@IAEPAII@Z 1001c140 f i ConvexPolygonsBuilder.obj
 0001:0001b1b0       ?allocate@?$Array@VPair@@V?$ReflectionAllocator@VPair@@@shdfnd@physx@@@shdfnd@physx@@IAEPAVPair@@I@Z 1001c1b0 f i ConvexPolygonsBuilder.obj
 0001:0001c3f0       ?growAndPushBack@?$Array@VPair@@V?$ReflectionAllocator@VPair@@@shdfnd@physx@@@shdfnd@physx@@IAEAAVPair@@ABV4@@Z 1001d3f0 f i ConvexPolygonsBuilder.obj
 0001:0001c480       ??0QuickHullConvexHullLib@physx@@QAE@ABVPxConvexMeshDesc@1@ABUPxCookingParams@1@@Z 1001d480 f   QuickHullConvexHullLib.obj
 0001:0001c540       ??1QuickHullConvexHullLib@physx@@UAE@XZ 1001d540 f   QuickHullConvexHullLib.obj
 0001:0001c5c0       ?createConvexHull@QuickHullConvexHullLib@physx@@UAE?AW4Enum@PxConvexMeshCookingResult@2@XZ 1001d5c0 f   QuickHullConvexHullLib.obj
 0001:0001cab0       ?fillConvexMeshDesc@QuickHullConvexHullLib@physx@@UAEXAAVPxConvexMeshDesc@2@@Z 1001dab0 f   QuickHullConvexHullLib.obj
 0001:0001caf0       ?createEdgeList@QuickHullConvexHullLib@physx@@UAE_NIPBEPAPAEPAPAG2@Z 1001daf0 f   QuickHullConvexHullLib.obj
 0001:0001cd30       ?expandHullOBB@QuickHullConvexHullLib@physx@@IAE?AW4Enum@PxConvexMeshCookingResult@2@XZ 1001dd30 f   QuickHullConvexHullLib.obj
 0001:0001d130       ?expandHull@QuickHullConvexHullLib@physx@@IAE?AW4Enum@PxConvexMeshCookingResult@2@XZ 1001e130 f   QuickHullConvexHullLib.obj
 0001:0001d780       ?cleanupForSimplex@QuickHullConvexHullLib@physx@@IAE_NPAVPxVec3@2@IPAUQuickHullVertex@local@@1AAM2@Z 1001e780 f   QuickHullConvexHullLib.obj
 0001:0001de80       ?fillConvexMeshDescFromQuickHull@QuickHullConvexHullLib@physx@@IAEXAAVPxConvexMeshDesc@2@@Z 1001ee80 f   QuickHullConvexHullLib.obj
 0001:0001e240       ?fillConvexMeshDescFromCroppedHull@QuickHullConvexHullLib@physx@@IAEXAAVPxConvexMeshDesc@2@@Z 1001f240 f   QuickHullConvexHullLib.obj
 0001:0001e400       ?getOppositeFaceDistance@QuickHullHalfEdge@local@@QBEMXZ 1001f400 f   QuickHullConvexHullLib.obj
 0001:0001e440       ?mergeAdjacentFace@QuickHullFace@local@@QAE_NPAUQuickHullHalfEdge@2@AAV?$Array@PAUQuickHullFace@local@@V?$ReflectionAllocator@PAUQuickHullFace@local@@@shdfnd@physx@@@shdfnd@physx@@@Z 1001f440 f   QuickHullConvexHullLib.obj
 0001:0001e840       ?checkFaceConsistency@QuickHullFace@local@@QAE_NXZ 1001f840 f   QuickHullConvexHullLib.obj
 0001:0001e850       ?connectHalfEdges@QuickHullFace@local@@AAEPAU12@PAUQuickHullHalfEdge@2@0@Z 1001f850 f   QuickHullConvexHullLib.obj
 0001:0001eb70       ??0QuickHull@local@@QAE@ABUPxCookingParams@physx@@ABVPxConvexMeshDesc@3@@Z 1001fb70 f   QuickHullConvexHullLib.obj
 0001:0001ecc0       ??1QuickHull@local@@QAE@XZ 1001fcc0 f   QuickHullConvexHullLib.obj
 0001:0001edc0       ?preallocate@QuickHull@local@@QAEXI@Z 1001fdc0 f   QuickHullConvexHullLib.obj
 0001:0001ef30       ?parseInputVertices@QuickHull@local@@QAEXPBVPxVec3@physx@@I@Z 1001ff30 f   QuickHullConvexHullLib.obj
 0001:0001ef90       ?releaseHull@QuickHull@local@@QAEXXZ 1001ff90 f   QuickHullConvexHullLib.obj
 0001:0001efc0       ?setPrecomputedMinMax@QuickHull@local@@QAEXPBUQuickHullVertex@2@0MM@Z 1001ffc0 f   QuickHullConvexHullLib.obj
 0001:0001f130       ?buildHull@QuickHull@local@@QAE?AW4Enum@QuickHullResult@2@XZ 10020130 f   QuickHullConvexHullLib.obj
 0001:0001f3b0       ?maxNumVertsPerFace@QuickHull@local@@QBEIXZ 100203b0 f   QuickHullConvexHullLib.obj
 0001:0001f3e0       ?computeMinMaxVerts@QuickHull@local@@IAEXXZ 100203e0 f   QuickHullConvexHullLib.obj
 0001:0001f730       ?findSimplex@QuickHull@local@@IAE_NXZ 10020730 f   QuickHullConvexHullLib.obj
 0001:0001fbd0       ?addSimplex@QuickHull@local@@IAEXPAUQuickHullVertex@2@_N@Z 10020bd0 f   QuickHullConvexHullLib.obj
 0001:0001ff80       ?nextPointToAdd@QuickHull@local@@IAEPAUQuickHullVertex@2@AAPAUQuickHullFace@2@@Z 10020f80 f   QuickHullConvexHullLib.obj
 0001:0001fff0       ?addPointToHull@QuickHull@local@@IAE_NPBUQuickHullVertex@2@AAUQuickHullFace@2@AA_N@Z 10020ff0 f   QuickHullConvexHullLib.obj
 0001:00020310       ?createTriangle@QuickHull@local@@IAEPAUQuickHullFace@2@ABUQuickHullVertex@2@00@Z 10021310 f   QuickHullConvexHullLib.obj
 0001:00020680       ?addPointToFace@QuickHull@local@@IAEXAAUQuickHullFace@2@PAUQuickHullVertex@2@M@Z 10021680 f   QuickHullConvexHullLib.obj
 0001:000206d0       ?removeEyePointFromFace@QuickHull@local@@IAEXAAUQuickHullFace@2@PBUQuickHullVertex@2@@Z 100216d0 f   QuickHullConvexHullLib.obj
 0001:000206e0       ?calculateHorizon@QuickHull@local@@IAEXABVPxVec3@physx@@PAUQuickHullHalfEdge@2@AAUQuickHullFace@2@AAV?$Array@PAUQuickHullHalfEdge@local@@V?$ReflectionAllocator@PAUQuickHullHalfEdge@local@@@shdfnd@physx@@@shdfnd@4@AAV?$Array@PAUQuickHullFace@local@@V?$ReflectionAllocator@PAUQuickHullFace@local@@@shdfnd@physx@@@84@@Z 100216e0 f   QuickHullConvexHullLib.obj
 0001:000207f0       ?addNewFacesFromHorizon@QuickHull@local@@IAEXPBUQuickHullVertex@2@ABV?$Array@PAUQuickHullHalfEdge@local@@V?$ReflectionAllocator@PAUQuickHullHalfEdge@local@@@shdfnd@physx@@@shdfnd@physx@@AAV?$Array@PAUQuickHullFace@local@@V?$ReflectionAllocator@PAUQuickHullFace@local@@@shdfnd@physx@@@56@@Z 100217f0 f   QuickHullConvexHullLib.obj
 0001:00020900       ?doAdjacentMerge@QuickHull@local@@IAE_NAAUQuickHullFace@2@_NAA_N@Z 10021900 f   QuickHullConvexHullLib.obj
 0001:00020b40       ?doPostAdjacentMerge@QuickHull@local@@IAE_NAAUQuickHullFace@2@M@Z 10021b40 f   QuickHullConvexHullLib.obj
 0001:00020c30       ?deleteFacePoints@QuickHull@local@@IAEXAAUQuickHullFace@2@PAU32@@Z 10021c30 f   QuickHullConvexHullLib.obj
 0001:00020d20       ?resolveUnclaimedPoints@QuickHull@local@@IAEXABV?$Array@PAUQuickHullFace@local@@V?$ReflectionAllocator@PAUQuickHullFace@local@@@shdfnd@physx@@@shdfnd@physx@@@Z 10021d20 f   QuickHullConvexHullLib.obj
 0001:00020e20       ?postMergeHull@QuickHull@local@@IAEXXZ 10021e20 f   QuickHullConvexHullLib.obj
 0001:00020f50       ?canMergeFaces@QuickHull@local@@IAE_NABUQuickHullHalfEdge@2@@Z 10021f50 f   QuickHullConvexHullLib.obj
 0001:00021670       ?getExpandPoint@local@@YAXABUQuickHullHalfEdge@1@AAUExpandPoint@1@PBV?$Array@IV?$ReflectionAllocator@I@shdfnd@physx@@@shdfnd@physx@@@Z 10022670 f   QuickHullConvexHullLib.obj
 0001:00021710       ?addExpandPoint@local@@YAXABUExpandPoint@1@AAV?$Array@UExpandPoint@local@@V?$ReflectionAllocator@UExpandPoint@local@@@shdfnd@physx@@@shdfnd@physx@@@Z 10022710 f   QuickHullConvexHullLib.obj
 0001:000217f0       ??0PxPlane@physx@@QAE@ABV01@@Z 100227f0 f i QuickHullConvexHullLib.obj
 0001:00021810       ??0QuickHullVertex@local@@QAE@XZ 10022810 f i QuickHullConvexHullLib.obj
 0001:00021820       ??1?$MemBlock@UQuickHullFace@local@@$00@local@@QAE@XZ 10022820 f i QuickHullConvexHullLib.obj
 0001:00021880       ??1?$MemBlock@UQuickHullHalfEdge@local@@$0A@@local@@QAE@XZ 10022880 f i QuickHullConvexHullLib.obj
 0001:000218e0       ??_GConvexHull@physx@@QAEPAXI@Z 100228e0 f i QuickHullConvexHullLib.obj
 0001:00021980       ??_EQuickHullConvexHullLib@physx@@UAEPAXI@Z 10022980 f i QuickHullConvexHullLib.obj
 0001:00021980       ??_GQuickHullConvexHullLib@physx@@UAEPAXI@Z 10022980 f i QuickHullConvexHullLib.obj
 0001:00021a30       ??__G@YGXPAX0IIP6EPAX00@Z@Z 10022a30 f i QuickHullConvexHullLib.obj
 0001:00021a70       ?allocate@?$Array@PAUQuickHullFace@local@@V?$ReflectionAllocator@PAUQuickHullFace@local@@@shdfnd@physx@@@shdfnd@physx@@IAEPAPAUQuickHullFace@local@@I@Z 10022a70 f i QuickHullConvexHullLib.obj
 0001:00021ae0       ?allocate@?$Array@PAUQuickHullHalfEdge@local@@V?$ReflectionAllocator@PAUQuickHullHalfEdge@local@@@shdfnd@physx@@@shdfnd@physx@@IAEPAPAUQuickHullHalfEdge@local@@I@Z 10022ae0 f i QuickHullConvexHullLib.obj
 0001:00021b50       ?allocate@?$Array@PAUQuickHullVertex@local@@V?$ReflectionAllocator@PAUQuickHullVertex@local@@@shdfnd@physx@@@shdfnd@physx@@IAEPAPAUQuickHullVertex@local@@I@Z 10022b50 f i QuickHullConvexHullLib.obj
 0001:00021bc0       ?allocate@?$Array@UExpandPoint@local@@V?$ReflectionAllocator@UExpandPoint@local@@@shdfnd@physx@@@shdfnd@physx@@IAEPAUExpandPoint@local@@I@Z 10022bc0 f i QuickHullConvexHullLib.obj
 0001:00021c30       ?copy@?$Array@UExpandPoint@local@@V?$ReflectionAllocator@UExpandPoint@local@@@shdfnd@physx@@@shdfnd@physx@@KAXPAUExpandPoint@local@@0PBU45@@Z 10022c30 f i QuickHullConvexHullLib.obj
 0001:00021cc0       ?getFreeItem@?$MemBlock@UQuickHullFace@local@@$00@local@@QAEPAUQuickHullFace@2@XZ 10022cc0 f i QuickHullConvexHullLib.obj
 0001:00021da0       ?getFreeItem@?$MemBlock@UQuickHullHalfEdge@local@@$0A@@local@@QAEPAUQuickHullHalfEdge@2@XZ 10022da0 f i QuickHullConvexHullLib.obj
 0001:00021e40       ?growAndPushBack@?$Array@PAUQuickHullFace@local@@V?$ReflectionAllocator@PAUQuickHullFace@local@@@shdfnd@physx@@@shdfnd@physx@@IAEAAPAUQuickHullFace@local@@ABQAU45@@Z 10022e40 f i QuickHullConvexHullLib.obj
 0001:00021ec0       ?growAndPushBack@?$Array@PAUQuickHullHalfEdge@local@@V?$ReflectionAllocator@PAUQuickHullHalfEdge@local@@@shdfnd@physx@@@shdfnd@physx@@IAEAAPAUQuickHullHalfEdge@local@@ABQAU45@@Z 10022ec0 f i QuickHullConvexHullLib.obj
 0001:00021f40       ?growAndPushBack@?$Array@PAUQuickHullVertex@local@@V?$ReflectionAllocator@PAUQuickHullVertex@local@@@shdfnd@physx@@@shdfnd@physx@@IAEAAPAUQuickHullVertex@local@@ABQAU45@@Z 10022f40 f i QuickHullConvexHullLib.obj
 0001:00021fc0       ?growAndPushBack@?$Array@UExpandPoint@local@@V?$ReflectionAllocator@UExpandPoint@local@@@shdfnd@physx@@@shdfnd@physx@@IAEAAUExpandPoint@local@@ABU45@@Z 10022fc0 f i QuickHullConvexHullLib.obj
 0001:000220b0       ?init@?$MemBlock@UQuickHullFace@local@@$00@local@@QAEXI@Z 100230b0 f i QuickHullConvexHullLib.obj
 0001:00022150       ?recreate@?$Array@PAUQuickHullFace@local@@V?$ReflectionAllocator@PAUQuickHullFace@local@@@shdfnd@physx@@@shdfnd@physx@@IAEXI@Z 10023150 f i QuickHullConvexHullLib.obj
 0001:000221b0       ?recreate@?$Array@PAUQuickHullHalfEdge@local@@V?$ReflectionAllocator@PAUQuickHullHalfEdge@local@@@shdfnd@physx@@@shdfnd@physx@@IAEXI@Z 100231b0 f i QuickHullConvexHullLib.obj
 0001:00022210       ?recreate@?$Array@PAUQuickHullVertex@local@@V?$ReflectionAllocator@PAUQuickHullVertex@local@@@shdfnd@physx@@@shdfnd@physx@@IAEXI@Z 10023210 f i QuickHullConvexHullLib.obj
 0001:00022270       ?recreate@?$Array@UExpandPoint@local@@V?$ReflectionAllocator@UExpandPoint@local@@@shdfnd@physx@@@shdfnd@physx@@IAEXI@Z 10023270 f i QuickHullConvexHullLib.obj
 0001:000222d0       ?computeVolumeIntegrals@physx@@YA_NABVPxSimpleTriangleMesh@1@MAAUPxIntegrals@1@@Z 100232d0 f   VolumeIntegration.obj
 0001:00022340       ?computeVolumeIntegralsEberly@physx@@YA_NABVPxConvexMeshDesc@1@MAAUPxIntegrals@1@ABVPxVec3@1@@Z 10023340 f   VolumeIntegration.obj
 0001:00022390       ?computeVolumeIntegralsEberlySIMD@physx@@YA_NABVPxConvexMeshDesc@1@MAAUPxIntegrals@1@ABVPxVec3@1@@Z 10023390 f   VolumeIntegration.obj
 0001:00024780       _PxSetPhysXCookingDelayLoadHook 10025780 f   WindowsCookingDelayLoadHook.obj
 0001:00024790       ?cookingDelayHook@@YGP6GHXZIPAUDelayLoadInfo@@@Z 10025790 f   WindowsCookingDelayLoadHook.obj
 0001:00024830       __imp_load_??0RadixSortBuffered@Cm@physx@@QAE@XZ 10025830 f   PhysXCommon_32:PhysXCommon_32.dll
 0001:0002483a       ??0RadixSortBuffered@Cm@physx@@QAE@XZ 1002583a f   PhysXCommon_32:PhysXCommon_32.dll
 0001:00024840       __tailMerge_physxcommon_32_dll 10025840     PhysXCommon_32:PhysXCommon_32.dll
 0001:00024851       __imp_load_??1RadixSortBuffered@Cm@physx@@UAE@XZ 10025851 f   PhysXCommon_32:PhysXCommon_32.dll
 0001:0002485b       ??1RadixSortBuffered@Cm@physx@@UAE@XZ 1002585b f   PhysXCommon_32:PhysXCommon_32.dll
 0001:00024861       __imp_load_?Sort@RadixSortBuffered@Cm@physx@@QAEAAV123@PBIIW4RadixHint@23@@Z 10025861 f   PhysXCommon_32:PhysXCommon_32.dll
 0001:0002486b       ?Sort@RadixSortBuffered@Cm@physx@@QAEAAV123@PBIIW4RadixHint@23@@Z 1002586b f   PhysXCommon_32:PhysXCommon_32.dll
 0001:00024871       __imp_load_?readDword@physx@@YAI_NAAVPxInputStream@1@@Z 10025871 f   PhysXCommon_32:PhysXCommon_32.dll
 0001:0002487b       ?readDword@physx@@YAI_NAAVPxInputStream@1@@Z 1002587b f   PhysXCommon_32:PhysXCommon_32.dll
 0001:00024881       __imp_load_?ReadHeader@Gu@physx@@YA_NEEEEAAIAA_NAAVPxInputStream@2@@Z 10025881 f   PhysXCommon_32:PhysXCommon_32.dll
 0001:0002488b       ?ReadHeader@Gu@physx@@YA_NEEEEAAIAA_NAAVPxInputStream@2@@Z 1002588b f   PhysXCommon_32:PhysXCommon_32.dll
 0001:00024891       __imp_load_??0HeightField@Gu@physx@@QAE@PAVGuMeshFactory@2@@Z 10025891 f   PhysXCommon_32:PhysXCommon_32.dll
 0001:0002489b       ??0HeightField@Gu@physx@@QAE@PAVGuMeshFactory@2@@Z 1002589b f   PhysXCommon_32:PhysXCommon_32.dll
 0001:000248a1       __imp_load_?loadFromDesc@HeightField@Gu@physx@@QAE_NABVPxHeightFieldDesc@3@@Z 100258a1 f   PhysXCommon_32:PhysXCommon_32.dll
 0001:000248ab       ?loadFromDesc@HeightField@Gu@physx@@QAE_NABVPxHeightFieldDesc@3@@Z 100258ab f   PhysXCommon_32:PhysXCommon_32.dll
 0001:000248b1       __imp_load_?computeCellCoordinates@HeightField@Gu@physx@@QBEIMMAAM0@Z 100258b1 f   PhysXCommon_32:PhysXCommon_32.dll
 0001:000248bb       ?computeCellCoordinates@HeightField@Gu@physx@@QBEIMMAAM0@Z 100258bb f   PhysXCommon_32:PhysXCommon_32.dll
 0001:000248c1       __imp_load_?releaseMemory@HeightField@Gu@physx@@QAEXXZ 100258c1 f   PhysXCommon_32:PhysXCommon_32.dll
 0001:000248cb       ?releaseMemory@HeightField@Gu@physx@@QAEXXZ 100258cb f   PhysXCommon_32:PhysXCommon_32.dll
 0001:000248d1       __imp_load_??1HeightField@Gu@physx@@UAE@XZ 100258d1 f   PhysXCommon_32:PhysXCommon_32.dll
 0001:000248db       ??1HeightField@Gu@physx@@UAE@XZ 100258db f   PhysXCommon_32:PhysXCommon_32.dll
 0001:000248e1       __imp_load_??0NodeAllocator@Gu@physx@@QAE@XZ 100258e1 f   PhysXCommon_32:PhysXCommon_32.dll
 0001:000248eb       ??0NodeAllocator@Gu@physx@@QAE@XZ 100258eb f   PhysXCommon_32:PhysXCommon_32.dll
 0001:000248f1       __imp_load_??1NodeAllocator@Gu@physx@@QAE@XZ 100258f1 f   PhysXCommon_32:PhysXCommon_32.dll
 0001:000248fb       ??1NodeAllocator@Gu@physx@@QAE@XZ 100258fb f   PhysXCommon_32:PhysXCommon_32.dll
 0001:00024901       __imp_load_?release@NodeAllocator@Gu@physx@@QAEXXZ 10025901 f   PhysXCommon_32:PhysXCommon_32.dll
 0001:0002490b       ?release@NodeAllocator@Gu@physx@@QAEXXZ 1002590b f   PhysXCommon_32:PhysXCommon_32.dll
 0001:00024911       __imp_load_?buildAABBTree@Gu@physx@@YA_NAAVAABBTreeBuildParams@12@AAVNodeAllocator@12@AAUBuildStats@12@AAPAI@Z 10025911 f   PhysXCommon_32:PhysXCommon_32.dll
 0001:0002491b       ?buildAABBTree@Gu@physx@@YA_NAAVAABBTreeBuildParams@12@AAVNodeAllocator@12@AAUBuildStats@12@AAPAI@Z 1002591b f   PhysXCommon_32:PhysXCommon_32.dll
 0001:00024921       __imp_load_?writeDword@physx@@YAXI_NAAVPxOutputStream@1@@Z 10025921 f   PhysXCommon_32:PhysXCommon_32.dll
 0001:0002492b       ?writeDword@physx@@YAXI_NAAVPxOutputStream@1@@Z 1002592b f   PhysXCommon_32:PhysXCommon_32.dll
 0001:00024931       __imp_load_?writeFloatBuffer@physx@@YAXPBMI_NAAVPxOutputStream@1@@Z 10025931 f   PhysXCommon_32:PhysXCommon_32.dll
 0001:0002493b       ?writeFloatBuffer@physx@@YAXPBMI_NAAVPxOutputStream@1@@Z 1002593b f   PhysXCommon_32:PhysXCommon_32.dll
 0001:00024941       __imp_load_?writeHeader@physx@@YA_NCCCCI_NAAVPxOutputStream@1@@Z 10025941 f   PhysXCommon_32:PhysXCommon_32.dll
 0001:0002494b       ?writeHeader@physx@@YA_NCCCCI_NAAVPxOutputStream@1@@Z 1002594b f   PhysXCommon_32:PhysXCommon_32.dll
 0001:00024951       __imp_load_?writeWord@physx@@YAXG_NAAVPxOutputStream@1@@Z 10025951 f   PhysXCommon_32:PhysXCommon_32.dll
 0001:0002495b       ?writeWord@physx@@YAXG_NAAVPxOutputStream@1@@Z 1002595b f   PhysXCommon_32:PhysXCommon_32.dll
 0001:00024961       __imp_load_?writeFloat@physx@@YAXM_NAAVPxOutputStream@1@@Z 10025961 f   PhysXCommon_32:PhysXCommon_32.dll
 0001:0002496b       ?writeFloat@physx@@YAXM_NAAVPxOutputStream@1@@Z 1002596b f   PhysXCommon_32:PhysXCommon_32.dll
 0001:00024971       __imp_load_?computeBoundsAroundVertices@Gu@physx@@YAXAAVPxBounds3@2@IPIBVPxVec3@2@@Z 10025971 f   PhysXCommon_32:PhysXCommon_32.dll
 0001:0002497b       ?computeBoundsAroundVertices@Gu@physx@@YAXAAVPxBounds3@2@IPIBVPxVec3@2@@Z 1002597b f   PhysXCommon_32:PhysXCommon_32.dll
 0001:00024981       __imp_load_??0SourceMesh@Gu@physx@@QAE@XZ 10025981 f   PhysXCommon_32:PhysXCommon_32.dll
 0001:0002498b       ??0SourceMesh@Gu@physx@@QAE@XZ 1002598b f   PhysXCommon_32:PhysXCommon_32.dll
 0001:00024991       __imp_load_??1SourceMesh@Gu@physx@@QAE@XZ 10025991 f   PhysXCommon_32:PhysXCommon_32.dll
 0001:0002499b       ??1SourceMesh@Gu@physx@@QAE@XZ 1002599b f   PhysXCommon_32:PhysXCommon_32.dll
 0001:000249a1       __imp_load_??0BV4Tree@Gu@physx@@QAE@XZ 100259a1 f   PhysXCommon_32:PhysXCommon_32.dll
 0001:000249ab       ??0BV4Tree@Gu@physx@@QAE@XZ 100259ab f   PhysXCommon_32:PhysXCommon_32.dll
 0001:000249b1       __imp_load_??1BV4Tree@Gu@physx@@QAE@XZ 100259b1 f   PhysXCommon_32:PhysXCommon_32.dll
 0001:000249bb       ??1BV4Tree@Gu@physx@@QAE@XZ 100259bb f   PhysXCommon_32:PhysXCommon_32.dll
 0001:000249c1       __imp_load_??0BV32Tree@Gu@physx@@QAE@XZ 100259c1 f   PhysXCommon_32:PhysXCommon_32.dll
 0001:000249cb       ??0BV32Tree@Gu@physx@@QAE@XZ 100259cb f   PhysXCommon_32:PhysXCommon_32.dll
 0001:000249d1       __imp_load_??1BV32Tree@Gu@physx@@QAE@XZ 100259d1 f   PhysXCommon_32:PhysXCommon_32.dll
 0001:000249db       ??1BV32Tree@Gu@physx@@QAE@XZ 100259db f   PhysXCommon_32:PhysXCommon_32.dll
 0001:000249e1       __imp_load_?writeWordBuffer@physx@@YAXPBGI_NAAVPxOutputStream@1@@Z 100259e1 f   PhysXCommon_32:PhysXCommon_32.dll
 0001:000249eb       ?writeWordBuffer@physx@@YAXPBGI_NAAVPxOutputStream@1@@Z 100259eb f   PhysXCommon_32:PhysXCommon_32.dll
 0001:000249f1       __imp_load_?computeMaxIndex@physx@@YAIPBII@Z 100259f1 f   PhysXCommon_32:PhysXCommon_32.dll
 0001:000249fb       ?computeMaxIndex@physx@@YAIPBII@Z 100259fb f   PhysXCommon_32:PhysXCommon_32.dll
 0001:00024a01       __imp_load_?storeIndices@physx@@YAXIIPBIAAVPxOutputStream@1@_N@Z 10025a01 f   PhysXCommon_32:PhysXCommon_32.dll
 0001:00024a0b       ?storeIndices@physx@@YAXIIPBIAAVPxOutputStream@1@_N@Z 10025a0b f   PhysXCommon_32:PhysXCommon_32.dll
 0001:00024a11       __imp_load_?BuildBV4Ex@Gu@physx@@YA_NAAVBV4Tree@12@AAVSourceMesh@12@MI@Z 10025a11 f   PhysXCommon_32:PhysXCommon_32.dll
 0001:00024a1b       ?BuildBV4Ex@Gu@physx@@YA_NAAVBV4Tree@12@AAVSourceMesh@12@MI@Z 10025a1b f   PhysXCommon_32:PhysXCommon_32.dll
 0001:00024a21       __imp_load_?BuildBV32Ex@Gu@physx@@YA_NAAVBV32Tree@12@AAVSourceMesh@12@MI@Z 10025a21 f   PhysXCommon_32:PhysXCommon_32.dll
 0001:00024a2b       ?BuildBV32Ex@Gu@physx@@YA_NAAVBV32Tree@12@AAVSourceMesh@12@MI@Z 10025a2b f   PhysXCommon_32:PhysXCommon_32.dll
 0001:00024a31       __imp_load_?computeMaxIndex@physx@@YAGPBGI@Z 10025a31 f   PhysXCommon_32:PhysXCommon_32.dll
 0001:00024a3b       ?computeMaxIndex@physx@@YAGPBGI@Z 10025a3b f   PhysXCommon_32:PhysXCommon_32.dll
 0001:00024a41       __imp_load_?WriteHeader@Gu@physx@@YA_NEEEEI_NAAVPxOutputStream@2@@Z 10025a41 f   PhysXCommon_32:PhysXCommon_32.dll
 0001:00024a4b       ?WriteHeader@Gu@physx@@YA_NEEEEI_NAAVPxOutputStream@2@@Z 10025a4b f   PhysXCommon_32:PhysXCommon_32.dll
 0001:00024a51       __imp_load_?StoreIndices@Gu@physx@@YAXGIPBGAAVPxOutputStream@2@_N@Z 10025a51 f   PhysXCommon_32:PhysXCommon_32.dll
 0001:00024a5b       ?StoreIndices@Gu@physx@@YAXGIPBGAAVPxOutputStream@2@_N@Z 10025a5b f   PhysXCommon_32:PhysXCommon_32.dll
 0001:00024a61       __imp_load_?CreateOffsets@BigConvexData@physx@@IAEXXZ 10025a61 f   PhysXCommon_32:PhysXCommon_32.dll
 0001:00024a6b       ?CreateOffsets@BigConvexData@physx@@IAEXXZ 10025a6b f   PhysXCommon_32:PhysXCommon_32.dll
 0001:00024a71       __imp_load_?computeOBBPoints@Gu@physx@@YAXPIAVPxVec3@2@ABV32@1111@Z 10025a71 f   PhysXCommon_32:PhysXCommon_32.dll
 0001:00024a7b       ?computeOBBPoints@Gu@physx@@YAXPIAVPxVec3@2@ABV32@1111@Z 10025a7b f   PhysXCommon_32:PhysXCommon_32.dll
 0001:00024a81       __imp_load_??0BigConvexData@physx@@QAE@XZ 10025a81 f   PhysXCommon_32:PhysXCommon_32.dll
 0001:00024a8b       ??0BigConvexData@physx@@QAE@XZ 10025a8b f   PhysXCommon_32:PhysXCommon_32.dll
 0001:00024a91       __imp_load_??1BigConvexData@physx@@QAE@XZ 10025a91 f   PhysXCommon_32:PhysXCommon_32.dll
 0001:00024a9b       ??1BigConvexData@physx@@QAE@XZ 10025a9b f   PhysXCommon_32:PhysXCommon_32.dll
 0001:00024aa1       __imp_load__PxGetFoundation 10025aa1 f   PhysXFoundation_32:PhysXFoundation_32.dll
 0001:00024aab       _PxGetFoundation           10025aab f   PhysXFoundation_32:PhysXFoundation_32.dll
 0001:00024ab1       __tailMerge_physxfoundation_32_dll 10025ab1     PhysXFoundation_32:PhysXFoundation_32.dll
 0001:00024ac2       __imp_load_?getAllocator@shdfnd@physx@@YAAAVPxAllocatorCallback@2@XZ 10025ac2 f   PhysXFoundation_32:PhysXFoundation_32.dll
 0001:00024acc       ?getAllocator@shdfnd@physx@@YAAAVPxAllocatorCallback@2@XZ 10025acc f   PhysXFoundation_32:PhysXFoundation_32.dll
 0001:00024ad2       __imp_load_?getInstance@Foundation@shdfnd@physx@@SAAAV123@XZ 10025ad2 f   PhysXFoundation_32:PhysXFoundation_32.dll
 0001:00024adc       ?getInstance@Foundation@shdfnd@physx@@SAAAV123@XZ 10025adc f   PhysXFoundation_32:PhysXFoundation_32.dll
 0001:00024ae2       __imp_load_?error@Foundation@shdfnd@physx@@QAAXW4Enum@PxErrorCode@3@PBDH1ZZ 10025ae2 f   PhysXFoundation_32:PhysXFoundation_32.dll
 0001:00024aec       ?error@Foundation@shdfnd@physx@@QAAXW4Enum@PxErrorCode@3@PBDH1ZZ 10025aec f   PhysXFoundation_32:PhysXFoundation_32.dll
 0001:00024af2       __imp_load_?incRefCount@Foundation@shdfnd@physx@@SAXXZ 10025af2 f   PhysXFoundation_32:PhysXFoundation_32.dll
 0001:00024afc       ?incRefCount@Foundation@shdfnd@physx@@SAXXZ 10025afc f   PhysXFoundation_32:PhysXFoundation_32.dll
 0001:00024b02       __imp_load_?decRefCount@Foundation@shdfnd@physx@@SAXXZ 10025b02 f   PhysXFoundation_32:PhysXFoundation_32.dll
 0001:00024b0c       ?decRefCount@Foundation@shdfnd@physx@@SAXXZ 10025b0c f   PhysXFoundation_32:PhysXFoundation_32.dll
 0001:00024b12       __imp_load_??0FPUGuard@shdfnd@physx@@QAE@XZ 10025b12 f   PhysXFoundation_32:PhysXFoundation_32.dll
 0001:00024b1c       ??0FPUGuard@shdfnd@physx@@QAE@XZ 10025b1c f   PhysXFoundation_32:PhysXFoundation_32.dll
 0001:00024b22       __imp_load_??1FPUGuard@shdfnd@physx@@QAE@XZ 10025b22 f   PhysXFoundation_32:PhysXFoundation_32.dll
 0001:00024b2c       ??1FPUGuard@shdfnd@physx@@QAE@XZ 10025b2c f   PhysXFoundation_32:PhysXFoundation_32.dll
 0001:00024b32       __imp_load_?allocate@TempAllocator@shdfnd@physx@@QAEPAXIPBDH@Z 10025b32 f   PhysXFoundation_32:PhysXFoundation_32.dll
 0001:00024b3c       ?allocate@TempAllocator@shdfnd@physx@@QAEPAXIPBDH@Z 10025b3c f   PhysXFoundation_32:PhysXFoundation_32.dll
 0001:00024b42       __imp_load_?deallocate@TempAllocator@shdfnd@physx@@QAEXPAX@Z 10025b42 f   PhysXFoundation_32:PhysXFoundation_32.dll
 0001:00024b4c       ?deallocate@TempAllocator@shdfnd@physx@@QAEXPAX@Z 10025b4c f   PhysXFoundation_32:PhysXFoundation_32.dll
 0001:00024b52       __imp_load_?PxDiagonalize@physx@@YA?AVPxVec3@1@ABVPxMat33@1@AAVPxQuat@1@@Z 10025b52 f   PhysXFoundation_32:PhysXFoundation_32.dll
 0001:00024b5c       ?PxDiagonalize@physx@@YA?AVPxVec3@1@ABVPxMat33@1@AAVPxQuat@1@@Z 10025b5c f   PhysXFoundation_32:PhysXFoundation_32.dll
 0001:00024b62       _LoadLibraryA@4            10025b62 f   kernel32:KERNEL32.dll
 0001:00024b68       ??$PFromRva@PAP6GHXZ@@YGPAP6GHXZK@Z 10025b68 f i Delayimp:delayhlp.obj
 0001:00024b7a       ??$PFromRva@PAPAUHINSTANCE__@@@@YGPAPAUHINSTANCE__@@K@Z 10025b7a f i Delayimp:delayhlp.obj
 0001:00024b8c       ??$PFromRva@PAU_IMAGE_IMPORT_BY_NAME@@@@YGPAU_IMAGE_IMPORT_BY_NAME@@K@Z 10025b8c f i Delayimp:delayhlp.obj
 0001:00024b9e       ??$PFromRva@PAU_IMAGE_THUNK_DATA32@@@@YGPAU_IMAGE_THUNK_DATA32@@K@Z 10025b9e f i Delayimp:delayhlp.obj
 0001:00024bb0       ??$PFromRva@PBD@@YGPBDK@Z  10025bb0 f i Delayimp:delayhlp.obj
 0001:00024bc2       ??$PFromRva@PBUImgDelayDescr@@@@YGPBUImgDelayDescr@@K@Z 10025bc2 f i Delayimp:delayhlp.obj
 0001:00024bd4       ??$PFromRva@PBU_IMAGE_THUNK_DATA32@@@@YGPBU_IMAGE_THUNK_DATA32@@K@Z 10025bd4 f i Delayimp:delayhlp.obj
 0001:00024be6       ?CountOfImports@@YGIPBU_IMAGE_THUNK_DATA32@@@Z 10025be6 f i Delayimp:delayhlp.obj
 0001:00024c01       ?DloadAcquireSectionWriteAccess@@YGXXZ 10025c01 f i Delayimp:delayhlp.obj
 0001:00024c34       ?DloadGetSRWLockFunctionPointers@@YGEXZ 10025c34 f i Delayimp:delayhlp.obj
 0001:00024ca7       ?DloadLock@@YGXXZ          10025ca7 f i Delayimp:delayhlp.obj
 0001:00024ce6       ?DloadMakePermanentImageCommit@@YGXPAXK@Z 10025ce6 f i Delayimp:delayhlp.obj
 0001:00024d55       ?DloadObtainSection@@YGPAXPAK0@Z 10025d55 f i Delayimp:delayhlp.obj
 0001:00024dd0       ?DloadProtectSection@@YGXKPAK@Z 10025dd0 f i Delayimp:delayhlp.obj
 0001:00024e3e       ?DloadReleaseSectionWriteAccess@@YGXXZ 10025e3e f i Delayimp:delayhlp.obj
 0001:00024e74       ?DloadUnlock@@YGXXZ        10025e74 f i Delayimp:delayhlp.obj
 0001:00024eb5       ?IndexFromPImgThunkData@@YGIPBU_IMAGE_THUNK_DATA32@@0@Z 10025eb5 f i Delayimp:delayhlp.obj
 0001:00025015       _HRESULT_FROM_WIN32@4      10026015 f i Delayimp:delayhlp.obj
 0001:0002502d       _ReadAcquire@4             1002602d f i Delayimp:delayhlp.obj
 0001:0002503b       _ReadPointerAcquire@4      1002603b f i Delayimp:delayhlp.obj
 0001:00025049       _WritePointerRelease@8     10026049 f i Delayimp:delayhlp.obj
 0001:0002505a       _WriteRelease@8            1002605a f i Delayimp:delayhlp.obj
 0001:0002506b       __InlineInterlockedCompareExchangePointer@12 1002606b f i Delayimp:delayhlp.obj
 0001:00025081       ___FUnloadDelayLoadedDLL2@4 10026081 f   Delayimp:delayhlp.obj
 0001:00025105       ___HrLoadAllImportsForDll@4 10026105 f   Delayimp:delayhlp.obj
 0001:00025166       ___delayLoadHelper2@8      10026166 f   Delayimp:delayhlp.obj
 0001:000253d5       ??3@YAXPAXI@Z              100263d5 f   MSVCRT:delete_scalar_size.obj
 0001:000253e3       ??_V@YAXPAXI@Z             100263e3 f   MSVCRT:delete_array_size.obj
 0001:000253f1       ??1type_info@@UAE@XZ       100263f1 f   MSVCRT:std_type_info_static.obj
 0001:000253f8       ??_Gtype_info@@UAEPAXI@Z   100263f8 f i MSVCRT:std_type_info_static.obj
 0001:000253f8       ??_Etype_info@@UAEPAXI@Z   100263f8 f i MSVCRT:std_type_info_static.obj
 0001:0002541b       ?__scrt_initialize_type_info@@YAXXZ 1002641b f   MSVCRT:tncleanup.obj
 0001:00025427       ?__scrt_uninitialize_type_info@@YAXXZ 10026427 f   MSVCRT:tncleanup.obj
 0001:00025440       __alloca_probe_16          10026440 f   MSVCRT:alloca16.obj
 0001:00025456       __alloca_probe_8           10026456     MSVCRT:alloca16.obj
 0001:0002546c       ??3@YAXPAX@Z               1002646c f   MSVCRT:delete_scalar.obj
 0001:00025471       ??_V@YAXPAX@Z              10026471 f   MSVCRT:delete_array.obj
 0001:00025480       __alloca_probe             10026480 f   MSVCRT:chkstk.obj
 0001:00025480       __chkstk                   10026480 f   MSVCRT:chkstk.obj
 0001:000254b0       __ftoui3                   100264b0 f   MSVCRT:ftol3.obj
 0001:000254f6       __ftoul3                   100264f6 f   MSVCRT:ftol3.obj
 0001:00025568       __ftol3                    10026568 f   MSVCRT:ftol3.obj
 0001:000255d5       __dtoui3                   100265d5 f   MSVCRT:ftol3.obj
 0001:00025649       __dtoul3                   10026649 f   MSVCRT:ftol3.obj
 0001:000256eb       __dtol3                    100266eb f   MSVCRT:ftol3.obj
 0001:000257a0       __ultod3                   100267a0 f   MSVCRT:ftol3.obj
 0001:00025800       __ltod3                    10026800 f   MSVCRT:ftol3.obj
 0001:00025850       ___vdecl_sinf4             10026850 f   MSVCRT:svml_ssinf4_dispatch.obj
 0001:00025862       ___libm_sse2_sincosf_      10026862 f   MSVCRT:svml_ssinf4_dispatch.obj
 0001:000258a5       ___libm_sse2_sincosf4_     100268a5 f   MSVCRT:svml_ssinf4_dispatch.obj
 0001:00025bed       __CRT_INIT@12              10026bed f   MSVCRT:dll_dllmain.obj
 0001:00025bf6       __DllMainCRTStartup@12     10026bf6 f   MSVCRT:dll_dllmain.obj
 0001:00025c19       @_guard_check_icall_nop@4  10026c19 f i MSVCRT:guard_support.obj
 0001:00025c1a       _ReadNoFence               10026c1a f i MSVCRT:guard_support.obj
 0001:00025c24       _ReadPointerNoFence        10026c24 f i MSVCRT:guard_support.obj
 0001:00025c2e       __guard_icall_checks_enforced 10026c2e f i MSVCRT:guard_support.obj
 0001:00025c40       ___isa_available_init      10026c40 f   MSVCRT:cpu_disp.obj
 0001:00025e10       ___sse2_sinf4@@16          10026e10 f   MSVCRT:svml_ssinf4_sse2.obj
 0001:00025fd0       ___sse4_sinf4@@16          10026fd0 f   MSVCRT:svml_ssinf4_sse4.obj
 0001:00026698       ___security_init_cookie    10027698 f   MSVCRT:gs_support.obj
 0001:000266e3       _DllMain@12                100276e3 f   MSVCRT:dll_dllmain_stub.obj
 0001:00026705       ___local_stdio_printf_options 10027705 f i MSVCRT:default_local_stdio_options.obj
 0001:0002670b       ___local_stdio_scanf_options 1002770b f i MSVCRT:default_local_stdio_options.obj
 0001:00026711       ___scrt_initialize_default_local_stdio_options 10027711 f   MSVCRT:default_local_stdio_options.obj
 0001:0002672e       ?configure_argv@__scrt_narrow_argv_policy@@SAHXZ 1002772e f i MSVCRT:utility.obj
 0001:0002677f       ?initialize_environment@__scrt_narrow_environment_policy@@SAHXZ 1002777f f i MSVCRT:utility.obj
[...]
 0002:00001e0c       _GS_ExceptionPointers      1002ae0c     MSVCRT:gs_report.obj
 0002:00002250       __sehtable$?dllmain_crt_process_attach@@YAHQAUHINSTANCE__@@QAX@Z 1002b250     MSVCRT:dll_dllmain.obj
 0002:00002270       __sehtable$?dllmain_crt_process_detach@@YAH_N@Z 1002b270     MSVCRT:dll_dllmain.obj
 0002:00002298       __sehtable$?dllmain_dispatch@@YAHQAUHINSTANCE__@@KQAX@Z 1002b298     MSVCRT:dll_dllmain.obj
 0002:000022b8       __sehtable$___scrt_is_nonwritable_in_current_image 1002b2b8     MSVCRT:utility.obj
 0002:00002e40       .edata                     1002be40     PhysXCooking_32.exp
 0002:00002e68       rgpv                       1002be68     PhysXCooking_32.exp
 0002:00003050       rgszName                   1002c050     PhysXCooking_32.exp
 0002:00003238       rgwOrd                     1002c238     PhysXCooking_32.exp
 0002:0000332c       szName                     1002c32c     PhysXCooking_32.exp
 0002:00003340       $N00001                    1002c340     PhysXCooking_32.exp
 0002:0000336d       $N00002                    1002c36d     PhysXCooking_32.exp
 0002:00003393       $N00003                    1002c393     PhysXCooking_32.exp
 0002:000033cc       $N00004                    1002c3cc     PhysXCooking_32.exp
 0002:000033f1       $N00005                    1002c3f1     PhysXCooking_32.exp
 0002:0000341c       $N00006                    1002c41c     PhysXCooking_32.exp
 0002:0000343b       $N00007                    1002c43b     PhysXCooking_32.exp
 0002:0000346d       $N00008                    1002c46d     PhysXCooking_32.exp
 0002:00003485       $N00009                    1002c485     PhysXCooking_32.exp
 0002:000034a4       $N00010                    1002c4a4     PhysXCooking_32.exp
 0002:000034cb       $N00011                    1002c4cb     PhysXCooking_32.exp
 0002:000034f0       $N00012                    1002c4f0     PhysXCooking_32.exp
 0002:0000351d       $N00013                    1002c51d     PhysXCooking_32.exp
 0002:00003548       $N00014                    1002c548     PhysXCooking_32.exp
 0002:00003578       $N00015                    1002c578     PhysXCooking_32.exp
 0002:0000359c       $N00016                    1002c59c     PhysXCooking_32.exp
 0002:000035c5       $N00017                    1002c5c5     PhysXCooking_32.exp
 0002:000035e9       $N00018                    1002c5e9     PhysXCooking_32.exp
 0002:00003607       $N00019                    1002c607     PhysXCooking_32.exp
 0002:0000363b       $N00020                    1002c63b     PhysXCooking_32.exp
 0002:00003663       $N00021                    1002c663     PhysXCooking_32.exp
 0002:00003689       $N00022                    1002c689     PhysXCooking_32.exp
 0002:000036b1       $N00023                    1002c6b1     PhysXCooking_32.exp
 0002:000036c9       $N00024                    1002c6c9     PhysXCooking_32.exp
 0002:000036ed       $N00025                    1002c6ed     PhysXCooking_32.exp
 0002:0000370b       $N00026                    1002c70b     PhysXCooking_32.exp
 0002:00003729       $N00027                    1002c729     PhysXCooking_32.exp
 0002:00003748       $N00028                    1002c748     PhysXCooking_32.exp
 0002:0000377b       $N00029                    1002c77b     PhysXCooking_32.exp
 0002:000037b0       $N00030                    1002c7b0     PhysXCooking_32.exp
 0002:000037e1       $N00031                    1002c7e1     PhysXCooking_32.exp
 0002:00003810       $N00032                    1002c810     PhysXCooking_32.exp
 0002:0000383a       $N00033                    1002c83a     PhysXCooking_32.exp
 0002:0000385f       $N00034                    1002c85f     PhysXCooking_32.exp
 0002:0000388d       $N00035                    1002c88d     PhysXCooking_32.exp
 0002:000038b9       $N00036                    1002c8b9     PhysXCooking_32.exp
 0002:000038e6       $N00037                    1002c8e6     PhysXCooking_32.exp
 0002:00003911       $N00038                    1002c911     PhysXCooking_32.exp
 0002:0000393f       $N00039                    1002c93f     PhysXCooking_32.exp
 0002:00003972       $N00040                    1002c972     PhysXCooking_32.exp
 0002:000039a3       $N00041                    1002c9a3     PhysXCooking_32.exp
 0002:000039d2       $N00042                    1002c9d2     PhysXCooking_32.exp
 0002:00003a01       $N00043                    1002ca01     PhysXCooking_32.exp
 0002:00003a2a       $N00044                    1002ca2a     PhysXCooking_32.exp
 0002:00003a46       $N00045                    1002ca46     PhysXCooking_32.exp
 0002:00003a6f       $N00046                    1002ca6f     PhysXCooking_32.exp
 0002:00003a92       $N00047                    1002ca92     PhysXCooking_32.exp
 0002:00003ac2       $N00048                    1002cac2     PhysXCooking_32.exp
 0002:00003ae8       $N00049                    1002cae8     PhysXCooking_32.exp
 0002:00003b15       $N00050                    1002cb15     PhysXCooking_32.exp
 0002:00003b3f       $N00051                    1002cb3f     PhysXCooking_32.exp
 0002:00003b6b       $N00052                    1002cb6b     PhysXCooking_32.exp
 0002:00003b93       $N00053                    1002cb93     PhysXCooking_32.exp
 0002:00003bc0       $N00054                    1002cbc0     PhysXCooking_32.exp
 0002:00003be8       $N00055                    1002cbe8     PhysXCooking_32.exp
 0002:00003c0f       $N00056                    1002cc0f     PhysXCooking_32.exp
 0002:00003c3b       $N00057                    1002cc3b     PhysXCooking_32.exp
 0002:00003c62       $N00058                    1002cc62     PhysXCooking_32.exp
 0002:00003c9b       $N00059                    1002cc9b     PhysXCooking_32.exp
 0002:00003cc4       $N00060                    1002ccc4     PhysXCooking_32.exp
 0002:00003cf7       $N00061                    1002ccf7     PhysXCooking_32.exp
 0002:00003d2b       $N00062                    1002cd2b     PhysXCooking_32.exp
 0002:00003d65       $N00063                    1002cd65     PhysXCooking_32.exp
 0002:00003dab       $N00064                    1002cdab     PhysXCooking_32.exp
 0002:00003df9       $N00065                    1002cdf9     PhysXCooking_32.exp
 0002:00003e2b       $N00066                    1002ce2b     PhysXCooking_32.exp
 0002:00003e5e       $N00067                    1002ce5e     PhysXCooking_32.exp
 0002:00003e93       $N00068                    1002ce93     PhysXCooking_32.exp
 0002:00003eb9       $N00069                    1002ceb9     PhysXCooking_32.exp
 0002:00003eff       $N00070                    1002ceff     PhysXCooking_32.exp
 0002:00003f44       $N00071                    1002cf44     PhysXCooking_32.exp
 0002:00003f9b       $N00072                    1002cf9b     PhysXCooking_32.exp
 0002:00003fe1       $N00073                    1002cfe1     PhysXCooking_32.exp
 0002:0000400b       $N00074                    1002d00b     PhysXCooking_32.exp
 0002:00004039       $N00075                    1002d039     PhysXCooking_32.exp
 0002:00004087       $N00076                    1002d087     PhysXCooking_32.exp
 0002:00004131       $N00077                    1002d131     PhysXCooking_32.exp
 0002:0000418d       $N00078                    1002d18d     PhysXCooking_32.exp
 0002:000041b8       $N00079                    1002d1b8     PhysXCooking_32.exp
 0002:000041e3       $N00080                    1002d1e3     PhysXCooking_32.exp
 0002:00004217       $N00081                    1002d217     PhysXCooking_32.exp
 0002:0000423f       $N00082                    1002d23f     PhysXCooking_32.exp
 0002:0000427a       $N00083                    1002d27a     PhysXCooking_32.exp
 0002:000042a5       $N00084                    1002d2a5     PhysXCooking_32.exp
 0002:000042d6       $N00085                    1002d2d6     PhysXCooking_32.exp
 0002:00004321       $N00086                    1002d321     PhysXCooking_32.exp
 0002:00004352       $N00087                    1002d352     PhysXCooking_32.exp
 0002:00004389       $N00088                    1002d389     PhysXCooking_32.exp
 0002:000043c0       $N00089                    1002d3c0     PhysXCooking_32.exp
 0002:000043fb       $N00090                    1002d3fb     PhysXCooking_32.exp
 0002:0000443d       $N00091                    1002d43d     PhysXCooking_32.exp
 0002:0000446b       $N00092                    1002d46b     PhysXCooking_32.exp
 0002:000044e2       $N00093                    1002d4e2     PhysXCooking_32.exp
 0002:0000453d       $N00094                    1002d53d     PhysXCooking_32.exp
 0002:00004568       $N00095                    1002d568     PhysXCooking_32.exp
 0002:0000459b       $N00096                    1002d59b     PhysXCooking_32.exp
 0002:000045d3       $N00097                    1002d5d3     PhysXCooking_32.exp
 0002:0000460f       $N00098                    1002d60f     PhysXCooking_32.exp
 0002:00004643       $N00099                    1002d643     PhysXCooking_32.exp
 0002:0000466f       $N00100                    1002d66f     PhysXCooking_32.exp
 0002:0000469b       $N00101                    1002d69b     PhysXCooking_32.exp
 0002:000046c4       $N00102                    1002d6c4     PhysXCooking_32.exp
 0002:000046ee       $N00103                    1002d6ee     PhysXCooking_32.exp
 0002:0000471a       $N00104                    1002d71a     PhysXCooking_32.exp
 0002:00004739       $N00105                    1002d739     PhysXCooking_32.exp
 0002:00004773       $N00106                    1002d773     PhysXCooking_32.exp
 0002:000047a3       $N00107                    1002d7a3     PhysXCooking_32.exp
 0002:000047d4       $N00108                    1002d7d4     PhysXCooking_32.exp
 0002:00004814       $N00109                    1002d814     PhysXCooking_32.exp
 0002:00004840       $N00110                    1002d840     PhysXCooking_32.exp
 0002:00004863       $N00111                    1002d863     PhysXCooking_32.exp
 0002:00004891       $N00112                    1002d891     PhysXCooking_32.exp
 0002:000048c2       $N00113                    1002d8c2     PhysXCooking_32.exp
 0002:000048e7       $N00114                    1002d8e7     PhysXCooking_32.exp
 0002:00004913       $N00115                    1002d913     PhysXCooking_32.exp
 0002:0000493a       $N00116                    1002d93a     PhysXCooking_32.exp
 0002:00004959       $N00117                    1002d959     PhysXCooking_32.exp
 0002:0000499d       $N00118                    1002d99d     PhysXCooking_32.exp
 0002:000049d9       $N00119                    1002d9d9     PhysXCooking_32.exp
 0002:00004a15       $N00120                    1002da15     PhysXCooking_32.exp
 0002:00004a46       $N00121                    1002da46     PhysXCooking_32.exp
 0002:00004a56       $N00122                    1002da56     PhysXCooking_32.exp
 0002:00004bdc       .idata$6                   1002dbdc     kernel32:KERNEL32.dll
 0002:00004c9a       .idata$6                   1002dc9a     vcruntime:VCRUNTIME140.dll
 0002:00004dfa       .idata$6                   1002ddfa     ucrt:api-ms-win-crt-math-l1-1-0.dll
 0002:00004e1a       .idata$6                   1002de1a     ucrt:api-ms-win-crt-heap-l1-1-0.dll
 0002:00004e3a       .idata$6                   1002de3a     ucrt:api-ms-win-crt-runtime-l1-1-0.dll
 0003:00000000       ?MAXDOT_MINANG@local@@3MB  1002f000     ConvexHullUtils.obj
 0003:00000004       ?MAXDOT_MINANG@local@@3MB  1002f004     QuickHullConvexHullLib.obj
 0003:000005e0       ?maxV3Error@_VecMathTests@aos@shdfnd@physx@@3T__m128@@B 1002f5e0     Cooking.obj
 0003:000005f0       ?minFError@_VecMathTests@aos@shdfnd@physx@@3T__m128@@B 1002f5f0     Cooking.obj
 0003:00000600       ?maxV4Error@_VecMathTests@aos@shdfnd@physx@@3T__m128@@B 1002f600     Cooking.obj
 0003:00000610       ?minV4Error@_VecMathTests@aos@shdfnd@physx@@3T__m128@@B 1002f610     Cooking.obj
 0003:00000620       ?minV3Error@_VecMathTests@aos@shdfnd@physx@@3T__m128@@B 1002f620     Cooking.obj
 0003:00000630       ?maxFError@_VecMathTests@aos@shdfnd@physx@@3T__m128@@B 1002f630     Cooking.obj
 0003:00000640       ?maxV3Error@_VecMathTests@aos@shdfnd@physx@@3T__m128@@B 1002f640     BVHStructureBuilder.obj
 0003:00000650       ?minFError@_VecMathTests@aos@shdfnd@physx@@3T__m128@@B 1002f650     BVHStructureBuilder.obj
 0003:00000660       ?maxV4Error@_VecMathTests@aos@shdfnd@physx@@3T__m128@@B 1002f660     BVHStructureBuilder.obj
 0003:00000670       ?minV4Error@_VecMathTests@aos@shdfnd@physx@@3T__m128@@B 1002f670     BVHStructureBuilder.obj
 0003:00000680       ?minV3Error@_VecMathTests@aos@shdfnd@physx@@3T__m128@@B 1002f680     BVHStructureBuilder.obj
 0003:00000690       ?maxFError@_VecMathTests@aos@shdfnd@physx@@3T__m128@@B 1002f690     BVHStructureBuilder.obj
 0003:000006a0       ?maxV3Error@_VecMathTests@aos@shdfnd@physx@@3T__m128@@B 1002f6a0     RTreeCooking.obj
 0003:000006b0       ?minFError@_VecMathTests@aos@shdfnd@physx@@3T__m128@@B 1002f6b0     RTreeCooking.obj
 0003:000006c0       ?maxV4Error@_VecMathTests@aos@shdfnd@physx@@3T__m128@@B 1002f6c0     RTreeCooking.obj
 0003:000006d0       ?minV4Error@_VecMathTests@aos@shdfnd@physx@@3T__m128@@B 1002f6d0     RTreeCooking.obj
 0003:000006e0       ?minV3Error@_VecMathTests@aos@shdfnd@physx@@3T__m128@@B 1002f6e0     RTreeCooking.obj
 0003:000006f0       ?maxFError@_VecMathTests@aos@shdfnd@physx@@3T__m128@@B 1002f6f0     RTreeCooking.obj
 0003:00000700       ?maxV3Error@_VecMathTests@aos@shdfnd@physx@@3T__m128@@B 1002f700     MeshBuilder.obj
 0003:00000710       ?minFError@_VecMathTests@aos@shdfnd@physx@@3T__m128@@B 1002f710     MeshBuilder.obj
 0003:00000720       ?maxV4Error@_VecMathTests@aos@shdfnd@physx@@3T__m128@@B 1002f720     MeshBuilder.obj
 0003:00000730       ?minV4Error@_VecMathTests@aos@shdfnd@physx@@3T__m128@@B 1002f730     MeshBuilder.obj
 0003:00000740       ?minV3Error@_VecMathTests@aos@shdfnd@physx@@3T__m128@@B 1002f740     MeshBuilder.obj
 0003:00000750       ?maxFError@_VecMathTests@aos@shdfnd@physx@@3T__m128@@B 1002f750     MeshBuilder.obj
 0003:00000760       ?maxV3Error@_VecMathTests@aos@shdfnd@physx@@3T__m128@@B 1002f760     TriangleMeshBuilder.obj
 0003:00000770       ?minFError@_VecMathTests@aos@shdfnd@physx@@3T__m128@@B 1002f770     TriangleMeshBuilder.obj
 0003:00000780       ?maxV4Error@_VecMathTests@aos@shdfnd@physx@@3T__m128@@B 1002f780     TriangleMeshBuilder.obj
 0003:00000790       ?minV4Error@_VecMathTests@aos@shdfnd@physx@@3T__m128@@B 1002f790     TriangleMeshBuilder.obj
 0003:000007a0       ?minV3Error@_VecMathTests@aos@shdfnd@physx@@3T__m128@@B 1002f7a0     TriangleMeshBuilder.obj
 0003:000007b0       ?maxFError@_VecMathTests@aos@shdfnd@physx@@3T__m128@@B 1002f7b0     TriangleMeshBuilder.obj
 0003:000007c0       ?maxV3Error@_VecMathTests@aos@shdfnd@physx@@3T__m128@@B 1002f7c0     BigConvexDataBuilder.obj
 0003:000007d0       ?minFError@_VecMathTests@aos@shdfnd@physx@@3T__m128@@B 1002f7d0     BigConvexDataBuilder.obj
 0003:000007e0       ?maxV4Error@_VecMathTests@aos@shdfnd@physx@@3T__m128@@B 1002f7e0     BigConvexDataBuilder.obj
 0003:000007f0       ?minV4Error@_VecMathTests@aos@shdfnd@physx@@3T__m128@@B 1002f7f0     BigConvexDataBuilder.obj
 0003:00000800       ?minV3Error@_VecMathTests@aos@shdfnd@physx@@3T__m128@@B 1002f800     BigConvexDataBuilder.obj
 0003:00000810       ?maxFError@_VecMathTests@aos@shdfnd@physx@@3T__m128@@B 1002f810     BigConvexDataBuilder.obj
 0003:00000820       ?maxV3Error@_VecMathTests@aos@shdfnd@physx@@3T__m128@@B 1002f820     ConvexHullBuilder.obj
 0003:00000830       ?minFError@_VecMathTests@aos@shdfnd@physx@@3T__m128@@B 1002f830     ConvexHullBuilder.obj
 0003:00000840       ?maxV4Error@_VecMathTests@aos@shdfnd@physx@@3T__m128@@B 1002f840     ConvexHullBuilder.obj
 0003:00000850       ?minV4Error@_VecMathTests@aos@shdfnd@physx@@3T__m128@@B 1002f850     ConvexHullBuilder.obj
 0003:00000860       ?minV3Error@_VecMathTests@aos@shdfnd@physx@@3T__m128@@B 1002f860     ConvexHullBuilder.obj
 0003:00000870       ?maxFError@_VecMathTests@aos@shdfnd@physx@@3T__m128@@B 1002f870     ConvexHullBuilder.obj
 0003:00000880       ?maxV3Error@_VecMathTests@aos@shdfnd@physx@@3T__m128@@B 1002f880     ConvexHullUtils.obj
 0003:00000890       ?minFError@_VecMathTests@aos@shdfnd@physx@@3T__m128@@B 1002f890     ConvexHullUtils.obj
 0003:000008a0       ?maxV4Error@_VecMathTests@aos@shdfnd@physx@@3T__m128@@B 1002f8a0     ConvexHullUtils.obj
 0003:000008b0       ?minV4Error@_VecMathTests@aos@shdfnd@physx@@3T__m128@@B 1002f8b0     ConvexHullUtils.obj
 0003:000008c0       ?minV3Error@_VecMathTests@aos@shdfnd@physx@@3T__m128@@B 1002f8c0     ConvexHullUtils.obj
 0003:000008d0       ?maxFError@_VecMathTests@aos@shdfnd@physx@@3T__m128@@B 1002f8d0     ConvexHullUtils.obj
 0003:000008e0       ?maxV3Error@_VecMathTests@aos@shdfnd@physx@@3T__m128@@B 1002f8e0     ConvexMeshBuilder.obj
 0003:000008f0       ?minFError@_VecMathTests@aos@shdfnd@physx@@3T__m128@@B 1002f8f0     ConvexMeshBuilder.obj
 0003:00000900       ?maxV4Error@_VecMathTests@aos@shdfnd@physx@@3T__m128@@B 1002f900     ConvexMeshBuilder.obj
 0003:00000910       ?minV4Error@_VecMathTests@aos@shdfnd@physx@@3T__m128@@B 1002f910     ConvexMeshBuilder.obj
 0003:00000920       ?minV3Error@_VecMathTests@aos@shdfnd@physx@@3T__m128@@B 1002f920     ConvexMeshBuilder.obj
 0003:00000930       ?maxFError@_VecMathTests@aos@shdfnd@physx@@3T__m128@@B 1002f930     ConvexMeshBuilder.obj
 0003:00000940       ?maxV3Error@_VecMathTests@aos@shdfnd@physx@@3T__m128@@B 1002f940     VolumeIntegration.obj
 0003:00000950       ?minFError@_VecMathTests@aos@shdfnd@physx@@3T__m128@@B 1002f950     VolumeIntegration.obj
 0003:00000960       ?maxV4Error@_VecMathTests@aos@shdfnd@physx@@3T__m128@@B 1002f960     VolumeIntegration.obj
 0003:00000970       ?minV4Error@_VecMathTests@aos@shdfnd@physx@@3T__m128@@B 1002f970     VolumeIntegration.obj
 0003:00000980       ?minV3Error@_VecMathTests@aos@shdfnd@physx@@3T__m128@@B 1002f980     VolumeIntegration.obj
 0003:00000990       ?maxFError@_VecMathTests@aos@shdfnd@physx@@3T__m128@@B 1002f990     VolumeIntegration.obj
 0003:000009a0       ?gCookingDelayLoadHook@@3PBVPxDelayLoadHook@physx@@B 1002f9a0     WindowsCookingDelayLoadHook.obj
 0003:000009d0       ?__proc_attached@@3HA      1002f9d0     MSVCRT:dll_dllmain.obj
 0003:000009f8       ?is_initialized_as_dll@@3_NA 1002f9f8     MSVCRT:utility.obj
 0003:000009f9       ?module_local_atexit_table_initialized@@3_NA 1002f9f9     MSVCRT:utility.obj
 0003:000009fc       ?module_local_atexit_table@@3U_onexit_table_t@@A 1002f9fc     MSVCRT:utility.obj
 0003:00000a08       ?module_local_at_quick_exit_table@@3U_onexit_table_t@@A 1002fa08     MSVCRT:utility.obj
 0003:00000a18       _GS_ExceptionRecord        1002fa18     MSVCRT:gs_report.obj
 0003:00000a68       _GS_ContextRecord          1002fa68     MSVCRT:gs_report.obj
 0004:00000000       _static_const_table        10030000     MSVCRT:svml_ssinf4_sse2.obj
 0004:00000100       __e02PI                    10030100     MSVCRT:svml_dtrig.obj
 0004:000002a0       __e04PI                    100302a0     MSVCRT:svml_dtrig.obj
 0004:00000430       _2il0floatpacket_0         10030430     MSVCRT:svml_dtrig.obj
 0004:00000440       _2il0floatpacket_1         10030440     MSVCRT:svml_dtrig.obj
 0004:00000448       __d02PI                    10030448     MSVCRT:svml_dtrig.obj
 0004:00000458       __DP4                      10030458     MSVCRT:svml_dtrig.obj
 0004:00000478       __dPI02                    10030478     MSVCRT:svml_dtrig.obj
 0004:00000488       __d04PI                    10030488     MSVCRT:svml_dtrig.obj
 0004:00000498       __QP4                      10030498     MSVCRT:svml_dtrig.obj
 0004:000004b8       __dPI04                    100304b8     MSVCRT:svml_dtrig.obj
 0004:00002600       __vmlsSinHATab             10032600     MSVCRT:svml_s_sin_cout.obj
 0005:000000a0       $R000000                   100330a0     PhysXCooking.res
 0005:000003d0       $R000330                   100333d0     PhysXCooking.res
